###############################################################################
#
# IAR ELF Linker V2.20.1.176 for STM8                     25/Jul/2018  19:41:24
# Copyright 2010-2015 IAR Systems AB.
#
#    Output file  =  
#        E:\1-source\4-A508_WCDMA_CORGET_CHINESE\PRJ\Debug\Exe\A508_DEMO1.out
#    Map file     =  
#        E:\1-source\4-A508_WCDMA_CORGET_CHINESE\PRJ\Debug\List\A508_DEMO1.map
#    Command line =  
#        E:\1-source\4-A508_WCDMA_CORGET_CHINESE\PRJ\Debug\Obj\ADC.o
#        E:\1-source\4-A508_WCDMA_CORGET_CHINESE\PRJ\Debug\Obj\ApiAtCmd.o
#        E:\1-source\4-A508_WCDMA_CORGET_CHINESE\PRJ\Debug\Obj\ApiBeidou.o
#        E:\1-source\4-A508_WCDMA_CORGET_CHINESE\PRJ\Debug\Obj\ApiDisplay.o
#        E:\1-source\4-A508_WCDMA_CORGET_CHINESE\PRJ\Debug\Obj\ApiGpsCmd.o
#        E:\1-source\4-A508_WCDMA_CORGET_CHINESE\PRJ\Debug\Obj\ApiKeyboard.o
#        E:\1-source\4-A508_WCDMA_CORGET_CHINESE\PRJ\Debug\Obj\ApiLED.o
#        E:\1-source\4-A508_WCDMA_CORGET_CHINESE\PRJ\Debug\Obj\ApiMenu.o
#        E:\1-source\4-A508_WCDMA_CORGET_CHINESE\PRJ\Debug\Obj\ApiPocCmd.o
#        E:\1-source\4-A508_WCDMA_CORGET_CHINESE\PRJ\Debug\Obj\Beep.o
#        E:\1-source\4-A508_WCDMA_CORGET_CHINESE\PRJ\Debug\Obj\CommonLib.o
#        E:\1-source\4-A508_WCDMA_CORGET_CHINESE\PRJ\Debug\Obj\Config.o
#        E:\1-source\4-A508_WCDMA_CORGET_CHINESE\PRJ\Debug\Obj\Delay.o
#        E:\1-source\4-A508_WCDMA_CORGET_CHINESE\PRJ\Debug\Obj\DrvGD83.o
#        E:\1-source\4-A508_WCDMA_CORGET_CHINESE\PRJ\Debug\Obj\DrvGT20L16S1Y.o
#        E:\1-source\4-A508_WCDMA_CORGET_CHINESE\PRJ\Debug\Obj\DrvHTG12832.o
#        E:\1-source\4-A508_WCDMA_CORGET_CHINESE\PRJ\Debug\Obj\DrvKeyboard.o
#        E:\1-source\4-A508_WCDMA_CORGET_CHINESE\PRJ\Debug\Obj\Flash_eeprom.o
#        E:\1-source\4-A508_WCDMA_CORGET_CHINESE\SRC\Syetem\GT20L16_STM8_DOUBLE_MEDIUM_IAR.a
#        E:\1-source\4-A508_WCDMA_CORGET_CHINESE\PRJ\Debug\Obj\GT20L16P1Y_D.o
#        E:\1-source\4-A508_WCDMA_CORGET_CHINESE\PRJ\Debug\Obj\KeyCmd.o
#        E:\1-source\4-A508_WCDMA_CORGET_CHINESE\PRJ\Debug\Obj\main.o
#        E:\1-source\4-A508_WCDMA_CORGET_CHINESE\PRJ\Debug\Obj\McuConfig.o
#        E:\1-source\4-A508_WCDMA_CORGET_CHINESE\PRJ\Debug\Obj\stm8s_adc2.o
#        E:\1-source\4-A508_WCDMA_CORGET_CHINESE\PRJ\Debug\Obj\stm8s_awu.o
#        E:\1-source\4-A508_WCDMA_CORGET_CHINESE\PRJ\Debug\Obj\stm8s_beep.o
#        E:\1-source\4-A508_WCDMA_CORGET_CHINESE\PRJ\Debug\Obj\stm8s_clk.o
#        E:\1-source\4-A508_WCDMA_CORGET_CHINESE\PRJ\Debug\Obj\stm8s_exti.o
#        E:\1-source\4-A508_WCDMA_CORGET_CHINESE\PRJ\Debug\Obj\stm8s_flash.o
#        E:\1-source\4-A508_WCDMA_CORGET_CHINESE\PRJ\Debug\Obj\stm8s_gpio.o
#        E:\1-source\4-A508_WCDMA_CORGET_CHINESE\PRJ\Debug\Obj\stm8s_i2c.o
#        E:\1-source\4-A508_WCDMA_CORGET_CHINESE\PRJ\Debug\Obj\stm8s_it.o
#        E:\1-source\4-A508_WCDMA_CORGET_CHINESE\PRJ\Debug\Obj\stm8s_itc.o
#        E:\1-source\4-A508_WCDMA_CORGET_CHINESE\PRJ\Debug\Obj\stm8s_iwdg.o
#        E:\1-source\4-A508_WCDMA_CORGET_CHINESE\PRJ\Debug\Obj\stm8s_rst.o
#        E:\1-source\4-A508_WCDMA_CORGET_CHINESE\PRJ\Debug\Obj\stm8s_spi.o
#        E:\1-source\4-A508_WCDMA_CORGET_CHINESE\PRJ\Debug\Obj\stm8s_tim1.o
#        E:\1-source\4-A508_WCDMA_CORGET_CHINESE\PRJ\Debug\Obj\stm8s_tim2.o
#        E:\1-source\4-A508_WCDMA_CORGET_CHINESE\PRJ\Debug\Obj\stm8s_tim3.o
#        E:\1-source\4-A508_WCDMA_CORGET_CHINESE\PRJ\Debug\Obj\stm8s_tim4.o
#        E:\1-source\4-A508_WCDMA_CORGET_CHINESE\PRJ\Debug\Obj\stm8s_uart1.o
#        E:\1-source\4-A508_WCDMA_CORGET_CHINESE\PRJ\Debug\Obj\stm8s_uart3.o
#        E:\1-source\4-A508_WCDMA_CORGET_CHINESE\PRJ\Debug\Obj\stm8s_wwdg.o
#        E:\1-source\4-A508_WCDMA_CORGET_CHINESE\PRJ\Debug\Obj\sysclock.o
#        E:\1-source\4-A508_WCDMA_CORGET_CHINESE\PRJ\Debug\Obj\System.o
#        E:\1-source\4-A508_WCDMA_CORGET_CHINESE\PRJ\Debug\Obj\Task.o
#        E:\1-source\4-A508_WCDMA_CORGET_CHINESE\PRJ\Debug\Obj\Tone.o
#        E:\1-source\4-A508_WCDMA_CORGET_CHINESE\PRJ\Debug\Obj\uart3.o
#        E:\1-source\4-A508_WCDMA_CORGET_CHINESE\PRJ\Debug\Obj\Voice.o
#        --redirect _Printf=_PrintfSmall --redirect _Scanf=_ScanfSmall -o
#        E:\1-source\4-A508_WCDMA_CORGET_CHINESE\PRJ\Debug\Exe\A508_DEMO1.out
#        --map
#        E:\1-source\4-A508_WCDMA_CORGET_CHINESE\PRJ\Debug\List\A508_DEMO1.map
#        --config "C:\Program Files\IAR Systems\Embedded Workbench
#        7.3\stm8\config\lnkstm8s007c8.icf" --config_def _CSTACK_SIZE=0x100
#        --config_def _HEAP_SIZE=0x00 --entry __iar_program_start --debug_lib
#
###############################################################################

*******************************************************************************
*** RUNTIME MODEL ATTRIBUTES
***

__SystemLibrary            = DLib
__code_model               = medium_or_large
__core                     = stm8
__data_model               = medium
__dlib_file_descriptor     = 0
__dlib_full_locale_support = 0
__rt_version               = 4


*******************************************************************************
*** PLACEMENT SUMMARY
***

"A1":  place at start of [0x000000-0x0000ff] { rw section .vregs };
"A2":  place at end of [0x000000-0x0017ff] { block CSTACK };
"P2":  place in [from 0x000000 to 0x0017ff] {
          block HEAP, rw section __DLIB_PERTHREAD, rw section .far.bss,
          rw section .far.data, rw section .far.noinit,
          rw section .far_func.textrw, rw section .huge.bss,
          rw section .huge.data, rw section .huge.noinit,
          rw section .huge_func.textrw, rw section .iar.dynexit,
          rw section .near.bss, rw section .near.data, rw section .near.noinit,
          rw section .near_func.textrw };
"A3":  place at start of [0x008000-0x00ffff] { block INTVEC };
"P3":  place in [from 0x008000 to 0x00ffff] {
          ro section __DLIB_PERTHREAD_init, ro section .far.data_init,
          ro section .far_func.textrw_init, ro section .huge.data_init,
          ro section .huge_func.textrw_init, ro section .iar.init_table,
          ro section .init_array, ro section .near.data_init,
          ro section .near.rodata, ro section .near_func.text,
          ro section .near_func.textrw_init, ro section .tiny.data_init,
          ro section .tiny.rodata_init };
"P4":  place in [from 0x008000 to 0x00ffff repeat 2] {
          ro section .far.rodata, ro section .far_func.text };

  Section            Kind      Address    Size  Object
  -------            ----      -------    ----  ------
"A1":                                     0x10
  .vregs             uninit   0x000000    0x10  vregs.o [5]
                            - 0x000010    0x10

"P2", part 1 of 2:                        0x95
  P2-1                        0x000010    0x95  <Init block>
    .near.data       inited   0x000010     0x2  ApiAtCmd.o [1]
    .near.data       inited   0x000012     0x2  ApiAtCmd.o [1]
    .near.data       inited   0x000014     0x2  ApiAtCmd.o [1]
    .near.data       inited   0x000016     0x2  ApiAtCmd.o [1]
    .near.data       inited   0x000018     0x2  ApiAtCmd.o [1]
    .near.data       inited   0x00001a     0x2  ApiAtCmd.o [1]
    .near.data       inited   0x00001c     0x2  ApiAtCmd.o [1]
    .near.data       inited   0x00001e     0x2  ApiAtCmd.o [1]
    .near.data       inited   0x000020     0x2  ApiAtCmd.o [1]
    .near.data       inited   0x000022     0x2  ApiAtCmd.o [1]
    .near.data       inited   0x000024     0x2  ApiAtCmd.o [1]
    .near.data       inited   0x000026     0x2  ApiAtCmd.o [1]
    .near.data       inited   0x000028     0x2  ApiDisplay.o [1]
    .near.data       inited   0x00002a     0x2  ApiDisplay.o [1]
    .near.data       inited   0x00002c     0x2  ApiDisplay.o [1]
    .near.data       inited   0x00002e     0x2  ApiDisplay.o [1]
    .near.data       inited   0x000030     0x2  ApiDisplay.o [1]
    .near.data       inited   0x000032     0x2  ApiDisplay.o [1]
    .near.data       inited   0x000034     0x2  ApiDisplay.o [1]
    .near.data       inited   0x000036     0x2  ApiDisplay.o [1]
    .near.data       inited   0x000038     0x2  ApiDisplay.o [1]
    .near.data       inited   0x00003a     0x2  ApiDisplay.o [1]
    .near.data       inited   0x00003c     0x2  ApiDisplay.o [1]
    .near.data       inited   0x00003e     0x2  ApiDisplay.o [1]
    .near.data       inited   0x000040     0x2  ApiDisplay.o [1]
    .near.data       inited   0x000042     0x2  ApiDisplay.o [1]
    .near.data       inited   0x000044     0x2  ApiDisplay.o [1]
    .near.data       inited   0x000046     0x2  ApiDisplay.o [1]
    .near.data       inited   0x000048     0x2  ApiDisplay.o [1]
    .near.data       inited   0x00004a     0x2  ApiDisplay.o [1]
    .near.data       inited   0x00004c     0x2  ApiDisplay.o [1]
    .near.data       inited   0x00004e     0x2  ApiDisplay.o [1]
    .near.data       inited   0x000050     0x2  ApiDisplay.o [1]
    .near.data       inited   0x000052     0x2  ApiDisplay.o [1]
    .near.data       inited   0x000054     0x1  ApiKeyboard.o [1]
    .near.data       inited   0x000055     0x2  ApiKeyboard.o [1]
    .near.data       inited   0x000057     0x2  ApiKeyboard.o [1]
    .near.data       inited   0x000059     0x1  ApiKeyboard.o [1]
    .near.data       inited   0x00005a     0x1  ApiKeyboard.o [1]
    .near.data       inited   0x00005b     0x1  ApiKeyboard.o [1]
    .near.data       inited   0x00005c     0x1  ApiKeyboard.o [1]
    .near.data       inited   0x00005d     0x2  ApiPocCmd.o [1]
    .near.data       inited   0x00005f     0x2  ApiPocCmd.o [1]
    .near.data       inited   0x000061     0x2  ApiPocCmd.o [1]
    .near.data       inited   0x000063     0x2  ApiPocCmd.o [1]
    .near.data       inited   0x000065     0x2  ApiPocCmd.o [1]
    .near.data       inited   0x000067     0x2  ApiPocCmd.o [1]
    .near.data       inited   0x000069     0x2  ApiPocCmd.o [1]
    .near.data       inited   0x00006b     0x2  ApiPocCmd.o [1]
    .near.data       inited   0x00006d     0x2  ApiPocCmd.o [1]
    .near.data       inited   0x00006f     0x2  ApiPocCmd.o [1]
    .near.data       inited   0x000071     0x2  ApiPocCmd.o [1]
    .near.data       inited   0x000073     0x2  DrvGD83.o [1]
    .near.data       inited   0x000075     0x2  DrvGD83.o [1]
    .near.data       inited   0x000077     0x2  DrvGD83.o [1]
    .near.data       inited   0x000079     0x2  DrvGD83.o [1]
    .near.data       inited   0x00007b     0x2  Task.o [1]
    .near.data       inited   0x00007d     0x2  Task.o [1]
    .near.data       inited   0x00007f     0x2  Task.o [1]
    .near.data       inited   0x000081     0x2  Voice.o [1]
    .near.data       inited   0x000083     0x2  Voice.o [1]
    .near.data       inited   0x000085     0x2  Voice.o [1]
    .near.data       inited   0x000087     0x2  Voice.o [1]
    .near.data       inited   0x000089     0x2  Voice.o [1]
    .near.data       inited   0x00008b     0x2  Voice.o [1]
    .near.data       inited   0x00008d     0x2  Voice.o [1]
    .near.data       inited   0x00008f     0x2  Voice.o [1]
    .near.data       inited   0x000091     0x2  Voice.o [1]
    .near.data       inited   0x000093     0x2  Voice.o [1]
    .near.data       inited   0x000095     0x2  Voice.o [1]
    .near.data       inited   0x000097     0x2  Voice.o [1]
    .near.data       inited   0x000099     0x2  Voice.o [1]
    .near.data       inited   0x00009b     0x2  Voice.o [1]
    .near.data       inited   0x00009d     0x2  Voice.o [1]
    .near.data       inited   0x00009f     0x2  Voice.o [1]
    .near.data       inited   0x0000a1     0x2  Voice.o [1]
    .near.data       inited   0x0000a3     0x2  Voice.o [1]
                            - 0x0000a5    0x95

"P2", part 2 of 2:                      0x132d
  .near.bss          zero     0x0000a5   0x8fe  ApiPocCmd.o [1]
  .near.bss          zero     0x0009a3   0x478  DrvGD83.o [1]
  .near.bss          zero     0x000e1b   0x200  ApiDisplay.o [1]
  .near.bss          zero     0x00101b   0x1c3  ApiGpsCmd.o [1]
  .near.bss          zero     0x0011de    0x75  uart3.o [1]
  .near.bss          zero     0x001253    0x4b  ApiBeidou.o [1]
  .near.bss          zero     0x00129e    0x40  ApiDisplay.o [1]
  .near.bss          zero     0x0012de    0x25  ApiAtCmd.o [1]
  .near.bss          zero     0x001303    0x22  Delay.o [1]
  .near.bss          zero     0x001325    0x1d  ApiBeidou.o [1]
  .near.bss          zero     0x001342    0x14  System.o [1]
  .near.bss          zero     0x001356    0x12  Beep.o [1]
  .near.bss          zero     0x001368    0x12  Tone.o [1]
  .near.bss          zero     0x00137a     0x6  ApiBeidou.o [1]
  .near.bss          zero     0x001380     0x6  Voice.o [1]
  .near.bss          zero     0x001386     0x4  uart3.o [1]
  .near.bss          zero     0x00138a     0x3  Task.o [1]
  .near.bss          zero     0x00138d     0x2  ApiDisplay.o [1]
  .near.bss          zero     0x00138f     0x2  Delay.o [1]
  .near.bss          zero     0x001391     0x2  Delay.o [1]
  .near.bss          zero     0x001393     0x2  Delay.o [1]
  .near.bss          zero     0x001395     0x2  DrvHTG12832.o [1]
  .near.bss          zero     0x001397     0x2  Tone.o [1]
  .near.bss          zero     0x001399     0x1  ADC.o [1]
  .near.bss          zero     0x00139a     0x1  ADC.o [1]
  .near.bss          zero     0x00139b     0x1  ADC.o [1]
  .near.bss          zero     0x00139c     0x1  ADC.o [1]
  .near.bss          zero     0x00139d     0x1  ADC.o [1]
  .near.bss          zero     0x00139e     0x1  ADC.o [1]
  .near.bss          zero     0x00139f     0x1  ADC.o [1]
  .near.bss          zero     0x0013a0     0x1  ApiAtCmd.o [1]
  .near.bss          zero     0x0013a1     0x1  ApiBeidou.o [1]
  .near.bss          zero     0x0013a2     0x1  ApiGpsCmd.o [1]
  .near.bss          zero     0x0013a3     0x1  ApiGpsCmd.o [1]
  .near.bss          zero     0x0013a4     0x1  ApiGpsCmd.o [1]
  .near.bss          zero     0x0013a5     0x1  ApiKeyboard.o [1]
  .near.bss          zero     0x0013a6     0x1  ApiKeyboard.o [1]
  .near.bss          zero     0x0013a7     0x1  ApiKeyboard.o [1]
  .near.bss          zero     0x0013a8     0x1  ApiKeyboard.o [1]
  .near.bss          zero     0x0013a9     0x1  ApiKeyboard.o [1]
  .near.bss          zero     0x0013aa     0x1  ApiKeyboard.o [1]
  .near.bss          zero     0x0013ab     0x1  ApiKeyboard.o [1]
  .near.bss          zero     0x0013ac     0x1  ApiKeyboard.o [1]
  .near.bss          zero     0x0013ad     0x1  ApiKeyboard.o [1]
  .near.bss          zero     0x0013ae     0x1  ApiKeyboard.o [1]
  .near.bss          zero     0x0013af     0x1  ApiKeyboard.o [1]
  .near.bss          zero     0x0013b0     0x1  ApiKeyboard.o [1]
  .near.bss          zero     0x0013b1     0x1  ApiKeyboard.o [1]
  .near.bss          zero     0x0013b2     0x1  ApiKeyboard.o [1]
  .near.bss          zero     0x0013b3     0x1  ApiKeyboard.o [1]
  .near.bss          zero     0x0013b4     0x1  ApiKeyboard.o [1]
  .near.bss          zero     0x0013b5     0x1  ApiKeyboard.o [1]
  .near.bss          zero     0x0013b6     0x1  ApiKeyboard.o [1]
  .near.bss          zero     0x0013b7     0x1  ApiKeyboard.o [1]
  .near.bss          zero     0x0013b8     0x1  ApiKeyboard.o [1]
  .near.bss          zero     0x0013b9     0x1  ApiKeyboard.o [1]
  .near.bss          zero     0x0013ba     0x1  ApiLED.o [1]
  .near.bss          zero     0x0013bb     0x1  ApiMenu.o [1]
  .near.bss          zero     0x0013bc     0x1  ApiMenu.o [1]
  .near.bss          zero     0x0013bd     0x1  ApiMenu.o [1]
  .near.bss          zero     0x0013be     0x1  ApiMenu.o [1]
  .near.bss          zero     0x0013bf     0x1  ApiMenu.o [1]
  .near.bss          zero     0x0013c0     0x1  ApiMenu.o [1]
  .near.bss          zero     0x0013c1     0x1  ApiMenu.o [1]
  .near.bss          zero     0x0013c2     0x1  ApiMenu.o [1]
  .near.bss          zero     0x0013c3     0x1  Delay.o [1]
  .near.bss          zero     0x0013c4     0x1  Delay.o [1]
  .near.bss          zero     0x0013c5     0x1  DrvGD83.o [1]
  .near.bss          zero     0x0013c6     0x1  stm8s_it.o [1]
  .near.bss          zero     0x0013c7     0x1  Task.o [1]
  .near.bss          zero     0x0013c8     0x1  Task.o [1]
  .near.bss          zero     0x0013c9     0x1  Task.o [1]
  .near.bss          zero     0x0013ca     0x1  Task.o [1]
  .near.bss          zero     0x0013cb     0x1  Task.o [1]
  .near.bss          zero     0x0013cc     0x1  Task.o [1]
  .near.bss          zero     0x0013cd     0x1  Task.o [1]
  .near.bss          zero     0x0013ce     0x1  Task.o [1]
  .near.bss          zero     0x0013cf     0x1  Task.o [1]
  .near.bss          zero     0x0013d0     0x1  Tone.o [1]
  .near.bss          zero     0x0013d1     0x1  uart3.o [1]
                            - 0x0013d2  0x132d

"A2":                                    0x100
  CSTACK                      0x001700   0x100  <Block>
    CSTACK           uninit   0x001700   0x100  <Block tail>
                            - 0x001800   0x100

"A3":                                     0x80
  INTVEC                      0x008000    0x80  <Block>
    .intvec          const    0x008000    0x80  interrupt.o [5]
                            - 0x008080    0x80

"P3":                                   0x295e
  .near.rodata       const    0x008080  0x1b00  GT20L16P1Y_D.o [1]
  .near.rodata       const    0x009b80   0x400  ApiDisplay.o [1]
  .near.rodata       const    0x009f80   0x1b0  GT20L16P1Y_D.o [1]
  .near.rodata       const    0x00a130   0x1b0  GT20L16P1Y_D.o [1]
  Initializer bytes  const    0x00a2e0    0x95  <for P2-1>
  .near_func.text    const    0x00a375    0x40  ApiDisplay.o [1]
  .near.rodata       const    0x00a3b5    0x3e  GT20L16P1Y.o [3]
  .near.rodata       const    0x00a3f3    0x2b  Task.o [1]
  .iar.init_table    const    0x00a41e    0x14  - Linker created -
  .near.rodata       const    0x00a432    0x20  KeyCmd.o [1]
  .near.rodata       const    0x00a452    0x1d  Voice.o [1]
  .near.rodata       const    0x00a46f    0x1d  Voice.o [1]
  .near.rodata       const    0x00a48c    0x1d  Voice.o [1]
  .near.rodata       const    0x00a4a9    0x1d  Voice.o [1]
  .near.rodata       const    0x00a4c6    0x1d  Voice.o [1]
  .near.rodata       const    0x00a4e3    0x1d  Voice.o [1]
  .near.rodata       const    0x00a500    0x19  Voice.o [1]
  .near.rodata       const    0x00a519    0x18  ApiKeyboard.o [1]
  .near.rodata       const    0x00a531    0x18  ApiKeyboard.o [1]
  .near.rodata       const    0x00a549    0x18  Task.o [1]
  .near.rodata       const    0x00a561    0x15  Voice.o [1]
  .near.rodata       const    0x00a576    0x15  Voice.o [1]
  .near.rodata       const    0x00a58b    0x14  Task.o [1]
  .near.rodata       const    0x00a59f    0x13  ApiAtCmd.o [1]
  .near.rodata       const    0x00a5b2    0x11  ApiDisplay.o [1]
  .near.rodata       const    0x00a5c3    0x11  ApiDisplay.o [1]
  .near.rodata       const    0x00a5d4    0x11  ApiDisplay.o [1]
  .near.rodata       const    0x00a5e5    0x11  ApiDisplay.o [1]
  .near.rodata       const    0x00a5f6    0x11  ApiDisplay.o [1]
  .near.rodata       const    0x00a607    0x11  ApiDisplay.o [1]
  .near.rodata       const    0x00a618    0x11  ApiDisplay.o [1]
  .near.rodata       const    0x00a629    0x11  ApiDisplay.o [1]
  .near.rodata       const    0x00a63a    0x11  ApiDisplay.o [1]
  .near.rodata       const    0x00a64b    0x11  ApiDisplay.o [1]
  .near.rodata       const    0x00a65c    0x11  ApiDisplay.o [1]
  .near.rodata       const    0x00a66d    0x11  ApiDisplay.o [1]
  .near.rodata       const    0x00a67e    0x11  ApiDisplay.o [1]
  .near.rodata       const    0x00a68f    0x11  ApiDisplay.o [1]
  .near.rodata       const    0x00a6a0    0x11  ApiDisplay.o [1]
  .near.rodata       const    0x00a6b1    0x11  ApiDisplay.o [1]
  .near.rodata       const    0x00a6c2    0x11  ApiDisplay.o [1]
  .near.rodata       const    0x00a6d3    0x11  ApiDisplay.o [1]
  .near.rodata       const    0x00a6e4    0x11  ApiDisplay.o [1]
  .near.rodata       const    0x00a6f5    0x11  ApiDisplay.o [1]
  .near.rodata       const    0x00a706    0x11  ApiKeyboard.o [1]
  .near.rodata       const    0x00a717    0x11  ApiMenu.o [1]
  .near.rodata       const    0x00a728    0x11  ApiMenu.o [1]
  .near.rodata       const    0x00a739    0x11  ApiMenu.o [1]
  .near.rodata       const    0x00a74a    0x11  ApiMenu.o [1]
  .near.rodata       const    0x00a75b    0x11  ApiMenu.o [1]
  .near.rodata       const    0x00a76c    0x11  ApiMenu.o [1]
  .near.rodata       const    0x00a77d    0x11  ApiMenu.o [1]
  .near.rodata       const    0x00a78e    0x11  ApiMenu.o [1]
  .near.rodata       const    0x00a79f    0x11  ApiPocCmd.o [1]
  .near.rodata       const    0x00a7b0    0x11  ApiPocCmd.o [1]
  .near.rodata       const    0x00a7c1    0x11  CommonLib.o [1]
  .near.rodata       const    0x00a7d2    0x11  KeyCmd.o [1]
  .near.rodata       const    0x00a7e3    0x11  Task.o [1]
  .near.rodata       const    0x00a7f4    0x11  Voice.o [1]
  .near.rodata       const    0x00a805    0x11  Voice.o [1]
  .near.rodata       const    0x00a816    0x11  Voice.o [1]
  .near.rodata       const    0x00a827    0x11  Voice.o [1]
  .near.rodata       const    0x00a838    0x11  Voice.o [1]
  .near.rodata       const    0x00a849    0x11  Voice.o [1]
  .near.rodata       const    0x00a85a    0x10  ApiDisplay.o [1]
  .near.rodata       const    0x00a86a    0x10  ApiDisplay.o [1]
  .near.rodata       const    0x00a87a    0x10  uart3.o [1]
  .near.rodata       const    0x00a88a     0xf  ApiPocCmd.o [1]
  .near.rodata       const    0x00a899     0xe  ApiAtCmd.o [1]
  .near.rodata       const    0x00a8a7     0xd  Voice.o [1]
  .near.rodata       const    0x00a8b4     0xd  Voice.o [1]
  .near.rodata       const    0x00a8c1     0xd  Voice.o [1]
  .near.rodata       const    0x00a8ce     0xc  ApiAtCmd.o [1]
  .near.rodata       const    0x00a8da     0xc  ApiAtCmd.o [1]
  .near.rodata       const    0x00a8e6     0xb  ApiPocCmd.o [1]
  .near.rodata       const    0x00a8f1     0xa  ApiAtCmd.o [1]
  .near.rodata       const    0x00a8fb     0x9  ApiAtCmd.o [1]
  .near.rodata       const    0x00a904     0x9  DrvGD83.o [1]
  .near.rodata       const    0x00a90d     0x8  ApiAtCmd.o [1]
  .near.rodata       const    0x00a915     0x8  ApiAtCmd.o [1]
  .near.rodata       const    0x00a91d     0x8  ApiDisplay.o [1]
  .near.rodata       const    0x00a925     0x8  ApiPocCmd.o [1]
  .near.rodata       const    0x00a92d     0x7  ApiAtCmd.o [1]
  .near.rodata       const    0x00a934     0x7  ApiAtCmd.o [1]
  .near.rodata       const    0x00a93b     0x7  ApiPocCmd.o [1]
  .near.rodata       const    0x00a942     0x7  ApiPocCmd.o [1]
  .near.rodata       const    0x00a949     0x7  ApiPocCmd.o [1]
  .near.rodata       const    0x00a950     0x7  ApiPocCmd.o [1]
  .near.rodata       const    0x00a957     0x7  ApiPocCmd.o [1]
  .near.rodata       const    0x00a95e     0x7  ApiPocCmd.o [1]
  .near.rodata       const    0x00a965     0x7  ApiPocCmd.o [1]
  .near.rodata       const    0x00a96c     0x7  ApiPocCmd.o [1]
  .near.rodata       const    0x00a973     0x7  ApiPocCmd.o [1]
  .near.rodata       const    0x00a97a     0x7  DrvGD83.o [1]
  .near.rodata       const    0x00a981     0x6  ApiAtCmd.o [1]
  .near.rodata       const    0x00a987     0x6  DrvGD83.o [1]
  .near.rodata       const    0x00a98d     0x5  ApiAtCmd.o [1]
  .near.rodata       const    0x00a992     0x4  ApiDisplay.o [1]
  .near.rodata       const    0x00a996     0x4  ApiDisplay.o [1]
  .near.rodata       const    0x00a99a     0x4  ApiDisplay.o [1]
  .near.rodata       const    0x00a99e     0x4  ApiDisplay.o [1]
  .near.rodata       const    0x00a9a2     0x4  ApiDisplay.o [1]
  .near.rodata       const    0x00a9a6     0x4  ApiMenu.o [1]
  .near.rodata       const    0x00a9aa     0x4  ApiMenu.o [1]
  .near.rodata       const    0x00a9ae     0x4  ApiMenu.o [1]
  .near.rodata       const    0x00a9b2     0x4  ApiMenu.o [1]
  .near.rodata       const    0x00a9b6     0x4  ApiMenu.o [1]
  .near.rodata       const    0x00a9ba     0x4  ApiMenu.o [1]
  .near.rodata       const    0x00a9be     0x4  ApiMenu.o [1]
  .near.rodata       const    0x00a9c2     0x4  ApiPocCmd.o [1]
  .near.rodata       const    0x00a9c6     0x4  stm8s_clk.o [1]
  .near.rodata       const    0x00a9ca     0x4  uart3.o [1]
  .near.rodata       const    0x00a9ce     0x4  uart3.o [1]
  .near.rodata       const    0x00a9d2     0x3  ApiPocCmd.o [1]
  .near.rodata       const    0x00a9d5     0x3  DrvGD83.o [1]
  .near.rodata       const    0x00a9d8     0x3  uart3.o [1]
  .near.rodata       const    0x00a9db     0x3  uart3.o [1]
                            - 0x00a9de  0x295e

"P4", part 1 of 2:                      0x4576
  .far_func.text     ro code  0x00a9de   0x9d0  ApiKeyboard.o [1]
  .far_func.text     ro code  0x00b3ae   0x823  DrvGD83.o [1]
  .far_func.text     ro code  0x00bbd1   0x5ae  ApiPocCmd.o [1]
  .far_func.text     ro code  0x00c17f   0x58f  ApiPocCmd.o [1]
  .far_func.text     ro code  0x00c70e   0x589  Delay.o [1]
  .far_func.text     ro code  0x00cc97   0x45e  ApiGpsCmd.o [1]
  .far_func.text     ro code  0x00d0f5   0x3df  Task.o [1]
  .far_func.text     ro code  0x00d4d4   0x325  ApiDisplay.o [1]
  .far_func.text     ro code  0x00d7f9   0x30f  Beep.o [1]
  .far_func.text     ro code  0x00db08   0x2ff  ApiGpsCmd.o [1]
  .far_func.text     ro code  0x00de07   0x2cd  GT20L16P1Y.o [3]
  .far_func.text     ro code  0x00e0d4   0x2bc  ADC.o [1]
  .far_func.text     ro code  0x00e390   0x28b  ApiMenu.o [1]
  .far_func.text     ro code  0x00e61b   0x252  DrvHTG12832.o [1]
  .far_func.text     ro code  0x00e86d   0x251  GT20L16P1Y.o [3]
  .far_func.text     ro code  0x00eabe   0x24d  ApiGpsCmd.o [1]
  .far_func.text     ro code  0x00ed0b   0x249  Voice.o [1]
                            - 0x00ef54  0x4576

"P4", part 2 of 2:                      0x61bd
  .far_func.text     ro code  0x010000   0x22c  Config.o [1]
  .far_func.text     ro code  0x01022c   0x211  DrvKeyboard.o [1]
  .far_func.text     ro code  0x01043d   0x20b  float.o [5]
  .far_func.text     ro code  0x010648   0x1eb  ApiBeidou.o [1]
  .far_func.text     ro code  0x010833   0x1e3  ApiPocCmd.o [1]
  .far_func.text     ro code  0x010a16   0x1e3  ApiPocCmd.o [1]
  .far_func.text     ro code  0x010bf9   0x1d7  ApiMenu.o [1]
  .far_func.text     ro code  0x010dd0   0x1d4  ApiGpsCmd.o [1]
  .far_func.text     ro code  0x010fa4   0x1b2  uart3.o [1]
  .far_func.text     ro code  0x011156   0x1b1  Task.o [1]
  .far_func.text     ro code  0x011307   0x1af  long.o [5]
  .far_func.text     ro code  0x0114b6   0x185  GT20L16P1Y.o [3]
  .far_func.text     ro code  0x01163b   0x17b  ApiPocCmd.o [1]
  .far_func.text     ro code  0x0117b6   0x17b  ApiPocCmd.o [1]
  .far_func.text     ro code  0x011931   0x17b  ApiPocCmd.o [1]
  .far_func.text     ro code  0x011aac   0x165  ApiGpsCmd.o [1]
  .far_func.text     ro code  0x011c11   0x15c  vreg_util.o [5]
  .far_func.text     ro code  0x011d6d   0x159  stm8s_uart1.o [1]
  .far_func.text     ro code  0x011ec6   0x155  ApiAtCmd.o [1]
  .far_func.text     ro code  0x01201b   0x150  ApiMenu.o [1]
  .far_func.text     ro code  0x01216b   0x148  DrvKeyboard.o [1]
  .far_func.text     ro code  0x0122b3   0x13f  DrvKeyboard.o [1]
  .far_func.text     ro code  0x0123f2   0x13b  DrvGT20L16S1Y.o [1]
  .far_func.text     ro code  0x01252d   0x134  CommonLib.o [1]
  .far_func.text     ro code  0x012661   0x134  DrvGT20L16S1Y.o [1]
  .far_func.text     ro code  0x012795   0x12a  stm8s_uart3.o [1]
  .far_func.text     ro code  0x0128bf   0x11a  System.o [1]
  .far_func.text     ro code  0x0129d9   0x103  stm8s_itc.o [1]
  .far_func.text     ro code  0x012adc    0xfa  CommonLib.o [1]
  .far_func.text     ro code  0x012bd6    0xf3  uart3.o [1]
  .far_func.text     ro code  0x012cc9    0xeb  DrvGD83.o [1]
  .far_func.text     ro code  0x012db4    0xe9  uart3.o [1]
  .far_func.text     ro code  0x012e9d    0xe5  ApiKeyboard.o [1]
  .far_func.text     ro code  0x012f82    0xdf  uart3.o [1]
  .far_func.text     ro code  0x013061    0xd9  ApiDisplay.o [1]
  .far_func.text     ro code  0x01313a    0xd0  ApiPocCmd.o [1]
  .far_func.text     ro code  0x01320a    0xc8  ApiDisplay.o [1]
  .far_func.text     ro code  0x0132d2    0xba  uart3.o [1]
  .far_func.text     ro code  0x01338c    0xb6  stm8s_uart3.o [1]
  .far_func.text     ro code  0x013442    0xb5  ApiAtCmd.o [1]
  .far_func.text     ro code  0x0134f7    0xb2  CommonLib.o [1]
  .far_func.text     ro code  0x0135a9    0xb0  ApiDisplay.o [1]
  .far_func.text     ro code  0x013659    0xaf  stm8s_gpio.o [1]
  .far_func.text     ro code  0x013708    0xad  uart3.o [1]
  .far_func.text     ro code  0x0137b5    0xa5  Task.o [1]
  .far_func.text     ro code  0x01385a    0xa3  Delay.o [1]
  .far_func.text     ro code  0x0138fd    0xa2  stm8s_clk.o [1]
  .far_func.text     ro code  0x01399f    0x9b  ApiLED.o [1]
  .far_func.text     ro code  0x013a3a    0x99  stm8s_tim1.o [1]
  .far_func.text     ro code  0x013ad3    0x97  ApiDisplay.o [1]
  .far_func.text     ro code  0x013b6a    0x96  CommonLib.o [1]
  .far_func.text     ro code  0x013c00    0x96  DrvKeyboard.o [1]
  .far_func.text     ro code  0x013c96    0x95  uart3.o [1]
  .far_func.text     ro code  0x013d2b    0x92  stm8s_uart1.o [1]
  .far_func.text     ro code  0x013dbd    0x8f  Tone.o [1]
  .far_func.text     ro code  0x013e4c    0x8f  uart3.o [1]
  .far_func.text     ro code  0x013edb    0x8e  ApiPocCmd.o [1]
  .far_func.text     ro code  0x013f69    0x8d  stm8s_uart3.o [1]
  .far_func.text     ro code  0x013ff6    0x8c  ApiAtCmd.o [1]
  .far_func.text     ro code  0x014082    0x88  ApiDisplay.o [1]
  .far_func.text     ro code  0x01410a    0x83  ApiBeidou.o [1]
  .far_func.text     ro code  0x01418d    0x82  stm8s_adc2.o [1]
  .far_func.text     ro code  0x01420f    0x80  DrvGD83.o [1]
  .far_func.text     ro code  0x01428f    0x73  ApiAtCmd.o [1]
  .far_func.text     ro code  0x014302    0x73  Delay.o [1]
  .far_func.text     ro code  0x014375    0x72  DrvKeyboard.o [1]
  .far_func.text     ro code  0x0143e7    0x72  long_util.o [5]
  .far_func.text     ro code  0x014459    0x71  Delay.o [1]
  .far_func.text     ro code  0x0144ca    0x71  Voice.o [1]
  .far_func.text     ro code  0x01453b    0x6e  uart3.o [1]
  .far_func.text     ro code  0x0145a9    0x6d  stm8s_uart1.o [1]
  .far_func.text     ro code  0x014616    0x6d  Tone.o [1]
  .far_func.text     ro code  0x014683    0x6b  Tone.o [1]
  .far_func.text     ro code  0x0146ee    0x69  uart3.o [1]
  .far_func.text     ro code  0x014757    0x67  ApiBeidou.o [1]
  .far_func.text     ro code  0x0147be    0x65  ApiBeidou.o [1]
  .far_func.text     ro code  0x014823    0x64  ApiDisplay.o [1]
  .far_func.text     ro code  0x014887    0x64  ApiGpsCmd.o [1]
  .far_func.text     ro code  0x0148eb    0x64  CommonLib.o [1]
  .far_func.text     ro code  0x01494f    0x61  ApiDisplay.o [1]
  .far_func.text     ro code  0x0149b0    0x61  KeyCmd.o [1]
  .far_func.text     ro code  0x014a11    0x61  stm8s_tim1.o [1]
  .far_func.text     ro code  0x014a72    0x60  ApiPocCmd.o [1]
  .far_func.text     ro code  0x014ad2    0x5e  CommonLib.o [1]
  .far_func.text     ro code  0x014b30    0x5c  GT20L16P1Y_D.o [1]
  .far_func.text     ro code  0x014b8c    0x5c  uart3.o [1]
  .far_func.text     ro code  0x014be8    0x58  stm8s_clk.o [1]
  .far_func.text     ro code  0x014c40    0x58  dc_util.o [5]
  .far_func.text     ro code  0x014c98    0x57  ApiDisplay.o [1]
  .far_func.text     ro code  0x014cef    0x55  ApiBeidou.o [1]
  .far_func.text     ro code  0x014d44    0x55  Delay.o [1]
  .far_func.text     ro code  0x014d99    0x54  stm8s_adc2.o [1]
  .far_func.text     ro code  0x014ded    0x52  uart3.o [1]
  .far_func.text     ro code  0x014e3f    0x52  Voice.o [1]
  .far_func.text     ro code  0x014e91    0x50  Flash_eeprom.o [1]
  .far_func.text     ro code  0x014ee1    0x4f  ApiDisplay.o [1]
  .far_func.text     ro code  0x014f30    0x4f  Flash_eeprom.o [1]
  .far_func.text     ro code  0x014f7f    0x4f  uart3.o [1]
  .far_func.text     ro code  0x014fce    0x4e  ApiPocCmd.o [1]
  .far_func.text     ro code  0x01501c    0x4e  ApiPocCmd.o [1]
  .far_func.text     ro code  0x01506a    0x4e  CommonLib.o [1]
  .far_func.text     ro code  0x0150b8    0x4a  DrvGD83.o [1]
  .far_func.text     ro code  0x015102    0x4a  DrvGD83.o [1]
  .far_func.text     ro code  0x01514c    0x4a  DrvGD83.o [1]
  .far_func.text     ro code  0x015196    0x4a  DrvGD83.o [1]
  .far_func.text     ro code  0x0151e0    0x49  stm8s_uart3.o [1]
  .far_func.text     ro code  0x015229    0x48  Flash_eeprom.o [1]
  .far_func.text     ro code  0x015271    0x48  GT20L16P1Y_D.o [1]
  .far_func.text     ro code  0x0152b9    0x48  GT20L16P1Y_D.o [1]
  .far_func.text     ro code  0x015301    0x47  GT20L16P1Y.o [3]
  .far_func.text     ro code  0x015348    0x45  Flash_eeprom.o [1]
  .far_func.text     ro code  0x01538d    0x44  ApiPocCmd.o [1]
  .far_func.text     ro code  0x0153d1    0x44  short.o [5]
  .far_func.text     ro code  0x015415    0x43  stm8s_it.o [1]
  .far_func.text     ro code  0x015458    0x43  stm8s_tim1.o [1]
  .far_func.text     ro code  0x01549b    0x43  System.o [1]
  .far_func.text     ro code  0x0154de    0x40  Task.o [1]
  .far_func.text     ro code  0x01551e    0x3e  Flash_eeprom.o [1]
  .far_func.text     ro code  0x01555c    0x3d  DrvGD83.o [1]
  .far_func.text     ro code  0x015599    0x3b  ADC.o [1]
  .far_func.text     ro code  0x0155d4    0x3b  McuConfig.o [1]
  .far_func.text     ro code  0x01560f    0x39  uart3.o [1]
  .far_func.text     ro code  0x015648    0x38  Beep.o [1]
  .far_func.text     ro code  0x015680    0x38  DrvGT20L16S1Y.o [1]
  .far_func.text     ro code  0x0156b8    0x36  stm8s_flash.o [1]
  .far_func.text     ro code  0x0156ee    0x36  sysclock.o [1]
  .far_func.text     ro code  0x015724    0x36  memcmp.o [5]
  .far_func.text     ro code  0x01575a    0x35  ApiPocCmd.o [1]
  .far_func.text     ro code  0x01578f    0x34  McuConfig.o [1]
  .far_func.text     ro code  0x0157c3    0x32  stm8s_uart1.o [1]
  .far_func.text     ro code  0x0157f5    0x30  stm8s_adc2.o [1]
  .far_func.text     ro code  0x015825    0x2f  stm8s_adc2.o [1]
  .far_func.text     ro code  0x015854    0x2d  stm8s_uart1.o [1]
  .far_func.text     ro code  0x015881    0x2c  DrvGD83.o [1]
  .far_func.text     ro code  0x0158ad    0x2b  sysclock.o [1]
  .far_func.text     ro code  0x0158d8    0x29  Delay.o [1]
  .far_func.text     ro code  0x015901    0x29  McuConfig.o [1]
  .far_func.text     ro code  0x01592a    0x28  ApiAtCmd.o [1]
  .far_func.text     ro code  0x015952    0x28  ApiAtCmd.o [1]
  .far_func.text     ro code  0x01597a    0x28  ApiPocCmd.o [1]
  .far_func.text     ro code  0x0159a2    0x28  ApiPocCmd.o [1]
  .far_func.text     ro code  0x0159ca    0x28  stm8s_flash.o [1]
  .far_func.text     ro code  0x0159f2    0x28  init_small.o [5]
  .far_func.text     ro code  0x015a1a    0x27  ADC.o [1]
  .far_func.text     ro code  0x015a41    0x27  main.o [1]
  .far_func.text     ro code  0x015a68    0x27  McuConfig.o [1]
  .far_func.text     ro code  0x015a8f    0x26  GT20L16P1Y_D.o [1]
  .far_func.text     ro code  0x015ab5    0x26  stm8s_it.o [1]
  .far_func.text     ro code  0x015adb    0x26  Tone.o [1]
  .far_func.text     ro code  0x015b01    0x26  memcpy.o [5]
  .far_func.text     ro code  0x015b27    0x25  stm8s_flash.o [1]
  .far_func.text     ro code  0x015b4c    0x25  stm8s_uart3.o [1]
  .far_func.text     ro code  0x015b71    0x25  move.o [5]
  .far_func.text     ro code  0x015b96    0x24  stm8s_tim1.o [1]
  .far_func.text     ro code  0x015bba    0x24  Task.o [1]
  .far_func.text     ro code  0x015bde    0x22  ADC.o [1]
  .far_func.text     ro code  0x015c00    0x21  ApiGpsCmd.o [1]
  .far_func.text     ro code  0x015c21    0x21  stm8s_adc2.o [1]
  .far_func.text     ro code  0x015c42    0x21  stm8s_it.o [1]
  .far_func.text     ro code  0x015c63    0x20  ApiPocCmd.o [1]
  .far_func.text     ro code  0x015c83    0x20  KeyCmd.o [1]
  .far_func.text     ro code  0x015ca3    0x1f  sysclock.o [1]
  .far_func.text     ro code  0x015cc2    0x1e  init.o [5]
  .far_func.text     ro code  0x015ce0    0x1e  init_small.o [5]
  .far_func.text     ro code  0x015cfe    0x1d  Task.o [1]
  .far_func.text     ro code  0x015d1b    0x1c  Beep.o [1]
  .far_func.text     ro code  0x015d37    0x1c  Delay.o [1]
  .far_func.text     ro code  0x015d53    0x1b  stm8s_it.o [1]
  .far_func.text     ro code  0x015d6e    0x19  ApiAtCmd.o [1]
  .far_func.text     ro code  0x015d87    0x19  McuConfig.o [1]
  .far_func.text     ro code  0x015da0    0x19  McuConfig.o [1]
  .far_func.text     ro code  0x015db9    0x19  McuConfig.o [1]
  .far_func.text     ro code  0x015dd2    0x19  McuConfig.o [1]
  .far_func.text     ro code  0x015deb    0x19  McuConfig.o [1]
  .far_func.text     ro code  0x015e04    0x17  ApiDisplay.o [1]
  .far_func.text     ro code  0x015e1b    0x17  cstartup.o [5]
  .far_func.text     ro code  0x015e32    0x17  memset.o [5]
  .far_func.text     ro code  0x015e49    0x16  stm8s_flash.o [1]
  .far_func.text     ro code  0x015e5f    0x16  __dbg_xxexit.o [4]
  .far_func.text     ro code  0x015e75    0x15  ApiPocCmd.o [1]
  .far_func.text     ro code  0x015e8a    0x14  stm8s_flash.o [1]
  .far_func.text     ro code  0x015e9e    0x13  stm8s_adc2.o [1]
  .far_func.text     ro code  0x015eb1    0x13  stm8s_clk.o [1]
  .far_func.text     ro code  0x015ec4    0x13  stm8s_tim1.o [1]
  .far_func.text     ro code  0x015ed7    0x13  stm8s_tim3.o [1]
  .far_func.text     ro code  0x015eea    0x12  KeyCmd.o [1]
  .far_func.text     ro code  0x015efc    0x12  uart3.o [1]
  .far_func.text     ro code  0x015f0e    0x12  strlen.o [5]
  .far_func.text     ro code  0x015f20    0x10  ApiAtCmd.o [1]
  .far_func.text     ro code  0x015f30    0x10  uart3.o [1]
  .far_func.text     ro code  0x015f40     0xf  Voice.o [1]
  .far_func.text     ro code  0x015f4f     0xe  far_util.o [5]
  .far_func.text     ro code  0x015f5d     0xd  ApiAtCmd.o [1]
  .far_func.text     ro code  0x015f6a     0xd  McuConfig.o [1]
  .far_func.text     ro code  0x015f77     0xd  McuConfig.o [1]
  .far_func.text     ro code  0x015f84     0xd  McuConfig.o [1]
  .far_func.text     ro code  0x015f91     0xd  McuConfig.o [1]
  .far_func.text     ro code  0x015f9e     0xd  stm8s_adc2.o [1]
  .far_func.text     ro code  0x015fab     0xd  stm8s_tim1.o [1]
  .far_func.text     ro code  0x015fb8     0xd  stm8s_tim1.o [1]
  .far_func.text     ro code  0x015fc5     0xd  stm8s_tim1.o [1]
  .far_func.text     ro code  0x015fd2     0xd  stm8s_tim1.o [1]
  .far_func.text     ro code  0x015fdf     0xd  stm8s_tim3.o [1]
  .far_func.text     ro code  0x015fec     0xd  stm8s_tim3.o [1]
  .far_func.text     ro code  0x015ff9     0xd  stm8s_uart1.o [1]
  .far_func.text     ro code  0x016006     0xd  stm8s_uart3.o [1]
  .far_func.text     ro code  0x016013     0xc  ApiAtCmd.o [1]
  .far_func.text     ro code  0x01601f     0xc  ApiAtCmd.o [1]
  .far_func.text     ro code  0x01602b     0xc  stm8s_tim3.o [1]
  .far_func.text     ro code  0x016037     0xb  ApiAtCmd.o [1]
  .far_func.text     ro code  0x016042     0xb  ApiAtCmd.o [1]
  .far_func.text     ro code  0x01604d     0xb  stm8s_flash.o [1]
  .far_func.text     ro code  0x016058     0xa  ApiAtCmd.o [1]
  .far_func.text     ro code  0x016062     0x9  stm8s_gpio.o [1]
  .far_func.text     ro code  0x01606b     0x9  stm8s_tim1.o [1]
  .far_func.text     ro code  0x016074     0x9  stm8s_tim3.o [1]
  .far_func.text     ro code  0x01607d     0x9  Tone.o [1]
  .far_func.text     ro code  0x016086     0x7  ApiBeidou.o [1]
  .far_func.text     ro code  0x01608d     0x7  ApiBeidou.o [1]
  .far_func.text     ro code  0x016094     0x7  ApiBeidou.o [1]
  .far_func.text     ro code  0x01609b     0x7  ApiBeidou.o [1]
  .far_func.text     ro code  0x0160a2     0x7  ApiBeidou.o [1]
  .far_func.text     ro code  0x0160a9     0x7  ApiPocCmd.o [1]
  .far_func.text     ro code  0x0160b0     0x7  ApiPocCmd.o [1]
  .far_func.text     ro code  0x0160b7     0x7  ApiPocCmd.o [1]
  .far_func.text     ro code  0x0160be     0x7  ApiPocCmd.o [1]
  .far_func.text     ro code  0x0160c5     0x7  stm8s_flash.o [1]
  .far_func.text     ro code  0x0160cc     0x7  stm8s_gpio.o [1]
  .far_func.text     ro code  0x0160d3     0x6  char.o [5]
  .far_func.text     ro code  0x0160d9     0x6  cexit.o [5]
  .far_func.text     ro code  0x0160df     0x5  ApiPocCmd.o [1]
  .far_func.text     ro code  0x0160e4     0x5  stm8s_adc2.o [1]
  .far_func.text     ro code  0x0160e9     0x5  stm8s_flash.o [1]
  .far_func.text     ro code  0x0160ee     0x5  stm8s_flash.o [1]
  .far_func.text     ro code  0x0160f3     0x5  stm8s_tim1.o [1]
  .far_func.text     ro code  0x0160f8     0x5  stm8s_tim3.o [1]
  .far_func.text     ro code  0x0160fd     0x4  ApiAtCmd.o [1]
  .far_func.text     ro code  0x016101     0x4  ApiAtCmd.o [1]
  .far_func.text     ro code  0x016105     0x4  ApiBeidou.o [1]
  .far_func.text     ro code  0x016109     0x4  ApiPocCmd.o [1]
  .far_func.text     ro code  0x01610d     0x4  ApiPocCmd.o [1]
  .far_func.text     ro code  0x016111     0x4  ApiPocCmd.o [1]
  .far_func.text     ro code  0x016115     0x4  ApiPocCmd.o [1]
  .far_func.text     ro code  0x016119     0x4  ApiPocCmd.o [1]
  .far_func.text     ro code  0x01611d     0x4  ApiPocCmd.o [1]
  .far_func.text     ro code  0x016121     0x4  ApiPocCmd.o [1]
  .far_func.text     ro code  0x016125     0x4  ApiPocCmd.o [1]
  .far_func.text     ro code  0x016129     0x4  ApiPocCmd.o [1]
  .far_func.text     ro code  0x01612d     0x4  ApiPocCmd.o [1]
  .far_func.text     ro code  0x016131     0x4  ApiPocCmd.o [1]
  .far_func.text     ro code  0x016135     0x4  ApiPocCmd.o [1]
  .far_func.text     ro code  0x016139     0x4  ApiPocCmd.o [1]
  .far_func.text     ro code  0x01613d     0x4  ApiPocCmd.o [1]
  .far_func.text     ro code  0x016141     0x4  ApiPocCmd.o [1]
  .far_func.text     ro code  0x016145     0x4  ApiPocCmd.o [1]
  .far_func.text     ro code  0x016149     0x4  ApiPocCmd.o [1]
  .far_func.text     ro code  0x01614d     0x4  ApiPocCmd.o [1]
  .far_func.text     ro code  0x016151     0x4  ApiPocCmd.o [1]
  .far_func.text     ro code  0x016155     0x4  ApiPocCmd.o [1]
  .far_func.text     ro code  0x016159     0x4  ApiPocCmd.o [1]
  .far_func.text     ro code  0x01615d     0x4  ApiPocCmd.o [1]
  .far_func.text     ro code  0x016161     0x4  Delay.o [1]
  .far_func.text     ro code  0x016165     0x4  Delay.o [1]
  .far_func.text     ro code  0x016169     0x4  Delay.o [1]
  .far_func.text     ro code  0x01616d     0x4  stm8s_gpio.o [1]
  .far_func.text     ro code  0x016171     0x4  stm8s_uart1.o [1]
  .far_func.text     ro code  0x016175     0x4  stm8s_uart1.o [1]
  .far_func.text     ro code  0x016179     0x4  stm8s_uart3.o [1]
  .far_func.text     ro code  0x01617d     0x4  stm8s_uart3.o [1]
  .far_func.text     ro code  0x016181     0x4  System.o [1]
  .far_func.text     ro code  0x016185     0x4  System.o [1]
  .far_func.text     ro code  0x016189     0x4  Task.o [1]
  .far_func.text     ro code  0x01618d     0x4  Task.o [1]
  .far_func.text     ro code  0x016191     0x4  Task.o [1]
  .far_func.text     ro code  0x016195     0x4  Task.o [1]
  .far_func.text     ro code  0x016199     0x4  interrupt.o [5]
  .far_func.text     ro code  0x01619d     0x4  exit.o [5]
  .far_func.text     ro code  0x0161a1     0x3  low_level_init.o [5]
  .far_func.text     ro code  0x0161a4     0x3  unhandled_exception.o [5]
  .far_func.text     ro code  0x0161a7     0x1  ApiKeyboard.o [1]
  .far_func.text     ro code  0x0161a8     0x1  stm8s_it.o [1]
  .far_func.text     ro code  0x0161a9     0x1  stm8s_it.o [1]
  .far_func.text     ro code  0x0161aa     0x1  stm8s_it.o [1]
  .far_func.text     ro code  0x0161ab     0x1  stm8s_it.o [1]
  .far_func.text     ro code  0x0161ac     0x1  stm8s_it.o [1]
  .far_func.text     ro code  0x0161ad     0x1  stm8s_it.o [1]
  .far_func.text     ro code  0x0161ae     0x1  stm8s_it.o [1]
  .far_func.text     ro code  0x0161af     0x1  stm8s_it.o [1]
  .far_func.text     ro code  0x0161b0     0x1  stm8s_it.o [1]
  .far_func.text     ro code  0x0161b1     0x1  stm8s_it.o [1]
  .far_func.text     ro code  0x0161b2     0x1  stm8s_it.o [1]
  .far_func.text     ro code  0x0161b3     0x1  stm8s_it.o [1]
  .far_func.text     ro code  0x0161b4     0x1  stm8s_it.o [1]
  .far_func.text     ro code  0x0161b5     0x1  stm8s_it.o [1]
  .far_func.text     ro code  0x0161b6     0x1  stm8s_it.o [1]
  .far_func.text     ro code  0x0161b7     0x1  stm8s_it.o [1]
  .far_func.text     ro code  0x0161b8     0x1  stm8s_it.o [1]
  .far_func.text     ro code  0x0161b9     0x1  stm8s_it.o [1]
  .far_func.text     ro code  0x0161ba     0x1  stm8s_it.o [1]
  .far_func.text     ro code  0x0161bb     0x1  stm8s_it.o [1]
  .far_func.text     ro code  0x0161bc     0x1  __dbg_break.o [4]
                            - 0x0161bd  0x61bd


*******************************************************************************
*** INIT TABLE
***

          Address   Size
          -------   ----
Zero (__iar_zero_init2)
    1 destination range, total size 0x132d:
          0x0000a5  0x132d

Copy (__iar_copy_init2)
    1 source range, total size 0x95:
          0x00a2e0    0x95
    1 destination range, total size 0x95:
          0x000010    0x95



*******************************************************************************
*** MODULE SUMMARY
***

    Module                 ro code  ro data  rw data
    ------                 -------  -------  -------
E:\1-source\4-A508_WCDMA_CORGET_CHINESE\PRJ\Debug\Obj: [1]
    ADC.o                      832                 7
    ApiAtCmd.o                 975      141       62
    ApiBeidou.o                950               111
    ApiDisplay.o             2 071    1 532      622
    ApiGpsCmd.o              3 432               454
    ApiKeyboard.o            2 742       74       30
    ApiLED.o                   155                 1
    ApiMenu.o                1 458      164        8
    ApiPocCmd.o              5 957      160    2 324
    Beep.o                     867                18
    CommonLib.o              1 158       17
    Config.o                   556
    Delay.o                  1 974                42
    DrvGD83.o                2 847       33    1 153
    DrvGT20L16S1Y.o            679
    DrvHTG12832.o              594                 2
    DrvKeyboard.o            1 440
    Flash_eeprom.o             362
    GT20L16P1Y_D.o             274    7 776
    KeyCmd.o                   147       49
    McuConfig.o                368
    System.o                   357                20
    Task.o                   1 734      110       18
    Tone.o                     406                21
    Voice.o                    795      418       42
    main.o                      39
    stm8s_adc2.o               379
    stm8s_clk.o                269        4
    stm8s_flash.o              201
    stm8s_gpio.o               195
    stm8s_it.o                 185                 1
    stm8s_itc.o                259
    stm8s_tim1.o               438
    stm8s_tim3.o                71
    stm8s_uart1.o              716
    stm8s_uart3.o              752
    sysclock.o                 128
    uart3.o                  2 343       30      122
    ------------------------------------------------
    Total:                  39 105   10 508    5 058

command line: [2]
    ------------------------------------------------
    Total:

GT20L16_STM8_DOUBLE_MEDIUM_IAR.a: [3]
    GT20L16P1Y.o             1 770       62
    ------------------------------------------------
    Total:                   1 770       62

dbgstm8mmd.a: [4]
    __dbg_break.o                1
    __dbg_xxexit.o              22
    ------------------------------------------------
    Total:                      23

dlstm8mmn.a: [5]
    cexit.o                      6
    char.o                       6
    cstartup.o                  23
    dc_util.o                   88
    exit.o                       4
    far_util.o                  14
    float.o                    523
    init.o                      30
    init_small.o                70
    interrupt.o                  4      128
    long.o                     431
    long_util.o                114
    low_level_init.o             3
    memcmp.o                    54
    memcpy.o                    38
    memset.o                    23
    move.o                      37
    short.o                     68
    strlen.o                    18
    unhandled_exception.o        3
    vreg_util.o                348
    vregs.o                                       16
    ------------------------------------------------
    Total:                   1 905      128       16

    Linker created                       20      256
----------------------------------------------------
    Grand Total:            42 803   10 718    5 330


*******************************************************************************
*** ENTRY LIST
***

Entry                    Address    Size  Type      Object
-----                    -------    ----  ----      ------
.iar.init_table$$Base   0x00a41e           --   Gb  - Linker created -
.iar.init_table$$Limit  0x00a432           --   Gb  - Linker created -
?add32_l0_l0_0x         0x01130a          Code  Gb  long.o [5]
?add32_l0_l0_l1         0x011307          Code  Gb  long.o [5]
?and32_l0_l0_0x         0x011456          Code  Gb  long.o [5]
?and32_l0_l0_l1         0x011453          Code  Gb  long.o [5]
?b0                     0x000000          Data  Gb  vregs.o [5]
?b1                     0x000001          Data  Gb  vregs.o [5]
?b10                    0x00000a          Data  Gb  vregs.o [5]
?b11                    0x00000b          Data  Gb  vregs.o [5]
?b12                    0x00000c          Data  Gb  vregs.o [5]
?b13                    0x00000d          Data  Gb  vregs.o [5]
?b14                    0x00000e          Data  Gb  vregs.o [5]
?b15                    0x00000f          Data  Gb  vregs.o [5]
?b2                     0x000002          Data  Gb  vregs.o [5]
?b3                     0x000003          Data  Gb  vregs.o [5]
?b4                     0x000004          Data  Gb  vregs.o [5]
?b5                     0x000005          Data  Gb  vregs.o [5]
?b6                     0x000006          Data  Gb  vregs.o [5]
?b7                     0x000007          Data  Gb  vregs.o [5]
?b8                     0x000008          Data  Gb  vregs.o [5]
?b9                     0x000009          Data  Gb  vregs.o [5]
?dc32_l0                0x014c40          Code  Gb  dc_util.o [5]
?dc32_l1                0x014c6c          Code  Gb  dc_util.o [5]
?e0                     0x000001          Data  Gb  vregs.o [5]
?e1                     0x000005          Data  Gb  vregs.o [5]
?e2                     0x000009          Data  Gb  vregs.o [5]
?e3                     0x00000d          Data  Gb  vregs.o [5]
?epilogue_l2            0x011cc9          Code  Gb  vreg_util.o [5]
?epilogue_l2_l3         0x011cc5          Code  Gb  vreg_util.o [5]
?epilogue_l2_w6         0x011cce          Code  Gb  vreg_util.o [5]
?epilogue_w4            0x011cd7          Code  Gb  vreg_util.o [5]
?fcastf32u32_l0_l0      0x01050d          Code  Gb  float.o [5]
?fcasts16f32_x_l0       0x0104d8          Code  Gb  float.o [5]
?fmul32_l0_l0_dc32      0x01043d          Code  Gb  float.o [5]
?fmul32_l0_l0_l1        0x010443          Code  Gb  float.o [5]
?l0                     0x000000          Data  Gb  vregs.o [5]
?l1                     0x000004          Data  Gb  vregs.o [5]
?l2                     0x000008          Data  Gb  vregs.o [5]
?l3                     0x00000c          Data  Gb  vregs.o [5]
?load24_e1_0x           0x015f4f          Code  Gb  far_util.o [5]
?load32_0x_l0           0x01443d          Code  Gb  long_util.o [5]
?load32_0x_l2           0x01444b          Code  Gb  long_util.o [5]
?load32_l0_0x           0x014401          Code  Gb  long_util.o [5]
?load32_l0_asp          0x0143f5          Code  Gb  long_util.o [5]
?load32_l0_dbsp         0x0143e7          Code  Gb  long_util.o [5]
?load32_l0_xsp          0x0143f7          Code  Gb  long_util.o [5]
?load32_l1_0x           0x014427          Code  Gb  long_util.o [5]
?load32_l1_asp          0x01441b          Code  Gb  long_util.o [5]
?load32_l1_dbsp         0x01440d          Code  Gb  long_util.o [5]
?load32_l1_xsp          0x01441d          Code  Gb  long_util.o [5]
?load32_xsp_l0          0x014433          Code  Gb  long_util.o [5]
?longfarg16_v_w0_a      0x015b7e          Code  Gb  move.o [5]
?longfarg16_v_w0_x      0x015b80          Code  Gb  move.o [5]
?mov_e0_e1              0x011cf4          Code  Gb  vreg_util.o [5]
?mov_e0_e2              0x011d01          Code  Gb  vreg_util.o [5]
?mov_e0_e3              0x011d0e          Code  Gb  vreg_util.o [5]
?mov_e1_e0              0x011d1b          Code  Gb  vreg_util.o [5]
?mov_e1_e2              0x011d28          Code  Gb  vreg_util.o [5]
?mov_e1_e3              0x011d35          Code  Gb  vreg_util.o [5]
?mov_e2_e0              0x011d42          Code  Gb  vreg_util.o [5]
?mov_e3_e0              0x011d56          Code  Gb  vreg_util.o [5]
?mov_e3_e1              0x011d63          Code  Gb  vreg_util.o [5]
?mov_l0_l1              0x011cf1          Code  Gb  vreg_util.o [5]
?mov_l0_l2              0x011cfe          Code  Gb  vreg_util.o [5]
?mov_l0_l3              0x011d0b          Code  Gb  vreg_util.o [5]
?mov_l1_l0              0x011d18          Code  Gb  vreg_util.o [5]
?mov_l1_l2              0x011d25          Code  Gb  vreg_util.o [5]
?mov_l1_l3              0x011d32          Code  Gb  vreg_util.o [5]
?mov_l2_l0              0x011d3f          Code  Gb  vreg_util.o [5]
?mov_l3_l0              0x011d53          Code  Gb  vreg_util.o [5]
?mov_l3_l1              0x011d60          Code  Gb  vreg_util.o [5]
?mov_w1_w3              0x011cf7          Code  Gb  vreg_util.o [5]
?mov_w1_w4              0x011cdc          Code  Gb  vreg_util.o [5]
?mov_w1_w5              0x011d04          Code  Gb  vreg_util.o [5]
?mov_w1_w7              0x011d11          Code  Gb  vreg_util.o [5]
?mov_w2_w1              0x011ce3          Code  Gb  vreg_util.o [5]
?mov_w3_w1              0x011d1e          Code  Gb  vreg_util.o [5]
?mov_w3_w5              0x011d2b          Code  Gb  vreg_util.o [5]
?mov_w3_w7              0x011d38          Code  Gb  vreg_util.o [5]
?mov_w5_w1              0x011d45          Code  Gb  vreg_util.o [5]
?mov_w5_w3              0x011d4c          Code  Gb  vreg_util.o [5]
?mov_w6_w0              0x011cea          Code  Gb  vreg_util.o [5]
?mov_w7_w1              0x011d59          Code  Gb  vreg_util.o [5]
?mov_w7_w3              0x011d66          Code  Gb  vreg_util.o [5]
?move1616_v_x_y_a       0x015b71          Code  Gb  move.o [5]
?mul16_x_x_w0           0x0153d1          Code  Gb  short.o [5]
?mul32_l0_l0_l1         0x01133d          Code  Gb  long.o [5]
?or32_l0_l0_0x          0x011471          Code  Gb  long.o [5]
?or32_l0_l0_l1          0x01146e          Code  Gb  long.o [5]
?pop_l0                 0x011c8d          Code  Gb  vreg_util.o [5]
?pop_l1                 0x011c98          Code  Gb  vreg_util.o [5]
?pop_l2                 0x011ca3          Code  Gb  vreg_util.o [5]
?pop_l3                 0x011cae          Code  Gb  vreg_util.o [5]
?pop_w4                 0x011c37          Code  Gb  vreg_util.o [5]
?pop_w5                 0x011c3e          Code  Gb  vreg_util.o [5]
?pop_w6                 0x011c45          Code  Gb  vreg_util.o [5]
?push_l0                0x011c58          Code  Gb  vreg_util.o [5]
?push_l1                0x011c5d          Code  Gb  vreg_util.o [5]
?push_l2                0x011c62          Code  Gb  vreg_util.o [5]
?push_l3                0x011c67          Code  Gb  vreg_util.o [5]
?push_w4                0x011c11          Code  Gb  vreg_util.o [5]
?push_w5                0x011c16          Code  Gb  vreg_util.o [5]
?push_w6                0x011c1b          Code  Gb  vreg_util.o [5]
?sext16_x_a             0x01540e          Code  Gb  short.o [5]
?sext32_l0_x            0x0114ab          Code  Gb  long.o [5]
?sll16_x_x_4            0x015409          Code  Gb  short.o [5]
?sll16_x_x_5            0x015408          Code  Gb  short.o [5]
?sll16_x_x_6            0x015407          Code  Gb  short.o [5]
?sll16_x_x_a            0x0153ff          Code  Gb  short.o [5]
?sll32_0x_0x_a          0x01148c          Code  Gb  long.o [5]
?sll32_l0_l0_a          0x011489          Code  Gb  long.o [5]
?smod16_y_x_y           0x0153ef          Code  Gb  short.o [5]
?srl32_0x_0x_a          0x01149d          Code  Gb  long.o [5]
?srl32_l0_l0_a          0x01149a          Code  Gb  long.o [5]
?srl8_a_a_5             0x0160d4          Code  Gb  char.o [5]
?srl8_a_a_6             0x0160d3          Code  Gb  char.o [5]
?sub32_l0_l0_0x         0x011325          Code  Gb  long.o [5]
?sub32_l0_l0_l1         0x011322          Code  Gb  long.o [5]
?ucmp32_c_l0_0x         0x011438          Code  Gb  long.o [5]
?ucmp32_c_l0_l1         0x011448          Code  Gb  long.o [5]
?udiv32_l0_dl_l1        0x0113c1          Code  Gb  long.o [5]
?udiv32_l0_l0_dl        0x0113c7          Code  Gb  long.o [5]
?udiv32_l0_l0_l1        0x0113cb          Code  Gb  long.o [5]
?umod32_l1_l0_dl        0x0113bb          Code  Gb  long.o [5]
?umod32_l1_l0_l1        0x0113cb          Code  Gb  long.o [5]
?w0                     0x000000          Data  Gb  vregs.o [5]
?w1                     0x000002          Data  Gb  vregs.o [5]
?w2                     0x000004          Data  Gb  vregs.o [5]
?w3                     0x000006          Data  Gb  vregs.o [5]
?w4                     0x000008          Data  Gb  vregs.o [5]
?w5                     0x00000a          Data  Gb  vregs.o [5]
?w6                     0x00000c          Data  Gb  vregs.o [5]
?w7                     0x00000e          Data  Gb  vregs.o [5]
ADC2_Cmd                0x015f9e     0xd  Code  Gb  stm8s_adc2.o [1]
ADC2_ConversionConfig   0x015825    0x2f  Code  Gb  stm8s_adc2.o [1]
ADC2_ExternalTriggerConfig
                        0x015c21    0x21  Code  Gb  stm8s_adc2.o [1]
ADC2_GetConversionValue
                        0x014d99    0x54  Code  Gb  stm8s_adc2.o [1]
ADC2_IRQHandler         0x0161b9     0x1  Code  Gb  stm8s_it.o [1]
ADC2_Init               0x0157f5    0x30  Code  Gb  stm8s_adc2.o [1]
ADC2_PrescalerConfig    0x015e9e    0x13  Code  Gb  stm8s_adc2.o [1]
ADC2_SchmittTriggerConfig
                        0x01418d    0x82  Code  Gb  stm8s_adc2.o [1]
ADC2_StartConversion    0x0160e4     0x5  Code  Gb  stm8s_adc2.o [1]
ADC_Init                0x015bde    0x22  Code  Gb  ADC.o [1]
AF_Mute_Init            0x015f77     0xd  Code  Gb  McuConfig.o [1]
AUDIO_IOAFMUT           0x015dd2    0x19  Code  Gb  McuConfig.o [1]
AUDIO_IOAFPOW           0x015deb    0x19  Code  Gb  McuConfig.o [1]
AWU_IRQHandler          0x0161aa     0x1  Code  Gb  stm8s_it.o [1]
AkeyvolumeCount         0x000059     0x1  Data  Gb  ApiKeyboard.o [1]
ApGpsCmd_10msRenew      0x015c00    0x21  Code  Gb  ApiGpsCmd.o [1]
ApiAtCmd_100msRenew     0x0160fd     0x4  Code  Gb  ApiAtCmd.o [1]
ApiAtCmd_10msRenew      0x011ec6   0x155  Code  Gb  ApiAtCmd.o [1]
ApiAtCmd_CSQValue       0x016101     0x4  Code  Gb  ApiAtCmd.o [1]
ApiAtCmd_PlayVoice      0x01428f    0x73  Code  Gb  ApiAtCmd.o [1]
ApiAtCmd_PowerOnInitial
                        0x015d6e    0x19  Code  Gb  ApiAtCmd.o [1]
ApiAtCmd_WritCommand    0x013ff6    0x8c  Code  Gb  ApiAtCmd.o [1]
ApiAtCmd_bCardIn        0x016058     0xa  Code  Gb  ApiAtCmd.o [1]
ApiAtCmd_bNoCard        0x016042     0xb  Code  Gb  ApiAtCmd.o [1]
ApiAtCmd_bPPPStatusOpen
                        0x016013     0xc  Code  Gb  ApiAtCmd.o [1]
ApiAtCmd_bStartingUp    0x016037     0xb  Code  Gb  ApiAtCmd.o [1]
ApiAtCmd_bZTTSStates    0x01601f     0xc  Code  Gb  ApiAtCmd.o [1]
ApiAtCmd_bZTTSStates_Intermediate
                        0x015f5d     0xd  Code  Gb  ApiAtCmd.o [1]
ApiBeidou_Get_location_Information
                        0x010648   0x1eb  Code  Gb  ApiBeidou.o [1]
ApiBeidou_PowerOnInitial
                        0x014cef    0x55  Code  Gb  ApiBeidou.o [1]
ApiCaretCmd_10msRenew   0x015f20    0x10  Code  Gb  ApiAtCmd.o [1]
ApiGpsCmd_100msRenew    0x00cf36   0x1bf  Code  Gb  ApiGpsCmd.o [1]
ApiGpsCmd_PowerOnInitial
                        0x010dd0   0x1d4  Code  Gb  ApiGpsCmd.o [1]
ApiMenu_BacklightTimeSet_Flag
                        0x0013c0     0x1  Data  Gb  ApiMenu.o [1]
ApiMenu_BeiDouOrWritingFrequency_Flag
                        0x0013c2     0x1  Data  Gb  ApiMenu.o [1]
ApiMenu_GpsInfo_Flag    0x0013be     0x1  Data  Gb  ApiMenu.o [1]
ApiMenu_KeylockTimeSet_Flag
                        0x0013c1     0x1  Data  Gb  ApiMenu.o [1]
ApiMenu_NativeInfo_Flag
                        0x0013bf     0x1  Data  Gb  ApiMenu.o [1]
ApiMenu_SwitchCallUser_Flag
                        0x0013bc     0x1  Data  Gb  ApiMenu.o [1]
ApiMenu_SwitchGroup_Flag
                        0x0013bb     0x1  Data  Gb  ApiMenu.o [1]
ApiMenu_SwitchOnlineUser_Flag
                        0x0013bd     0x1  Data  Gb  ApiMenu.o [1]
ApiPocCmd_10msRenew     0x00c17f   0x58f  Code  Gb  ApiPocCmd.o [1]
ApiPocCmd_GroupStates   0x016109     0x4  Code  Gb  ApiPocCmd.o [1]
ApiPocCmd_GroupStatesSet
                        0x01610d     0x4  Code  Gb  ApiPocCmd.o [1]
ApiPocCmd_KeyPttState   0x016111     0x4  Code  Gb  ApiPocCmd.o [1]
ApiPocCmd_PowerOnInitial
                        0x014a72    0x60  Code  Gb  ApiPocCmd.o [1]
ApiPocCmd_ReceivedVoicePlayStates
                        0x016119     0x4  Code  Gb  ApiPocCmd.o [1]
ApiPocCmd_ReceivedVoicePlayStatesForDisplay
                        0x016121     0x4  Code  Gb  ApiPocCmd.o [1]
ApiPocCmd_ReceivedVoicePlayStatesForDisplaySet
                        0x016125     0x4  Code  Gb  ApiPocCmd.o [1]
ApiPocCmd_ReceivedVoicePlayStatesForLED
                        0x016131     0x4  Code  Gb  ApiPocCmd.o [1]
ApiPocCmd_ReceivedVoicePlayStatesIntermediate
                        0x016129     0x4  Code  Gb  ApiPocCmd.o [1]
ApiPocCmd_ReceivedVoicePlayStatesIntermediateSet
                        0x01612d     0x4  Code  Gb  ApiPocCmd.o [1]
ApiPocCmd_ReceivedVoicePlayStatesSet
                        0x01611d     0x4  Code  Gb  ApiPocCmd.o [1]
ApiPocCmd_SetKeyPttState
                        0x016115     0x4  Code  Gb  ApiPocCmd.o [1]
ApiPocCmd_ToneState     0x01613d     0x4  Code  Gb  ApiPocCmd.o [1]
ApiPocCmd_ToneStateIntermediate
                        0x016135     0x4  Code  Gb  ApiPocCmd.o [1]
ApiPocCmd_ToneStateIntermediateSet
                        0x016139     0x4  Code  Gb  ApiPocCmd.o [1]
ApiPocCmd_ToneStateSet  0x016141     0x4  Code  Gb  ApiPocCmd.o [1]
ApiPocCmd_WritCommand   0x00bbd1   0x5ae  Code  Gb  ApiPocCmd.o [1]
ApiPocCmd_user_info_get
                        0x01575a    0x35  Code  Gb  ApiPocCmd.o [1]
ApiPocCmd_user_info_set
                        0x01313a    0xd0  Code  Gb  ApiPocCmd.o [1]
AtCmdDrvobj             0x0012de    0x25  Data  Lc  ApiAtCmd.o [1]
AtNotify_Queue          0x00b448    0x4d  Code  Lc  DrvGD83.o [1]
AtNotify_Queue_Start    0x00b495    0x56  Code  Lc  DrvGD83.o [1]
BEEP_Interrupt10ms      0x015d1b    0x1c  Code  Gb  Beep.o [1]
BEEP_PowerOnInitial     0x00da35    0xd3  Code  Gb  Beep.o [1]
BEEP_SetOutput          0x00d7f9   0x23c  Code  Gb  Beep.o [1]
BEEP_Time               0x015648    0x38  Code  Gb  Beep.o [1]
BacklightTimeCount      0x0013c4     0x1  Data  Gb  Delay.o [1]
BacklightTimeSetCount   0x00005c     0x1  Data  Gb  ApiKeyboard.o [1]
BatteryLevel            0x001399     0x1  Data  Gb  ADC.o [1]
BeepDrvObj              0x001356    0x12  Data  Lc  Beep.o [1]
BeidouFunDrvObj         0x001325    0x1d  Data  Lc  ApiBeidou.o [1]
BeidouRxData            0x001253    0x4b  Data  Gb  ApiBeidou.o [1]
BeidouRxDataLen         0x0013a1     0x1  Data  Gb  ApiBeidou.o [1]
BitTab                  0x00a91d     0x8  Data  Gb  ApiDisplay.o [1]
CFG_GetCurAdr           0x010000   0x22c  Code  Gb  Config.o [1]
CHAR_HIGH               0x00a85a    0x10  Data  Gb  ApiDisplay.o [1]
CHAR_TO_DIV_CHAR        0x01410a    0x83  Code  Gb  ApiBeidou.o [1]
CHAR_TO_Digital         0x014757    0x67  Code  Gb  ApiBeidou.o [1]
CHAR_WIDTH              0x00a86a    0x10  Data  Gb  ApiDisplay.o [1]
CLK_ClockSwitchConfig   0x0138fd    0xa2  Code  Gb  stm8s_clk.o [1]
CLK_GetClockFreq        0x014be8    0x58  Code  Gb  stm8s_clk.o [1]
CLK_HSIPrescalerConfig  0x015eb1    0x13  Code  Gb  stm8s_clk.o [1]
CLK_IRQHandler          0x0161ab     0x1  Code  Gb  stm8s_it.o [1]
COMLHexArray2String     0x014887    0x64  Code  Lc  ApiGpsCmd.o [1]
COML_AscToHex           0x012adc    0xfa  Code  Gb  CommonLib.o [1]
COML_DecToAsc           0x0148eb    0x64  Code  Gb  CommonLib.o [1]
COML_HexToAsc           0x0134f7    0xb2  Code  Gb  CommonLib.o [1]
COML_HexToAsc2          0x013b6a    0x96  Code  Gb  CommonLib.o [1]
COML_StringReverse      0x014ad2    0x5e  Code  Gb  CommonLib.o [1]
CSTACK$$Base            0x001700           --   Gb  - Linker created -
CSTACK$$Limit           0x001800           --   Gb  - Linker created -
C_TEST_OUT_SET          0x015f91     0xd  Code  Gb  McuConfig.o [1]
CaretNotify_Queue       0x00b3ae    0x4d  Code  Lc  DrvGD83.o [1]
CaretNotify_Queue_Start
                        0x00b541    0x56  Code  Lc  DrvGD83.o [1]
CharCode                0x00138d     0x2  Data  Gb  ApiDisplay.o [1]
Combine2Hex             0x01252d   0x134  Code  Gb  CommonLib.o [1]
Count                   0x00139a     0x1  Data  Gb  ADC.o [1]
Count2                  0x00139b     0x1  Data  Gb  ADC.o [1]
Count3                  0x00139c     0x1  Data  Gb  ADC.o [1]
DEL_100msProcess        0x00cbee    0x54  Code  Lc  Delay.o [1]
DEL_10msProcess         0x00cc42    0x39  Code  Lc  Delay.o [1]
DEL_1msProcess          0x00cc7b     0xc  Code  Lc  Delay.o [1]
DEL_500msProcess        0x00c70e   0x4e0  Code  Lc  Delay.o [1]
DEL_GetTimer            0x014d44    0x55  Code  Gb  Delay.o [1]
DEL_Interrupt           0x01385a    0xa3  Code  Gb  Delay.o [1]
DEL_PowerOnInitial      0x014459    0x71  Code  Gb  Delay.o [1]
DEL_Renew               0x00cc87    0x10  Code  Gb  Delay.o [1]
DEL_SetTimer            0x014302    0x73  Code  Gb  Delay.o [1]
DEL_Soft1ms             0x015d37    0x1c  Code  Gb  Delay.o [1]
DEL_TimerRenew          0x0158d8    0x29  Code  Lc  Delay.o [1]
DISPLAY_Show            0x00d60a   0x1ef  Code  Gb  ApiDisplay.o [1]
DISP_DataBuf            0x01320a    0xc8  Code  Lc  ApiDisplay.o [1]
DISP_MulTypePro         0x00d502    0xc0  Code  Lc  ApiDisplay.o [1]
DISP_MulTypePro2        0x013061    0xd9  Code  Lc  ApiDisplay.o [1]
Dec2Hex                 0x01506a    0x4e  Code  Gb  CommonLib.o [1]
DefaultSystemClockForHSI
                        0x015ca3    0x1f  Code  Gb  sysclock.o [1]
DelDrvObj               0x001303    0x22  Data  Lc  Delay.o [1]
Delay_100ms             0x0154de    0x40  Code  Gb  Task.o [1]
Digital_TO_CHAR         0x0147be    0x65  Code  Gb  ApiBeidou.o [1]
DisDataBit              0x00129e    0x40  Data  Gb  ApiDisplay.o [1]
DisDataBuf              0x000e1b   0x200  Data  Gb  ApiDisplay.o [1]
DrvGD83DrvObj           0x0009a3   0x478  Data  Lc  DrvGD83.o [1]
DrvGD83_UART_TxCommand  0x01420f    0x80  Code  Gb  DrvGD83.o [1]
DrvMC8332_AtNotify_Queue_front
                        0x015102    0x4a  Code  Gb  DrvGD83.o [1]
DrvMC8332_CaretNotify_Queue_front
                        0x0150b8    0x4a  Code  Gb  DrvGD83.o [1]
DrvMC8332_GpsNotify_Queue_front
                        0x015196    0x4a  Code  Gb  DrvGD83.o [1]
DrvMC8332_PocNotify_Queue_front
                        0x01514c    0x4a  Code  Gb  DrvGD83.o [1]
DrvMC8332_Software_Initial
                        0x01555c    0x3d  Code  Gb  DrvGD83.o [1]
DrvMC8332_TxPort_SetValidable
                        0x015881    0x2c  Code  Gb  DrvGD83.o [1]
DrvMC8332_UART_Interrupt
                        0x00b806   0x3cb  Code  Gb  DrvGD83.o [1]
DrvMc8332_UART_TxTail   0x012cc9    0xeb  Code  Gb  DrvGD83.o [1]
Duty_Val                0x001397     0x2  Data  Gb  Tone.o [1]
EEPROM_EEC_IRQHandler   0x0161bb     0x1  Code  Gb  stm8s_it.o [1]
EXTI_PORTA_IRQHandler   0x0161ac     0x1  Code  Gb  stm8s_it.o [1]
EXTI_PORTB_IRQHandler   0x0161ad     0x1  Code  Gb  stm8s_it.o [1]
EXTI_PORTC_IRQHandler   0x0161ae     0x1  Code  Gb  stm8s_it.o [1]
EXTI_PORTD_IRQHandler   0x0161af     0x1  Code  Gb  stm8s_it.o [1]
EXTI_PORTE_IRQHandler   0x0161b0     0x1  Code  Gb  stm8s_it.o [1]
EnterPttMomentCount     0x0013ce     0x1  Data  Gb  Task.o [1]
EnterPttMoment_Flag     0x0013cc     0x1  Data  Gb  Task.o [1]
FILE_Read               0x015229    0x48  Code  Gb  Flash_eeprom.o [1]
FILE_Read2              0x015348    0x45  Code  Gb  Flash_eeprom.o [1]
FILE_Write              0x014f30    0x4f  Code  Gb  Flash_eeprom.o [1]
FILE_Write2             0x014e91    0x50  Code  Gb  Flash_eeprom.o [1]
FLASH_EraseOptionByte   0x0159ca    0x28  Code  Gb  stm8s_flash.o [1]
FLASH_GetFlagStatus     0x015e8a    0x14  Code  Gb  stm8s_flash.o [1]
FLASH_Lock              0x0160c5     0x7  Code  Gb  stm8s_flash.o [1]
FLASH_ProgramByte       0x0160e9     0x5  Code  Gb  stm8s_flash.o [1]
FLASH_ProgramOptionByte
                        0x015b27    0x25  Code  Gb  stm8s_flash.o [1]
FLASH_ReadByte          0x0160ee     0x5  Code  Gb  stm8s_flash.o [1]
FLASH_SetProgrammingTime
                        0x01604d     0xb  Code  Gb  stm8s_flash.o [1]
FLASH_Unlock            0x015e49    0x16  Code  Gb  stm8s_flash.o [1]
FLASH_WaitForLastOperation
                        0x0156b8    0x36  Code  Gb  stm8s_flash.o [1]
GB2312_16_GetData       0x00e86d   0x251  Code  Gb  GT20L16P1Y.o [3]
GPIO_Init               0x013659    0xaf  Code  Gb  stm8s_gpio.o [1]
GPIO_ReadInputPin       0x016062     0x9  Code  Gb  stm8s_gpio.o [1]
GPIO_WriteHigh          0x0160cc     0x7  Code  Gb  stm8s_gpio.o [1]
GPIO_WriteLow           0x01616d     0x4  Code  Gb  stm8s_gpio.o [1]
GeHuTest                0x0161a7     0x1  Code  Lc  ApiKeyboard.o [1]
GetAllGroupNameForDisplay
                        0x010833   0x1e3  Code  Gb  ApiPocCmd.o [1]
GetAllGroupNameForVoice
                        0x014fce    0x4e  Code  Gb  ApiPocCmd.o [1]
GetAllGroupNum          0x016145     0x4  Code  Gb  ApiPocCmd.o [1]
GetAllUserNameForDisplay
                        0x010a16   0x1e3  Code  Gb  ApiPocCmd.o [1]
GetAllUserNameForVoice  0x01501c    0x4e  Code  Gb  ApiPocCmd.o [1]
GetAllUserNum           0x0160df     0x5  Code  Gb  ApiPocCmd.o [1]
GetLocalUserNameForDisplay
                        0x011931   0x17b  Code  Gb  ApiPocCmd.o [1]
GetLocalUserNameForVoice
                        0x0159a2    0x28  Code  Gb  ApiPocCmd.o [1]
GetNowWorkingGroupNameForDisplay
                        0x01163b   0x17b  Code  Gb  ApiPocCmd.o [1]
GetNowWorkingGroupNameForVoice
                        0x01597a    0x28  Code  Gb  ApiPocCmd.o [1]
GetNowWorkingGroupXuhao
                        0x01538d    0x44  Code  Gb  ApiPocCmd.o [1]
GetPointArrayData32     0x015271    0x48  Code  Gb  GT20L16P1Y_D.o [1]
GetReceiveMessagesUserNameForDisplay
                        0x013edb    0x8e  Code  Gb  ApiPocCmd.o [1]
GetSpeakingUserNameForDisplay
                        0x0117b6   0x17b  Code  Gb  ApiPocCmd.o [1]
GetTaskId               0x016181     0x4  Code  Gb  System.o [1]
GpsCmd_GbAnalytical     0x00eabe   0x24d  Code  Lc  ApiGpsCmd.o [1]
GpsCmd_GbDataTransave   0x00db08   0x2ff  Code  Lc  ApiGpsCmd.o [1]
GpsCmd_GbWritCommand    0x00cc97   0x29f  Code  Lc  ApiGpsCmd.o [1]
GpsFunDrvObj            0x00101b   0x1c3  Data  Lc  ApiGpsCmd.o [1]
GpsNotify_Queue         0x00b789    0x7d  Code  Lc  DrvGD83.o [1]
GpsNotify_Queue_Start   0x00b597    0x9a  Code  Lc  DrvGD83.o [1]
GroupCallingNum         0x00005a     0x1  Data  Gb  ApiKeyboard.o [1]
HDRCSQSignalIcons       0x013442    0xb5  Code  Gb  ApiAtCmd.o [1]
HSE_ClockStartUpConfiguration
                        0x0156ee    0x36  Code  Lc  sysclock.o [1]
HSIDivFactor            0x00a9c6     0x4  Data  Gb  stm8s_clk.o [1]
HtgDrvObj               0x001395     0x2  Data  Lc  DrvHTG12832.o [1]
I2C_IRQHandler          0x0161b7     0x1  Code  Gb  stm8s_it.o [1]
INTVEC$$Base            0x008000           --   Gb  - Linker created -
INTVEC$$Limit           0x008080           --   Gb  - Linker created -
ITC_SetSoftwarePriority
                        0x0129d9   0x103  Code  Gb  stm8s_itc.o [1]
Ico_DataBuf             0x009b80   0x400  Data  Gb  ApiDisplay.o [1]
InputGBcode             0x009f80   0x1b0  Data  Gb  GT20L16P1Y_D.o [1]
InputUnicode            0x00a130   0x1b0  Data  Gb  GT20L16P1Y_D.o [1]
KCMD_GetMcuVersion      0x0149b0    0x61  Code  Lc  KeyCmd.o [1]
KCMD_KeyCmdGet          0x015c83    0x20  Code  Gb  KeyCmd.o [1]
KEY_4_Flag              0x0013c7     0x1  Data  Gb  Task.o [1]
KEY_TABLE               0x00a9d8     0x3  Data  Lc  uart3.o [1]
Key3Option              0x0013c8     0x1  Data  Gb  Task.o [1]
Key3_PlayValue          0x0013a2     0x1  Data  Gb  ApiGpsCmd.o [1]
Key3_PlayVoice          0x011156   0x1b1  Code  Gb  Task.o [1]
KeyBatteryReport        0x015599    0x3b  Code  Gb  ADC.o [1]
KeyDownUpChoose_GroupOrUser_Flag
                        0x0013a0     0x1  Data  Gb  ApiAtCmd.o [1]
KeyPersonalCallingCount
                        0x0013a7     0x1  Data  Gb  ApiKeyboard.o [1]
KeyUpDownCount          0x0013a6     0x1  Data  Gb  ApiKeyboard.o [1]
Key_Flag_1              0x0013a8     0x1  Data  Gb  ApiKeyboard.o [1]
Key_Init                0x01578f    0x34  Code  Gb  McuConfig.o [1]
Key_PersonalCalling_Flag
                        0x0013cb     0x1  Data  Gb  Task.o [1]
Keyboard_Test           0x00a9de   0x9d0  Code  Gb  ApiKeyboard.o [1]
KeylockTimeCount        0x001393     0x2  Data  Gb  Delay.o [1]
KeylockTimeSetCount     0x000054     0x1  Data  Gb  ApiKeyboard.o [1]
LED_Conut               0x0013ba     0x1  Data  Gb  ApiLED.o [1]
LED_Init                0x015a68    0x27  Code  Gb  McuConfig.o [1]
LED_IntOutputRenew      0x01399f    0x9b  Code  Gb  ApiLED.o [1]
Level3MenuDisplay       0x010bf9   0x1d7  Code  Gb  ApiMenu.o [1]
LobatteryTask_StartFlag
                        0x00139e     0x1  Data  Gb  ADC.o [1]
LockingState_EnterOK_Flag
                        0x0013ac     0x1  Data  Gb  ApiKeyboard.o [1]
LockingState_Flag       0x0013c3     0x1  Data  Gb  Delay.o [1]
LoosenPttMomentCount    0x0013cf     0x1  Data  Gb  Task.o [1]
LoosenPttMoment_Flag    0x0013cd     0x1  Data  Gb  Task.o [1]
LowVoltageDetection     0x00e0d4   0x2bc  Code  Gb  ADC.o [1]
LowVoltageDetection_Flag
                        0x00139d     0x1  Data  Gb  ADC.o [1]
MCU_VERSIONForMenu      0x015eea    0x12  Code  Gb  KeyCmd.o [1]
MIC_GPIO_Init           0x015f6a     0xd  Code  Gb  McuConfig.o [1]
MIC_IOMUT               0x015db9    0x19  Code  Gb  McuConfig.o [1]
Mcu_Version             0x00a432    0x20  Data  Lc  KeyCmd.o [1]
MenuDisplay             0x00e390   0x28b  Code  Gb  ApiMenu.o [1]
MenuModeCount           0x00005b     0x1  Data  Gb  ApiKeyboard.o [1]
MenuMode_Flag           0x0013a9     0x1  Data  Gb  ApiKeyboard.o [1]
NetworkType_2Gor3G_Flag
                        0x0013ca     0x1  Data  Gb  Task.o [1]
NoUseNum                0x0013c9     0x1  Data  Gb  Task.o [1]
Noise_Mute_Init         0x015f84     0xd  Code  Gb  McuConfig.o [1]
Notify_Queue_Stop       0x00b631   0x158  Code  Lc  DrvGD83.o [1]
NumberKeyboardPressDown_flag
                        0x0013ab     0x1  Data  Gb  ApiKeyboard.o [1]
OneChannelGetADValue    0x015a1a    0x27  Code  Lc  ADC.o [1]
PAS_NULLTBL             0x00a87a    0x10  Data  Lc  uart3.o [1]
POC_TABLE               0x00a9db     0x3  Data  Lc  uart3.o [1]
PasObj                  0x001386     0x4  Data  Lc  uart3.o [1]
PersonalCallingNum      0x0013a5     0x1  Data  Gb  ApiKeyboard.o [1]
PocCmdDrvobj            0x0000a5   0x8fe  Data  Lc  ApiPocCmd.o [1]
PocNotify_Queue         0x00b3fb    0x4d  Code  Lc  DrvGD83.o [1]
PocNotify_Queue_Start   0x00b4eb    0x56  Code  Lc  DrvGD83.o [1]
PrimaryLowPower_Flag    0x00139f     0x1  Data  Gb  ADC.o [1]
READ_TABLE              0x00a9ca     0x4  Data  Lc  uart3.o [1]
ReadByte                0x014c98    0x57  Code  Gb  ApiDisplay.o [1]
Region$$Table$$Base     0x00a41e           --   Gb  - Linker created -
Region$$Table$$Limit    0x00a432           --   Gb  - Linker created -
RxStartFlag             0x00137a     0x6  Data  Gb  ApiBeidou.o [1]
SPI_IRQHandler          0x0161b1     0x1  Code  Gb  stm8s_it.o [1]
SendByte                0x014082    0x88  Code  Gb  ApiDisplay.o [1]
SendGpsLoginInfoCount   0x0013a4     0x1  Data  Gb  ApiGpsCmd.o [1]
SetTaskId               0x016185     0x4  Code  Gb  System.o [1]
Set_GreenLed            0x015d87    0x19  Code  Gb  McuConfig.o [1]
Set_RedLed              0x015da0    0x19  Code  Gb  McuConfig.o [1]
Set_TIM1_PWM1_DutyCycle
                        0x013dbd     0x9  Code  Gb  Tone.o [1]
Set_TIM1_PWM_Frequency  0x01607d     0x9  Code  Gb  Tone.o [1]
SubmenuMenuDisplay      0x01201b   0x150  Code  Gb  ApiMenu.o [1]
SystemClock_Init        0x0158ad    0x2b  Code  Gb  sysclock.o [1]
TASK_PersonalKeyMode    0x01618d     0x4  Code  Gb  Task.o [1]
TASK_PersonalKeyModeSet
                        0x016191     0x4  Code  Gb  Task.o [1]
TASK_RunLoBattery       0x015bba    0x24  Code  Gb  Task.o [1]
TASK_WriteFreq          0x016189     0x4  Code  Gb  Task.o [1]
TIM1_ARRPreloadConfig   0x015fc5     0xd  Code  Gb  stm8s_tim1.o [1]
TIM1_CAP_COM_IRQHandler
                        0x0161b2     0x1  Code  Gb  stm8s_it.o [1]
TIM1_CCxCmd             0x015458    0x43  Code  Gb  stm8s_tim1.o [1]
TIM1_ClearITPendingBit  0x0160f3     0x5  Code  Gb  stm8s_tim1.o [1]
TIM1_Cmd                0x015fab     0xd  Code  Gb  stm8s_tim1.o [1]
TIM1_CtrlPWMOutputs     0x015fb8     0xd  Code  Gb  stm8s_tim1.o [1]
TIM1_DeInit             0x013a3a    0x99  Code  Gb  stm8s_tim1.o [1]
TIM1_ITConfig           0x015ec4    0x13  Code  Gb  stm8s_tim1.o [1]
TIM1_OC1Init            0x014a11    0x61  Code  Gb  stm8s_tim1.o [1]
TIM1_OC1PreloadConfig   0x015fd2     0xd  Code  Gb  stm8s_tim1.o [1]
TIM1_PWM_Init           0x014616    0x6d  Code  Gb  Tone.o [1]
TIM1_SetCounter         0x01606b     0x9  Code  Gb  stm8s_tim1.o [1]
TIM1_TimeBaseInit       0x015b96    0x24  Code  Gb  stm8s_tim1.o [1]
TIM1_UPD_OVF_TRG_BRK_IRQHandler
                        0x015415    0x43  Code  Gb  stm8s_it.o [1]
TIM2_CAP_COM_IRQHandler
                        0x0161b4     0x1  Code  Gb  stm8s_it.o [1]
TIM2_UPD_OVF_BRK_IRQHandler
                        0x0161b3     0x1  Code  Gb  stm8s_it.o [1]
TIM3_ARRPreloadConfig   0x015fec     0xd  Code  Gb  stm8s_tim3.o [1]
TIM3_CAP_COM_IRQHandler
                        0x0161b5     0x1  Code  Gb  stm8s_it.o [1]
TIM3_ClearITPendingBit  0x0160f8     0x5  Code  Gb  stm8s_tim3.o [1]
TIM3_Cmd                0x015fdf     0xd  Code  Gb  stm8s_tim3.o [1]
TIM3_ITConfig           0x015ed7    0x13  Code  Gb  stm8s_tim3.o [1]
TIM3_PrescalerConfig    0x016074     0x9  Code  Gb  stm8s_tim3.o [1]
TIM3_TimeBaseInit       0x01602b     0xc  Code  Gb  stm8s_tim3.o [1]
TIM3_UPD_OVF_BRK_IRQHandler
                        0x015c42    0x21  Code  Gb  stm8s_it.o [1]
TIM4_UPD_OVF_IRQHandler
                        0x0161ba     0x1  Code  Gb  stm8s_it.o [1]
TLI_IRQHandler          0x0161a9     0x1  Code  Gb  stm8s_it.o [1]
TONE_PowerOnInitial     0x014683    0x6b  Code  Gb  Tone.o [1]
TONE_Start              0x015ae4    0x1d  Code  Gb  Tone.o [1]
TONE_Stop               0x015adb     0x9  Code  Gb  Tone.o [1]
TRAP_IRQHandler         0x0161a8     0x1  Code  Gb  stm8s_it.o [1]
TaskDrvObj              0x001342    0x14  Data  Lc  System.o [1]
TaskDrvobj              0x00138a     0x3  Data  Lc  Task.o [1]
Task_PowerOnInitial     0x015cfe    0x1d  Code  Gb  Task.o [1]
Task_RunNormalOperation
                        0x00d0f5   0x3df  Code  Gb  Task.o [1]
Task_RunStart           0x0137b5    0xa5  Code  Gb  Task.o [1]
Test1                   0x0013a3     0x1  Data  Gb  ApiGpsCmd.o [1]
TestNum1                0x0013ae     0x1  Data  Gb  ApiKeyboard.o [1]
TestNum10               0x0013b7     0x1  Data  Gb  ApiKeyboard.o [1]
TestNum11               0x0013b8     0x1  Data  Gb  ApiKeyboard.o [1]
TestNum12               0x0013b9     0x1  Data  Gb  ApiKeyboard.o [1]
TestNum2                0x0013af     0x1  Data  Gb  ApiKeyboard.o [1]
TestNum3                0x0013b0     0x1  Data  Gb  ApiKeyboard.o [1]
TestNum4                0x0013b1     0x1  Data  Gb  ApiKeyboard.o [1]
TestNum5                0x0013b2     0x1  Data  Gb  ApiKeyboard.o [1]
TestNum6                0x0013b3     0x1  Data  Gb  ApiKeyboard.o [1]
TestNum7                0x0013b4     0x1  Data  Gb  ApiKeyboard.o [1]
TestNum8                0x0013b5     0x1  Data  Gb  ApiKeyboard.o [1]
TestNum9                0x0013b6     0x1  Data  Gb  ApiKeyboard.o [1]
Test_PWM_LED            0x013dc6    0x86  Code  Gb  Tone.o [1]
TheMenuLayer_Flag       0x0013aa     0x1  Data  Gb  ApiKeyboard.o [1]
Tim3_Timer_Init         0x015901    0x29  Code  Gb  McuConfig.o [1]
TimeCount               0x00138f     0x2  Data  Gb  Delay.o [1]
TimeCount3              0x001391     0x2  Data  Gb  Delay.o [1]
ToneDrvObj              0x001368    0x12  Data  Lc  Tone.o [1]
UART1_Cmd               0x015ff9     0xd  Code  Gb  stm8s_uart1.o [1]
UART1_DeInit            0x015854    0x2d  Code  Gb  stm8s_uart1.o [1]
UART1_GetFlagStatus     0x0157c3    0x32  Code  Gb  stm8s_uart1.o [1]
UART1_GetITStatus       0x013d2b    0x92  Code  Gb  stm8s_uart1.o [1]
UART1_ITConfig          0x0145a9    0x6d  Code  Gb  stm8s_uart1.o [1]
UART1_Init              0x011d6d   0x159  Code  Gb  stm8s_uart1.o [1]
UART1_RX_IRQHandler     0x015ab5    0x26  Code  Gb  stm8s_it.o [1]
UART1_ReceiveData8      0x016171     0x4  Code  Gb  stm8s_uart1.o [1]
UART1_SendData8         0x016175     0x4  Code  Gb  stm8s_uart1.o [1]
UART1_TX_IRQHandler     0x0161b6     0x1  Code  Gb  stm8s_it.o [1]
UART3_Cmd               0x016006     0xd  Code  Gb  stm8s_uart3.o [1]
UART3_DeInit            0x015b4c    0x25  Code  Gb  stm8s_uart3.o [1]
UART3_GetFlagStatus     0x0151e0    0x49  Code  Gb  stm8s_uart3.o [1]
UART3_GetITStatus       0x01338c    0xb6  Code  Gb  stm8s_uart3.o [1]
UART3_ITConfig          0x013f69    0x8d  Code  Gb  stm8s_uart3.o [1]
UART3_Init              0x012795   0x12a  Code  Gb  stm8s_uart3.o [1]
UART3_Interrupt         0x0132d2    0xba  Code  Gb  uart3.o [1]
UART3_RX_IRQHandler     0x015d53    0x1b  Code  Gb  stm8s_it.o [1]
UART3_ReceiveData8      0x016179     0x4  Code  Gb  stm8s_uart3.o [1]
UART3_SendByte          0x015f30    0x10  Code  Gb  uart3.o [1]
UART3_SendData8         0x01617d     0x4  Code  Gb  stm8s_uart3.o [1]
UART3_TX_IRQHandler     0x0161b8     0x1  Code  Gb  stm8s_it.o [1]
UART3_ToMcuMain         0x0146ee    0x69  Code  Gb  uart3.o [1]
UART_Delay              0x015efc    0x12  Code  Lc  uart3.o [1]
UART_ErrorAck           0x014fb8    0x16  Code  Lc  uart3.o [1]
UART_GetCheckSum        0x013c96    0x2e  Code  Lc  uart3.o [1]
UART_KeyCommand         0x013e4c    0x8f  Code  Lc  uart3.o [1]
UART_Link               0x013cc4    0x67  Code  Lc  uart3.o [1]
UART_PasCommand         0x010fa4   0x1b2  Code  Lc  uart3.o [1]
UART_PocCommand         0x014b8c    0x5c  Code  Lc  uart3.o [1]
UART_ReadCommand        0x012db4    0xe9  Code  Lc  uart3.o [1]
UART_RightAck           0x01453b    0x6e  Code  Lc  uart3.o [1]
UART_RxFrame            0x014ded    0x52  Code  Lc  uart3.o [1]
UART_TxSend             0x014f7f    0x39  Code  Lc  uart3.o [1]
UART_WriteCommand       0x012bd6    0xf3  Code  Lc  uart3.o [1]
UNICODE_16_GetData      0x0114b6   0x185  Code  Gb  GT20L16P1Y.o [3]
Uart1_Init              0x0155d4    0x3b  Code  Gb  McuConfig.o [1]
Uart3_Init              0x01560f    0x39  Code  Gb  uart3.o [1]
UartDrvObj              0x0011de    0x75  Data  Lc  uart3.o [1]
UnicodeGetPointArrayData32
                        0x0152b9    0x48  Code  Gb  GT20L16P1Y_D.o [1]
UnicodeValueSearch      0x015a8f    0x26  Code  Gb  GT20L16P1Y_D.o [1]
VOICE_1sProcess         0x015f40     0xf  Code  Gb  Voice.o [1]
VOICE_Play              0x00ed0b   0x249  Code  Gb  Voice.o [1]
VOICE_Renew             0x0144ca    0x71  Code  Gb  Voice.o [1]
VOICE_SetOutput         0x014e3f    0x52  Code  Gb  Voice.o [1]
ValueSearch             0x014b30    0x5c  Code  Gb  GT20L16P1Y_D.o [1]
VerifyData              0x008080  0x1b00  Data  Gb  GT20L16P1Y_D.o [1]
VoiceDrvObj             0x001380     0x6  Data  Lc  Voice.o [1]
VoiceType_FreehandOrHandset_Flag
                        0x0013ad     0x1  Data  Gb  ApiKeyboard.o [1]
WRITE_TABLE             0x00a9ce     0x4  Data  Lc  uart3.o [1]
WW_GetData              0x00de07   0x2cd  Code  Gb  GT20L16P1Y.o [3]
WriteEEPROMByte         0x01551e    0x3e  Code  Gb  Flash_eeprom.o [1]
WriteFreq_Flag          0x0013d1     0x1  Data  Gb  uart3.o [1]
__DebugBreak            0x0161bc     0x1  Code  Gb  __dbg_break.o [4]
__exit                  0x015e5f    0x16  Code  Gb  __dbg_xxexit.o [4]
__iar_copy_init2        0x0159f2          Code  Gb  init_small.o [5]
__iar_data_init2        0x015cc2    0x1e  Code  Gb  init.o [5]
__iar_program_start     0x015e1b          Code  Gb  cstartup.o [5]
__iar_unhandled_exception
                        0x0161a4          Code  Gb  unhandled_exception.o [5]
__iar_zero_init2        0x015ce0          Code  Gb  init_small.o [5]
__intvec                0x008000          Data  Gb  interrupt.o [5]
__low_level_init        0x0161a1     0x3  Code  Gb  low_level_init.o [5]
_exit                   0x0160d9          Code  Gb  cexit.o [5]
_interrupt_1            0x0161a8          Code  Gb  stm8s_it.o [1]
_interrupt_12           0x0161b1          Code  Gb  stm8s_it.o [1]
_interrupt_13           0x015415          Code  Gb  stm8s_it.o [1]
_interrupt_14           0x0161b2          Code  Gb  stm8s_it.o [1]
_interrupt_15           0x0161b3          Code  Gb  stm8s_it.o [1]
_interrupt_16           0x0161b4          Code  Gb  stm8s_it.o [1]
_interrupt_17           0x015c42          Code  Gb  stm8s_it.o [1]
_interrupt_18           0x0161b5          Code  Gb  stm8s_it.o [1]
_interrupt_19           0x0161b6          Code  Gb  stm8s_it.o [1]
_interrupt_2            0x0161a9          Code  Gb  stm8s_it.o [1]
_interrupt_20           0x015ab5          Code  Gb  stm8s_it.o [1]
_interrupt_21           0x0161b7          Code  Gb  stm8s_it.o [1]
_interrupt_22           0x0161b8          Code  Gb  stm8s_it.o [1]
_interrupt_23           0x015d53          Code  Gb  stm8s_it.o [1]
_interrupt_24           0x0161b9          Code  Gb  stm8s_it.o [1]
_interrupt_25           0x0161ba          Code  Gb  stm8s_it.o [1]
_interrupt_26           0x0161bb          Code  Gb  stm8s_it.o [1]
_interrupt_3            0x0161aa          Code  Gb  stm8s_it.o [1]
_interrupt_4            0x0161ab          Code  Gb  stm8s_it.o [1]
_interrupt_5            0x0161ac          Code  Gb  stm8s_it.o [1]
_interrupt_6            0x0161ad          Code  Gb  stm8s_it.o [1]
_interrupt_7            0x0161ae          Code  Gb  stm8s_it.o [1]
_interrupt_8            0x0161af          Code  Gb  stm8s_it.o [1]
_interrupt_9            0x0161b0          Code  Gb  stm8s_it.o [1]
api_diap_ico_pos_get    0x01494f    0x61  Code  Gb  ApiDisplay.o [1]
api_disp_all_screen_refresh
                        0x014ee1    0x4f  Code  Gb  ApiDisplay.o [1]
api_disp_char_output    0x00d5c2    0x17  Code  Gb  ApiDisplay.o [1]
api_disp_char_output2   0x015e04    0x17  Code  Gb  ApiDisplay.o [1]
api_disp_ico_output     0x0135a9    0xb0  Code  Gb  ApiDisplay.o [1]
api_disp_icoid_output   0x013ad3    0x97  Code  Gb  ApiDisplay.o [1]
api_lcd_pwr_on_hint     0x00d5d9    0x31  Code  Gb  ApiDisplay.o [1]
api_lcd_pwr_on_hint4    0x00d4d4    0x2e  Code  Gb  ApiDisplay.o [1]
api_poc_command_get     0x013708    0xad  Code  Lc  uart3.o [1]
api_poc_command_set     0x012f82    0xdf  Code  Lc  uart3.o [1]
beidou_latitude_degree  0x016094     0x7  Code  Gb  ApiBeidou.o [1]
beidou_latitude_minute  0x01609b     0x7  Code  Gb  ApiBeidou.o [1]
beidou_latitude_second  0x0160a2     0x7  Code  Gb  ApiBeidou.o [1]
beidou_longitude_degree
                        0x016086     0x7  Code  Gb  ApiBeidou.o [1]
beidou_longitude_minute
                        0x01608d     0x7  Code  Gb  ApiBeidou.o [1]
beidou_valid            0x016105     0x4  Code  Gb  ApiBeidou.o [1]
delay_gps_value_for_display_flag2
                        0x016161     0x4  Code  Gb  Delay.o [1]
dp_abell                0x000028     0x2  Data  Gb  ApiDisplay.o [1]
dp_account_config       0x000030     0x2  Data  Gb  ApiDisplay.o [1]
dp_backlight            0x000046     0x2  Data  Gb  ApiDisplay.o [1]
dp_backlight_time       0x00003a     0x2  Data  Gb  ApiDisplay.o [1]
dp_close                0x00004a     0x2  Data  Gb  ApiDisplay.o [1]
dp_gps_information      0x000038     0x2  Data  Gb  ApiDisplay.o [1]
dp_group_select         0x000036     0x2  Data  Gb  ApiDisplay.o [1]
dp_individual_call      0x00004c     0x2  Data  Gb  ApiDisplay.o [1]
dp_keypad_lock          0x000048     0x2  Data  Gb  ApiDisplay.o [1]
dp_keypad_lock_time     0x00003c     0x2  Data  Gb  ApiDisplay.o [1]
dp_latitude0            0x000042     0x2  Data  Gb  ApiDisplay.o [1]
dp_longitude0           0x000044     0x2  Data  Gb  ApiDisplay.o [1]
dp_menu                 0x000034     0x2  Data  Gb  ApiDisplay.o [1]
dp_network_search       0x00002e     0x2  Data  Gb  ApiDisplay.o [1]
dp_no_sim_card          0x00002c     0x2  Data  Gb  ApiDisplay.o [1]
dp_personal_mode        0x00002a     0x2  Data  Gb  ApiDisplay.o [1]
dp_please_charge        0x000032     0x2  Data  Gb  ApiDisplay.o [1]
dp_press_ok_then_well   0x000050     0x2  Data  Gb  ApiDisplay.o [1]
dp_press_well           0x000040     0x2  Data  Gb  ApiDisplay.o [1]
dp_software_version     0x00003e     0x2  Data  Gb  ApiDisplay.o [1]
dp_status_offline       0x000052     0x2  Data  Gb  ApiDisplay.o [1]
dp_version              0x00004e     0x2  Data  Gb  ApiDisplay.o [1]
drv_gt20_data_output    0x012661   0x134  Code  Gb  DrvGT20L16S1Y.o [1]
drv_gt20_data_output2   0x0123f2   0x13b  Code  Gb  DrvGT20L16S1Y.o [1]
drv_gt20_pwr_on_init    0x0156b4     0x4  Code  Gb  DrvGT20L16S1Y.o [1]
drv_htg_clr_allscr      0x00e754    0x35  Code  Gb  DrvHTG12832.o [1]
drv_htg_pwr_on_init     0x00e861     0xc  Code  Gb  DrvHTG12832.o [1]
drv_htg_reset           0x00e61b     0x5  Code  Gb  DrvHTG12832.o [1]
drv_htg_set_address     0x00e69a    0x40  Code  Gb  DrvHTG12832.o [1]
drv_htg_write_command   0x00e620    0x7a  Code  Gb  DrvHTG12832.o [1]
drv_htg_write_data      0x00e6da    0x7a  Code  Gb  DrvHTG12832.o [1]
drv_keypad_scan         0x01022c   0x211  Code  Gb  DrvKeyboard.o [1]
exit                    0x01619d     0x4  Code  Gb  exit.o [5]
find_zf_tab             0x015301    0x47  Code  Gb  GT20L16P1Y.o [3]
get_current_working_status
                        0x016149     0x4  Code  Gb  ApiPocCmd.o [1]
get_key_value           0x012e9d    0xe5  Code  Gb  ApiKeyboard.o [1]
get_screen_display_group_name
                        0x015c63    0x20  Code  Gb  ApiPocCmd.o [1]
htg_delay_ms            0x00e789    0x1e  Code  Lc  DrvHTG12832.o [1]
htg_initial             0x00e7a7    0x6c  Code  Lc  DrvHTG12832.o [1]
j                       0x0013d0     0x1  Data  Gb  Tone.o [1]
key_scan_board          0x0122b3   0x13f  Code  Gb  DrvKeyboard.o [1]
main                    0x015a41    0x27  Code  Gb  main.o [1]
main_app                0x01549b    0x43  Code  Gb  System.o [1]
main_init               0x0128bf   0x11a  Code  Gb  System.o [1]
mcu_gt20_initial        0x015680    0x34  Code  Lc  DrvGT20L16S1Y.o [1]
mcu_key_pad_out         0x013c00    0x96  Code  Gb  DrvKeyboard.o [1]
mcu_key_pad_read        0x014375    0x72  Code  Gb  DrvKeyboard.o [1]
mcu_key_pad_set         0x01216b   0x148  Code  Gb  DrvKeyboard.o [1]
mcu_lcd_initial         0x00e813    0x4e  Code  Lc  DrvHTG12832.o [1]
memcmp                  0x015724    0x36  Code  Gb  memcmp.o [5]
memcpy                  0x015b01    0x26  Code  Gb  memcpy.o [5]
memset                  0x015e32    0x17  Code  Gb  memset.o [5]
no_online_user          0x015e75    0x15  Code  Lc  ApiPocCmd.o [1]
pack_data               0x011aac   0x165  Code  Lc  ApiGpsCmd.o [1]
poc_first_enter_into_group_flag
                        0x016159     0x4  Code  Gb  ApiPocCmd.o [1]
poc_gps_value_for_display_flag
                        0x01615d     0x4  Code  Gb  ApiPocCmd.o [1]
poc_latitude_float      0x0160be     0x7  Code  Gb  ApiPocCmd.o [1]
poc_latitude_integer    0x0160b7     0x7  Code  Gb  ApiPocCmd.o [1]
poc_longitude_float     0x0160b0     0x7  Code  Gb  ApiPocCmd.o [1]
poc_longitude_integer   0x0160a9     0x7  Code  Gb  ApiPocCmd.o [1]
poc_receive_sos_statas  0x016151     0x4  Code  Gb  ApiPocCmd.o [1]
poccmd_states_poc_status
                        0x01614d     0x4  Code  Gb  ApiPocCmd.o [1]
r_dat_bat               0x014823    0x64  Code  Gb  ApiDisplay.o [1]
read_backlight_time_value
                        0x016165     0x4  Code  Gb  Delay.o [1]
read_key_lock_time_value
                        0x016169     0x4  Code  Gb  Delay.o [1]
set_ApiAtCmd_bZTTSStates
                        0x01592a    0x28  Code  Gb  ApiAtCmd.o [1]
set_ApiAtCmd_bZTTSStates_Intermediate
                        0x015952    0x28  Code  Gb  ApiAtCmd.o [1]
set_poc_receive_sos_statas
                        0x016155     0x4  Code  Gb  ApiPocCmd.o [1]
strlen                  0x015f0e    0x12  Code  Gb  strlen.o [5]
task_status_account_config
                        0x016195     0x4  Code  Gb  Task.o [1]
tone_count              0x0013c6     0x1  Data  Gb  stm8s_it.o [1]
ucABELL                 0x000083     0x2  Data  Gb  Voice.o [1]
ucAlarm1                0x00006d     0x2  Data  Gb  ApiPocCmd.o [1]
ucAlarm2                0x00006f     0x2  Data  Gb  ApiPocCmd.o [1]
ucAtPocHead             0x00005d     0x2  Data  Gb  ApiPocCmd.o [1]
ucCODECCTL              0x00007d     0x2  Data  Gb  Task.o [1]
ucCODECCTL1             0x000055     0x2  Data  Gb  ApiKeyboard.o [1]
ucCODECCTL2             0x000057     0x2  Data  Gb  ApiKeyboard.o [1]
ucEightyPercentPower    0x000097     0x2  Data  Gb  Voice.o [1]
ucEndPTT                0x000065     0x2  Data  Gb  ApiPocCmd.o [1]
ucFivePercentPower      0x00008f     0x2  Data  Gb  Voice.o [1]
ucFortyPercentPower     0x000093     0x2  Data  Gb  Voice.o [1]
ucGroupListInfo         0x000067     0x2  Data  Gb  ApiPocCmd.o [1]
ucGroupMode             0x00009b     0x2  Data  Gb  Voice.o [1]
ucGroupSelected         0x000085     0x2  Data  Gb  Voice.o [1]
ucHandfreeMode          0x00009f     0x2  Data  Gb  Voice.o [1]
ucHandsetMode           0x00009d     0x2  Data  Gb  Voice.o [1]
ucLoggingIn             0x0000a3     0x2  Data  Gb  Voice.o [1]
ucLowBattery            0x00008d     0x2  Data  Gb  Voice.o [1]
ucNetworkSearching      0x000089     0x2  Data  Gb  Voice.o [1]
ucNoOnlineUser          0x0000a1     0x2  Data  Gb  Voice.o [1]
ucNoSimCard             0x000087     0x2  Data  Gb  Voice.o [1]
ucOneHundredPercentPower
                        0x000099     0x2  Data  Gb  Voice.o [1]
ucPersonalMode          0x000081     0x2  Data  Gb  Voice.o [1]
ucPocOpenConfig         0x000061     0x2  Data  Gb  ApiPocCmd.o [1]
ucPowerLowPleaseCharge  0x00008b     0x2  Data  Gb  Voice.o [1]
ucRXFILTER              0x00007f     0x2  Data  Gb  Task.o [1]
ucRxCIMI                0x00001c     0x2  Data  Gb  ApiAtCmd.o [1]
ucRxCMEERROR            0x00001e     0x2  Data  Gb  ApiAtCmd.o [1]
ucRxCSQ                 0x000022     0x2  Data  Gb  ApiAtCmd.o [1]
ucRxOkHeadInfo          0x000077     0x2  Data  Gb  DrvGD83.o [1]
ucRxPASTATE1            0x000024     0x2  Data  Gb  ApiAtCmd.o [1]
ucRxPocHeadInfo         0x000075     0x2  Data  Gb  DrvGD83.o [1]
ucRxTcpDataHeadInfo     0x000079     0x2  Data  Gb  DrvGD83.o [1]
ucRxZIND                0x00001a     0x2  Data  Gb  ApiAtCmd.o [1]
ucRxZPPPSTATUS          0x000020     0x2  Data  Gb  ApiAtCmd.o [1]
ucRxZTTS0               0x000026     0x2  Data  Gb  ApiAtCmd.o [1]
ucSetGPS                0x00006b     0x2  Data  Gb  ApiPocCmd.o [1]
ucSetIPAndID            0x00005f     0x2  Data  Gb  ApiPocCmd.o [1]
ucSetLanguage           0x00007b     0x2  Data  Gb  Task.o [1]
ucSetURL                0x000071     0x2  Data  Gb  ApiPocCmd.o [1]
ucSixtyPercentPower     0x000095     0x2  Data  Gb  Voice.o [1]
ucStartPTT              0x000063     0x2  Data  Gb  ApiPocCmd.o [1]
ucTwentyPercentPower    0x000091     0x2  Data  Gb  Voice.o [1]
ucTxCIMI                0x000010     0x2  Data  Gb  ApiAtCmd.o [1]
ucTxCSQ                 0x000014     0x2  Data  Gb  ApiAtCmd.o [1]
ucTxPlayZtts            0x000016     0x2  Data  Gb  ApiAtCmd.o [1]
ucTxPocHeadInfo         0x000073     0x2  Data  Gb  DrvGD83.o [1]
ucTxReset               0x000018     0x2  Data  Gb  ApiAtCmd.o [1]
ucTxZPPPOPEN            0x000012     0x2  Data  Gb  ApiAtCmd.o [1]
ucUserListInfo          0x000069     0x2  Data  Gb  ApiPocCmd.o [1]


[1] = E:\1-source\4-A508_WCDMA_CORGET_CHINESE\PRJ\Debug\Obj
[2] = command line
[3] = GT20L16_STM8_DOUBLE_MEDIUM_IAR.a
[4] = dbgstm8mmd.a
[5] = dlstm8mmn.a

  42 803 bytes of readonly  code memory
  10 718 bytes of readonly  data memory
   5 330 bytes of readwrite data memory

Errors: none
Warnings: none
