###############################################################################
#
# IAR ELF Linker V2.20.1.176 for STM8                     27/Jul/2018  11:32:30
# Copyright 2010-2015 IAR Systems AB.
#
#    Output file  =  
#        E:\1-source\4-A508_WCDMA_CORGET_CHINESE\PRJ\Debug\Exe\A508_DEMO1.out
#    Map file     =  
#        E:\1-source\4-A508_WCDMA_CORGET_CHINESE\PRJ\Debug\List\A508_DEMO1.map
#    Command line =  
#        E:\1-source\4-A508_WCDMA_CORGET_CHINESE\PRJ\Debug\Obj\ADC.o
#        E:\1-source\4-A508_WCDMA_CORGET_CHINESE\PRJ\Debug\Obj\ApiAtCmd.o
#        E:\1-source\4-A508_WCDMA_CORGET_CHINESE\PRJ\Debug\Obj\ApiBeidou.o
#        E:\1-source\4-A508_WCDMA_CORGET_CHINESE\PRJ\Debug\Obj\ApiDisplay.o
#        E:\1-source\4-A508_WCDMA_CORGET_CHINESE\PRJ\Debug\Obj\ApiGpsCmd.o
#        E:\1-source\4-A508_WCDMA_CORGET_CHINESE\PRJ\Debug\Obj\ApiKeyboard.o
#        E:\1-source\4-A508_WCDMA_CORGET_CHINESE\PRJ\Debug\Obj\ApiLED.o
#        E:\1-source\4-A508_WCDMA_CORGET_CHINESE\PRJ\Debug\Obj\ApiMenu.o
#        E:\1-source\4-A508_WCDMA_CORGET_CHINESE\PRJ\Debug\Obj\ApiPocCmd.o
#        E:\1-source\4-A508_WCDMA_CORGET_CHINESE\PRJ\Debug\Obj\Beep.o
#        E:\1-source\4-A508_WCDMA_CORGET_CHINESE\PRJ\Debug\Obj\CommonLib.o
#        E:\1-source\4-A508_WCDMA_CORGET_CHINESE\PRJ\Debug\Obj\Config.o
#        E:\1-source\4-A508_WCDMA_CORGET_CHINESE\PRJ\Debug\Obj\Delay.o
#        E:\1-source\4-A508_WCDMA_CORGET_CHINESE\PRJ\Debug\Obj\DrvGD83.o
#        E:\1-source\4-A508_WCDMA_CORGET_CHINESE\PRJ\Debug\Obj\DrvGT20L16S1Y.o
#        E:\1-source\4-A508_WCDMA_CORGET_CHINESE\PRJ\Debug\Obj\DrvHTG12832.o
#        E:\1-source\4-A508_WCDMA_CORGET_CHINESE\PRJ\Debug\Obj\DrvKeyboard.o
#        E:\1-source\4-A508_WCDMA_CORGET_CHINESE\PRJ\Debug\Obj\Flash_eeprom.o
#        E:\1-source\4-A508_WCDMA_CORGET_CHINESE\SRC\Syetem\GT20L16_STM8_DOUBLE_MEDIUM_IAR.a
#        E:\1-source\4-A508_WCDMA_CORGET_CHINESE\PRJ\Debug\Obj\GT20L16P1Y_D.o
#        E:\1-source\4-A508_WCDMA_CORGET_CHINESE\PRJ\Debug\Obj\KeyCmd.o
#        E:\1-source\4-A508_WCDMA_CORGET_CHINESE\PRJ\Debug\Obj\main.o
#        E:\1-source\4-A508_WCDMA_CORGET_CHINESE\PRJ\Debug\Obj\McuConfig.o
#        E:\1-source\4-A508_WCDMA_CORGET_CHINESE\PRJ\Debug\Obj\stm8s_adc2.o
#        E:\1-source\4-A508_WCDMA_CORGET_CHINESE\PRJ\Debug\Obj\stm8s_awu.o
#        E:\1-source\4-A508_WCDMA_CORGET_CHINESE\PRJ\Debug\Obj\stm8s_beep.o
#        E:\1-source\4-A508_WCDMA_CORGET_CHINESE\PRJ\Debug\Obj\stm8s_clk.o
#        E:\1-source\4-A508_WCDMA_CORGET_CHINESE\PRJ\Debug\Obj\stm8s_exti.o
#        E:\1-source\4-A508_WCDMA_CORGET_CHINESE\PRJ\Debug\Obj\stm8s_flash.o
#        E:\1-source\4-A508_WCDMA_CORGET_CHINESE\PRJ\Debug\Obj\stm8s_gpio.o
#        E:\1-source\4-A508_WCDMA_CORGET_CHINESE\PRJ\Debug\Obj\stm8s_i2c.o
#        E:\1-source\4-A508_WCDMA_CORGET_CHINESE\PRJ\Debug\Obj\stm8s_it.o
#        E:\1-source\4-A508_WCDMA_CORGET_CHINESE\PRJ\Debug\Obj\stm8s_itc.o
#        E:\1-source\4-A508_WCDMA_CORGET_CHINESE\PRJ\Debug\Obj\stm8s_iwdg.o
#        E:\1-source\4-A508_WCDMA_CORGET_CHINESE\PRJ\Debug\Obj\stm8s_rst.o
#        E:\1-source\4-A508_WCDMA_CORGET_CHINESE\PRJ\Debug\Obj\stm8s_spi.o
#        E:\1-source\4-A508_WCDMA_CORGET_CHINESE\PRJ\Debug\Obj\stm8s_tim1.o
#        E:\1-source\4-A508_WCDMA_CORGET_CHINESE\PRJ\Debug\Obj\stm8s_tim2.o
#        E:\1-source\4-A508_WCDMA_CORGET_CHINESE\PRJ\Debug\Obj\stm8s_tim3.o
#        E:\1-source\4-A508_WCDMA_CORGET_CHINESE\PRJ\Debug\Obj\stm8s_tim4.o
#        E:\1-source\4-A508_WCDMA_CORGET_CHINESE\PRJ\Debug\Obj\stm8s_uart1.o
#        E:\1-source\4-A508_WCDMA_CORGET_CHINESE\PRJ\Debug\Obj\stm8s_uart3.o
#        E:\1-source\4-A508_WCDMA_CORGET_CHINESE\PRJ\Debug\Obj\stm8s_wwdg.o
#        E:\1-source\4-A508_WCDMA_CORGET_CHINESE\PRJ\Debug\Obj\sysclock.o
#        E:\1-source\4-A508_WCDMA_CORGET_CHINESE\PRJ\Debug\Obj\System.o
#        E:\1-source\4-A508_WCDMA_CORGET_CHINESE\PRJ\Debug\Obj\Task.o
#        E:\1-source\4-A508_WCDMA_CORGET_CHINESE\PRJ\Debug\Obj\Tone.o
#        E:\1-source\4-A508_WCDMA_CORGET_CHINESE\PRJ\Debug\Obj\uart3.o
#        E:\1-source\4-A508_WCDMA_CORGET_CHINESE\PRJ\Debug\Obj\Voice.o
#        --redirect _Printf=_PrintfSmall --redirect _Scanf=_ScanfSmall -o
#        E:\1-source\4-A508_WCDMA_CORGET_CHINESE\PRJ\Debug\Exe\A508_DEMO1.out
#        --map
#        E:\1-source\4-A508_WCDMA_CORGET_CHINESE\PRJ\Debug\List\A508_DEMO1.map
#        --config "C:\Program Files\IAR Systems\Embedded Workbench
#        7.3\stm8\config\lnkstm8s007c8.icf" --config_def _CSTACK_SIZE=0x100
#        --config_def _HEAP_SIZE=0x00 --entry __iar_program_start --debug_lib
#
###############################################################################

*******************************************************************************
*** RUNTIME MODEL ATTRIBUTES
***

__SystemLibrary            = DLib
__code_model               = medium_or_large
__core                     = stm8
__data_model               = medium
__dlib_file_descriptor     = 0
__dlib_full_locale_support = 0
__rt_version               = 4


*******************************************************************************
*** PLACEMENT SUMMARY
***

"A1":  place at start of [0x000000-0x0000ff] { rw section .vregs };
"A2":  place at end of [0x000000-0x0017ff] { block CSTACK };
"P2":  place in [from 0x000000 to 0x0017ff] {
          block HEAP, rw section __DLIB_PERTHREAD, rw section .far.bss,
          rw section .far.data, rw section .far.noinit,
          rw section .far_func.textrw, rw section .huge.bss,
          rw section .huge.data, rw section .huge.noinit,
          rw section .huge_func.textrw, rw section .iar.dynexit,
          rw section .near.bss, rw section .near.data, rw section .near.noinit,
          rw section .near_func.textrw };
"A3":  place at start of [0x008000-0x00ffff] { block INTVEC };
"P3":  place in [from 0x008000 to 0x00ffff] {
          ro section __DLIB_PERTHREAD_init, ro section .far.data_init,
          ro section .far_func.textrw_init, ro section .huge.data_init,
          ro section .huge_func.textrw_init, ro section .iar.init_table,
          ro section .init_array, ro section .near.data_init,
          ro section .near.rodata, ro section .near_func.text,
          ro section .near_func.textrw_init, ro section .tiny.data_init,
          ro section .tiny.rodata_init };
"P4":  place in [from 0x008000 to 0x00ffff repeat 2] {
          ro section .far.rodata, ro section .far_func.text };

  Section            Kind      Address    Size  Object
  -------            ----      -------    ----  ------
"A1":                                     0x10
  .vregs             uninit   0x000000    0x10  vregs.o [5]
                            - 0x000010    0x10

"P2", part 1 of 2:                        0x95
  P2-1                        0x000010    0x95  <Init block>
    .near.data       inited   0x000010     0x2  ApiAtCmd.o [1]
    .near.data       inited   0x000012     0x2  ApiAtCmd.o [1]
    .near.data       inited   0x000014     0x2  ApiAtCmd.o [1]
    .near.data       inited   0x000016     0x2  ApiAtCmd.o [1]
    .near.data       inited   0x000018     0x2  ApiAtCmd.o [1]
    .near.data       inited   0x00001a     0x2  ApiAtCmd.o [1]
    .near.data       inited   0x00001c     0x2  ApiAtCmd.o [1]
    .near.data       inited   0x00001e     0x2  ApiAtCmd.o [1]
    .near.data       inited   0x000020     0x2  ApiAtCmd.o [1]
    .near.data       inited   0x000022     0x2  ApiAtCmd.o [1]
    .near.data       inited   0x000024     0x2  ApiAtCmd.o [1]
    .near.data       inited   0x000026     0x2  ApiAtCmd.o [1]
    .near.data       inited   0x000028     0x2  ApiDisplay.o [1]
    .near.data       inited   0x00002a     0x2  ApiDisplay.o [1]
    .near.data       inited   0x00002c     0x2  ApiDisplay.o [1]
    .near.data       inited   0x00002e     0x2  ApiDisplay.o [1]
    .near.data       inited   0x000030     0x2  ApiDisplay.o [1]
    .near.data       inited   0x000032     0x2  ApiDisplay.o [1]
    .near.data       inited   0x000034     0x2  ApiDisplay.o [1]
    .near.data       inited   0x000036     0x2  ApiDisplay.o [1]
    .near.data       inited   0x000038     0x2  ApiDisplay.o [1]
    .near.data       inited   0x00003a     0x2  ApiDisplay.o [1]
    .near.data       inited   0x00003c     0x2  ApiDisplay.o [1]
    .near.data       inited   0x00003e     0x2  ApiDisplay.o [1]
    .near.data       inited   0x000040     0x2  ApiDisplay.o [1]
    .near.data       inited   0x000042     0x2  ApiDisplay.o [1]
    .near.data       inited   0x000044     0x2  ApiDisplay.o [1]
    .near.data       inited   0x000046     0x2  ApiDisplay.o [1]
    .near.data       inited   0x000048     0x2  ApiDisplay.o [1]
    .near.data       inited   0x00004a     0x2  ApiDisplay.o [1]
    .near.data       inited   0x00004c     0x2  ApiDisplay.o [1]
    .near.data       inited   0x00004e     0x2  ApiDisplay.o [1]
    .near.data       inited   0x000050     0x2  ApiDisplay.o [1]
    .near.data       inited   0x000052     0x2  ApiDisplay.o [1]
    .near.data       inited   0x000054     0x1  ApiKeyboard.o [1]
    .near.data       inited   0x000055     0x2  ApiKeyboard.o [1]
    .near.data       inited   0x000057     0x2  ApiKeyboard.o [1]
    .near.data       inited   0x000059     0x1  ApiKeyboard.o [1]
    .near.data       inited   0x00005a     0x1  ApiKeyboard.o [1]
    .near.data       inited   0x00005b     0x1  ApiKeyboard.o [1]
    .near.data       inited   0x00005c     0x1  ApiKeyboard.o [1]
    .near.data       inited   0x00005d     0x2  ApiPocCmd.o [1]
    .near.data       inited   0x00005f     0x2  ApiPocCmd.o [1]
    .near.data       inited   0x000061     0x2  ApiPocCmd.o [1]
    .near.data       inited   0x000063     0x2  ApiPocCmd.o [1]
    .near.data       inited   0x000065     0x2  ApiPocCmd.o [1]
    .near.data       inited   0x000067     0x2  ApiPocCmd.o [1]
    .near.data       inited   0x000069     0x2  ApiPocCmd.o [1]
    .near.data       inited   0x00006b     0x2  ApiPocCmd.o [1]
    .near.data       inited   0x00006d     0x2  ApiPocCmd.o [1]
    .near.data       inited   0x00006f     0x2  ApiPocCmd.o [1]
    .near.data       inited   0x000071     0x2  ApiPocCmd.o [1]
    .near.data       inited   0x000073     0x2  DrvGD83.o [1]
    .near.data       inited   0x000075     0x2  DrvGD83.o [1]
    .near.data       inited   0x000077     0x2  DrvGD83.o [1]
    .near.data       inited   0x000079     0x2  DrvGD83.o [1]
    .near.data       inited   0x00007b     0x2  Task.o [1]
    .near.data       inited   0x00007d     0x2  Task.o [1]
    .near.data       inited   0x00007f     0x2  Task.o [1]
    .near.data       inited   0x000081     0x2  Voice.o [1]
    .near.data       inited   0x000083     0x2  Voice.o [1]
    .near.data       inited   0x000085     0x2  Voice.o [1]
    .near.data       inited   0x000087     0x2  Voice.o [1]
    .near.data       inited   0x000089     0x2  Voice.o [1]
    .near.data       inited   0x00008b     0x2  Voice.o [1]
    .near.data       inited   0x00008d     0x2  Voice.o [1]
    .near.data       inited   0x00008f     0x2  Voice.o [1]
    .near.data       inited   0x000091     0x2  Voice.o [1]
    .near.data       inited   0x000093     0x2  Voice.o [1]
    .near.data       inited   0x000095     0x2  Voice.o [1]
    .near.data       inited   0x000097     0x2  Voice.o [1]
    .near.data       inited   0x000099     0x2  Voice.o [1]
    .near.data       inited   0x00009b     0x2  Voice.o [1]
    .near.data       inited   0x00009d     0x2  Voice.o [1]
    .near.data       inited   0x00009f     0x2  Voice.o [1]
    .near.data       inited   0x0000a1     0x2  Voice.o [1]
    .near.data       inited   0x0000a3     0x2  Voice.o [1]
                            - 0x0000a5    0x95

"P2", part 2 of 2:                      0x1330
  .near.bss          zero     0x0000a5   0x8fe  ApiPocCmd.o [1]
  .near.bss          zero     0x0009a3   0x478  DrvGD83.o [1]
  .near.bss          zero     0x000e1b   0x200  ApiDisplay.o [1]
  .near.bss          zero     0x00101b   0x1c3  ApiGpsCmd.o [1]
  .near.bss          zero     0x0011de    0x75  uart3.o [1]
  .near.bss          zero     0x001253    0x4b  ApiBeidou.o [1]
  .near.bss          zero     0x00129e    0x40  ApiDisplay.o [1]
  .near.bss          zero     0x0012de    0x25  ApiAtCmd.o [1]
  .near.bss          zero     0x001303    0x23  Delay.o [1]
  .near.bss          zero     0x001326    0x1d  ApiBeidou.o [1]
  .near.bss          zero     0x001343    0x14  System.o [1]
  .near.bss          zero     0x001357    0x12  Beep.o [1]
  .near.bss          zero     0x001369    0x12  Tone.o [1]
  .near.bss          zero     0x00137b     0x6  ApiBeidou.o [1]
  .near.bss          zero     0x001381     0x6  Voice.o [1]
  .near.bss          zero     0x001387     0x4  uart3.o [1]
  .near.bss          zero     0x00138b     0x3  Task.o [1]
  .near.bss          zero     0x00138e     0x2  ApiDisplay.o [1]
  .near.bss          zero     0x001390     0x2  Delay.o [1]
  .near.bss          zero     0x001392     0x2  Delay.o [1]
  .near.bss          zero     0x001394     0x2  Delay.o [1]
  .near.bss          zero     0x001396     0x2  DrvHTG12832.o [1]
  .near.bss          zero     0x001398     0x2  Tone.o [1]
  .near.bss          zero     0x00139a     0x1  ADC.o [1]
  .near.bss          zero     0x00139b     0x1  ADC.o [1]
  .near.bss          zero     0x00139c     0x1  ADC.o [1]
  .near.bss          zero     0x00139d     0x1  ADC.o [1]
  .near.bss          zero     0x00139e     0x1  ADC.o [1]
  .near.bss          zero     0x00139f     0x1  ADC.o [1]
  .near.bss          zero     0x0013a0     0x1  ADC.o [1]
  .near.bss          zero     0x0013a1     0x1  ApiAtCmd.o [1]
  .near.bss          zero     0x0013a2     0x1  ApiBeidou.o [1]
  .near.bss          zero     0x0013a3     0x1  ApiGpsCmd.o [1]
  .near.bss          zero     0x0013a4     0x1  ApiGpsCmd.o [1]
  .near.bss          zero     0x0013a5     0x1  ApiGpsCmd.o [1]
  .near.bss          zero     0x0013a6     0x1  ApiGpsCmd.o [1]
  .near.bss          zero     0x0013a7     0x1  ApiKeyboard.o [1]
  .near.bss          zero     0x0013a8     0x1  ApiKeyboard.o [1]
  .near.bss          zero     0x0013a9     0x1  ApiKeyboard.o [1]
  .near.bss          zero     0x0013aa     0x1  ApiKeyboard.o [1]
  .near.bss          zero     0x0013ab     0x1  ApiKeyboard.o [1]
  .near.bss          zero     0x0013ac     0x1  ApiKeyboard.o [1]
  .near.bss          zero     0x0013ad     0x1  ApiKeyboard.o [1]
  .near.bss          zero     0x0013ae     0x1  ApiKeyboard.o [1]
  .near.bss          zero     0x0013af     0x1  ApiKeyboard.o [1]
  .near.bss          zero     0x0013b0     0x1  ApiKeyboard.o [1]
  .near.bss          zero     0x0013b1     0x1  ApiKeyboard.o [1]
  .near.bss          zero     0x0013b2     0x1  ApiKeyboard.o [1]
  .near.bss          zero     0x0013b3     0x1  ApiKeyboard.o [1]
  .near.bss          zero     0x0013b4     0x1  ApiKeyboard.o [1]
  .near.bss          zero     0x0013b5     0x1  ApiKeyboard.o [1]
  .near.bss          zero     0x0013b6     0x1  ApiKeyboard.o [1]
  .near.bss          zero     0x0013b7     0x1  ApiKeyboard.o [1]
  .near.bss          zero     0x0013b8     0x1  ApiKeyboard.o [1]
  .near.bss          zero     0x0013b9     0x1  ApiKeyboard.o [1]
  .near.bss          zero     0x0013ba     0x1  ApiKeyboard.o [1]
  .near.bss          zero     0x0013bb     0x1  ApiKeyboard.o [1]
  .near.bss          zero     0x0013bc     0x1  ApiLED.o [1]
  .near.bss          zero     0x0013bd     0x1  ApiMenu.o [1]
  .near.bss          zero     0x0013be     0x1  ApiMenu.o [1]
  .near.bss          zero     0x0013bf     0x1  ApiMenu.o [1]
  .near.bss          zero     0x0013c0     0x1  ApiMenu.o [1]
  .near.bss          zero     0x0013c1     0x1  ApiMenu.o [1]
  .near.bss          zero     0x0013c2     0x1  ApiMenu.o [1]
  .near.bss          zero     0x0013c3     0x1  ApiMenu.o [1]
  .near.bss          zero     0x0013c4     0x1  ApiMenu.o [1]
  .near.bss          zero     0x0013c5     0x1  Delay.o [1]
  .near.bss          zero     0x0013c6     0x1  Delay.o [1]
  .near.bss          zero     0x0013c7     0x1  DrvGD83.o [1]
  .near.bss          zero     0x0013c8     0x1  stm8s_it.o [1]
  .near.bss          zero     0x0013c9     0x1  Task.o [1]
  .near.bss          zero     0x0013ca     0x1  Task.o [1]
  .near.bss          zero     0x0013cb     0x1  Task.o [1]
  .near.bss          zero     0x0013cc     0x1  Task.o [1]
  .near.bss          zero     0x0013cd     0x1  Task.o [1]
  .near.bss          zero     0x0013ce     0x1  Task.o [1]
  .near.bss          zero     0x0013cf     0x1  Task.o [1]
  .near.bss          zero     0x0013d0     0x1  Task.o [1]
  .near.bss          zero     0x0013d1     0x1  Task.o [1]
  .near.bss          zero     0x0013d2     0x1  Task.o [1]
  .near.bss          zero     0x0013d3     0x1  Tone.o [1]
  .near.bss          zero     0x0013d4     0x1  uart3.o [1]
                            - 0x0013d5  0x1330

"A2":                                    0x100
  CSTACK                      0x001700   0x100  <Block>
    CSTACK           uninit   0x001700   0x100  <Block tail>
                            - 0x001800   0x100

"A3":                                     0x80
  INTVEC                      0x008000    0x80  <Block>
    .intvec          const    0x008000    0x80  interrupt.o [5]
                            - 0x008080    0x80

"P3":                                   0x295e
  .near.rodata       const    0x008080  0x1b00  GT20L16P1Y_D.o [1]
  .near.rodata       const    0x009b80   0x400  ApiDisplay.o [1]
  .near.rodata       const    0x009f80   0x1b0  GT20L16P1Y_D.o [1]
  .near.rodata       const    0x00a130   0x1b0  GT20L16P1Y_D.o [1]
  Initializer bytes  const    0x00a2e0    0x95  <for P2-1>
  .near_func.text    const    0x00a375    0x40  ApiDisplay.o [1]
  .near.rodata       const    0x00a3b5    0x3e  GT20L16P1Y.o [3]
  .near.rodata       const    0x00a3f3    0x2b  Task.o [1]
  .iar.init_table    const    0x00a41e    0x14  - Linker created -
  .near.rodata       const    0x00a432    0x20  KeyCmd.o [1]
  .near.rodata       const    0x00a452    0x1d  Voice.o [1]
  .near.rodata       const    0x00a46f    0x1d  Voice.o [1]
  .near.rodata       const    0x00a48c    0x1d  Voice.o [1]
  .near.rodata       const    0x00a4a9    0x1d  Voice.o [1]
  .near.rodata       const    0x00a4c6    0x1d  Voice.o [1]
  .near.rodata       const    0x00a4e3    0x1d  Voice.o [1]
  .near.rodata       const    0x00a500    0x19  Voice.o [1]
  .near.rodata       const    0x00a519    0x18  ApiKeyboard.o [1]
  .near.rodata       const    0x00a531    0x18  ApiKeyboard.o [1]
  .near.rodata       const    0x00a549    0x18  Task.o [1]
  .near.rodata       const    0x00a561    0x15  Voice.o [1]
  .near.rodata       const    0x00a576    0x15  Voice.o [1]
  .near.rodata       const    0x00a58b    0x14  Task.o [1]
  .near.rodata       const    0x00a59f    0x13  ApiAtCmd.o [1]
  .near.rodata       const    0x00a5b2    0x11  ApiDisplay.o [1]
  .near.rodata       const    0x00a5c3    0x11  ApiDisplay.o [1]
  .near.rodata       const    0x00a5d4    0x11  ApiDisplay.o [1]
  .near.rodata       const    0x00a5e5    0x11  ApiDisplay.o [1]
  .near.rodata       const    0x00a5f6    0x11  ApiDisplay.o [1]
  .near.rodata       const    0x00a607    0x11  ApiDisplay.o [1]
  .near.rodata       const    0x00a618    0x11  ApiDisplay.o [1]
  .near.rodata       const    0x00a629    0x11  ApiDisplay.o [1]
  .near.rodata       const    0x00a63a    0x11  ApiDisplay.o [1]
  .near.rodata       const    0x00a64b    0x11  ApiDisplay.o [1]
  .near.rodata       const    0x00a65c    0x11  ApiDisplay.o [1]
  .near.rodata       const    0x00a66d    0x11  ApiDisplay.o [1]
  .near.rodata       const    0x00a67e    0x11  ApiDisplay.o [1]
  .near.rodata       const    0x00a68f    0x11  ApiDisplay.o [1]
  .near.rodata       const    0x00a6a0    0x11  ApiDisplay.o [1]
  .near.rodata       const    0x00a6b1    0x11  ApiDisplay.o [1]
  .near.rodata       const    0x00a6c2    0x11  ApiDisplay.o [1]
  .near.rodata       const    0x00a6d3    0x11  ApiDisplay.o [1]
  .near.rodata       const    0x00a6e4    0x11  ApiDisplay.o [1]
  .near.rodata       const    0x00a6f5    0x11  ApiDisplay.o [1]
  .near.rodata       const    0x00a706    0x11  ApiKeyboard.o [1]
  .near.rodata       const    0x00a717    0x11  ApiMenu.o [1]
  .near.rodata       const    0x00a728    0x11  ApiMenu.o [1]
  .near.rodata       const    0x00a739    0x11  ApiMenu.o [1]
  .near.rodata       const    0x00a74a    0x11  ApiMenu.o [1]
  .near.rodata       const    0x00a75b    0x11  ApiMenu.o [1]
  .near.rodata       const    0x00a76c    0x11  ApiMenu.o [1]
  .near.rodata       const    0x00a77d    0x11  ApiMenu.o [1]
  .near.rodata       const    0x00a78e    0x11  ApiMenu.o [1]
  .near.rodata       const    0x00a79f    0x11  ApiPocCmd.o [1]
  .near.rodata       const    0x00a7b0    0x11  ApiPocCmd.o [1]
  .near.rodata       const    0x00a7c1    0x11  CommonLib.o [1]
  .near.rodata       const    0x00a7d2    0x11  KeyCmd.o [1]
  .near.rodata       const    0x00a7e3    0x11  Task.o [1]
  .near.rodata       const    0x00a7f4    0x11  Voice.o [1]
  .near.rodata       const    0x00a805    0x11  Voice.o [1]
  .near.rodata       const    0x00a816    0x11  Voice.o [1]
  .near.rodata       const    0x00a827    0x11  Voice.o [1]
  .near.rodata       const    0x00a838    0x11  Voice.o [1]
  .near.rodata       const    0x00a849    0x11  Voice.o [1]
  .near.rodata       const    0x00a85a    0x10  ApiDisplay.o [1]
  .near.rodata       const    0x00a86a    0x10  ApiDisplay.o [1]
  .near.rodata       const    0x00a87a    0x10  uart3.o [1]
  .near.rodata       const    0x00a88a     0xf  ApiPocCmd.o [1]
  .near.rodata       const    0x00a899     0xe  ApiAtCmd.o [1]
  .near.rodata       const    0x00a8a7     0xd  Voice.o [1]
  .near.rodata       const    0x00a8b4     0xd  Voice.o [1]
  .near.rodata       const    0x00a8c1     0xd  Voice.o [1]
  .near.rodata       const    0x00a8ce     0xc  ApiAtCmd.o [1]
  .near.rodata       const    0x00a8da     0xc  ApiAtCmd.o [1]
  .near.rodata       const    0x00a8e6     0xb  ApiPocCmd.o [1]
  .near.rodata       const    0x00a8f1     0xa  ApiAtCmd.o [1]
  .near.rodata       const    0x00a8fb     0x9  ApiAtCmd.o [1]
  .near.rodata       const    0x00a904     0x9  DrvGD83.o [1]
  .near.rodata       const    0x00a90d     0x8  ApiAtCmd.o [1]
  .near.rodata       const    0x00a915     0x8  ApiAtCmd.o [1]
  .near.rodata       const    0x00a91d     0x8  ApiDisplay.o [1]
  .near.rodata       const    0x00a925     0x8  ApiPocCmd.o [1]
  .near.rodata       const    0x00a92d     0x7  ApiAtCmd.o [1]
  .near.rodata       const    0x00a934     0x7  ApiAtCmd.o [1]
  .near.rodata       const    0x00a93b     0x7  ApiPocCmd.o [1]
  .near.rodata       const    0x00a942     0x7  ApiPocCmd.o [1]
  .near.rodata       const    0x00a949     0x7  ApiPocCmd.o [1]
  .near.rodata       const    0x00a950     0x7  ApiPocCmd.o [1]
  .near.rodata       const    0x00a957     0x7  ApiPocCmd.o [1]
  .near.rodata       const    0x00a95e     0x7  ApiPocCmd.o [1]
  .near.rodata       const    0x00a965     0x7  ApiPocCmd.o [1]
  .near.rodata       const    0x00a96c     0x7  ApiPocCmd.o [1]
  .near.rodata       const    0x00a973     0x7  ApiPocCmd.o [1]
  .near.rodata       const    0x00a97a     0x7  DrvGD83.o [1]
  .near.rodata       const    0x00a981     0x6  ApiAtCmd.o [1]
  .near.rodata       const    0x00a987     0x6  DrvGD83.o [1]
  .near.rodata       const    0x00a98d     0x5  ApiAtCmd.o [1]
  .near.rodata       const    0x00a992     0x4  ApiDisplay.o [1]
  .near.rodata       const    0x00a996     0x4  ApiDisplay.o [1]
  .near.rodata       const    0x00a99a     0x4  ApiDisplay.o [1]
  .near.rodata       const    0x00a99e     0x4  ApiDisplay.o [1]
  .near.rodata       const    0x00a9a2     0x4  ApiDisplay.o [1]
  .near.rodata       const    0x00a9a6     0x4  ApiMenu.o [1]
  .near.rodata       const    0x00a9aa     0x4  ApiMenu.o [1]
  .near.rodata       const    0x00a9ae     0x4  ApiMenu.o [1]
  .near.rodata       const    0x00a9b2     0x4  ApiMenu.o [1]
  .near.rodata       const    0x00a9b6     0x4  ApiMenu.o [1]
  .near.rodata       const    0x00a9ba     0x4  ApiMenu.o [1]
  .near.rodata       const    0x00a9be     0x4  ApiMenu.o [1]
  .near.rodata       const    0x00a9c2     0x4  ApiPocCmd.o [1]
  .near.rodata       const    0x00a9c6     0x4  stm8s_clk.o [1]
  .near.rodata       const    0x00a9ca     0x4  uart3.o [1]
  .near.rodata       const    0x00a9ce     0x4  uart3.o [1]
  .near.rodata       const    0x00a9d2     0x3  ApiPocCmd.o [1]
  .near.rodata       const    0x00a9d5     0x3  DrvGD83.o [1]
  .near.rodata       const    0x00a9d8     0x3  uart3.o [1]
  .near.rodata       const    0x00a9db     0x3  uart3.o [1]
                            - 0x00a9de  0x295e

"P4", part 1 of 2:                      0x45bb
  .far_func.text     ro code  0x00a9de   0x9d0  ApiKeyboard.o [1]
  .far_func.text     ro code  0x00b3ae   0x823  DrvGD83.o [1]
  .far_func.text     ro code  0x00bbd1   0x5ae  ApiPocCmd.o [1]
  .far_func.text     ro code  0x00c17f   0x5ad  Delay.o [1]
  .far_func.text     ro code  0x00c72c   0x58a  ApiPocCmd.o [1]
  .far_func.text     ro code  0x00ccb6   0x45e  ApiGpsCmd.o [1]
  .far_func.text     ro code  0x00d114   0x401  Task.o [1]
  .far_func.text     ro code  0x00d515   0x325  ApiDisplay.o [1]
  .far_func.text     ro code  0x00d83a   0x30f  Beep.o [1]
  .far_func.text     ro code  0x00db49   0x2ff  ApiGpsCmd.o [1]
  .far_func.text     ro code  0x00de48   0x2cd  GT20L16P1Y.o [3]
  .far_func.text     ro code  0x00e115   0x2bc  ADC.o [1]
  .far_func.text     ro code  0x00e3d1   0x28b  ApiMenu.o [1]
  .far_func.text     ro code  0x00e65c   0x252  DrvHTG12832.o [1]
  .far_func.text     ro code  0x00e8ae   0x251  GT20L16P1Y.o [3]
  .far_func.text     ro code  0x00eaff   0x24d  ApiGpsCmd.o [1]
  .far_func.text     ro code  0x00ed4c   0x24d  Voice.o [1]
                            - 0x00ef99  0x45bb

"P4", part 2 of 2:                      0x6340
  .far_func.text     ro code  0x010000   0x22c  Config.o [1]
  .far_func.text     ro code  0x01022c   0x211  DrvKeyboard.o [1]
  .far_func.text     ro code  0x01043d   0x20b  float.o [5]
  .far_func.text     ro code  0x010648   0x203  ApiGpsCmd.o [1]
  .far_func.text     ro code  0x01084b   0x1eb  ApiBeidou.o [1]
  .far_func.text     ro code  0x010a36   0x1e0  ApiPocCmd.o [1]
  .far_func.text     ro code  0x010c16   0x1e0  ApiPocCmd.o [1]
  .far_func.text     ro code  0x010df6   0x1d7  ApiMenu.o [1]
  .far_func.text     ro code  0x010fcd   0x1b2  uart3.o [1]
  .far_func.text     ro code  0x01117f   0x1b1  Task.o [1]
  .far_func.text     ro code  0x011330   0x1af  long.o [5]
  .far_func.text     ro code  0x0114df   0x1a9  ApiPocCmd.o [1]
  .far_func.text     ro code  0x011688   0x185  GT20L16P1Y.o [3]
  .far_func.text     ro code  0x01180d   0x178  ApiPocCmd.o [1]
  .far_func.text     ro code  0x011985   0x178  ApiPocCmd.o [1]
  .far_func.text     ro code  0x011afd   0x178  ApiPocCmd.o [1]
  .far_func.text     ro code  0x011c75   0x165  ApiGpsCmd.o [1]
  .far_func.text     ro code  0x011dda   0x15c  vreg_util.o [5]
  .far_func.text     ro code  0x011f36   0x159  stm8s_uart1.o [1]
  .far_func.text     ro code  0x01208f   0x155  ApiAtCmd.o [1]
  .far_func.text     ro code  0x0121e4   0x150  ApiMenu.o [1]
  .far_func.text     ro code  0x012334   0x148  DrvKeyboard.o [1]
  .far_func.text     ro code  0x01247c   0x13f  DrvKeyboard.o [1]
  .far_func.text     ro code  0x0125bb   0x13b  DrvGT20L16S1Y.o [1]
  .far_func.text     ro code  0x0126f6   0x134  CommonLib.o [1]
  .far_func.text     ro code  0x01282a   0x134  DrvGT20L16S1Y.o [1]
  .far_func.text     ro code  0x01295e   0x12a  stm8s_uart3.o [1]
  .far_func.text     ro code  0x012a88   0x11a  System.o [1]
  .far_func.text     ro code  0x012ba2   0x103  stm8s_itc.o [1]
  .far_func.text     ro code  0x012ca5    0xfa  CommonLib.o [1]
  .far_func.text     ro code  0x012d9f    0xf3  uart3.o [1]
  .far_func.text     ro code  0x012e92    0xeb  DrvGD83.o [1]
  .far_func.text     ro code  0x012f7d    0xe9  uart3.o [1]
  .far_func.text     ro code  0x013066    0xe5  ApiKeyboard.o [1]
  .far_func.text     ro code  0x01314b    0xdf  uart3.o [1]
  .far_func.text     ro code  0x01322a    0xd9  ApiDisplay.o [1]
  .far_func.text     ro code  0x013303    0xd0  ApiPocCmd.o [1]
  .far_func.text     ro code  0x0133d3    0xc8  ApiDisplay.o [1]
  .far_func.text     ro code  0x01349b    0xba  uart3.o [1]
  .far_func.text     ro code  0x013555    0xb6  stm8s_uart3.o [1]
  .far_func.text     ro code  0x01360b    0xb5  ApiAtCmd.o [1]
  .far_func.text     ro code  0x0136c0    0xb2  CommonLib.o [1]
  .far_func.text     ro code  0x013772    0xb0  ApiDisplay.o [1]
  .far_func.text     ro code  0x013822    0xaf  stm8s_gpio.o [1]
  .far_func.text     ro code  0x0138d1    0xad  uart3.o [1]
  .far_func.text     ro code  0x01397e    0xa5  Task.o [1]
  .far_func.text     ro code  0x013a23    0xa3  Delay.o [1]
  .far_func.text     ro code  0x013ac6    0xa2  stm8s_clk.o [1]
  .far_func.text     ro code  0x013b68    0x9b  ApiLED.o [1]
  .far_func.text     ro code  0x013c03    0x99  stm8s_tim1.o [1]
  .far_func.text     ro code  0x013c9c    0x97  ApiDisplay.o [1]
  .far_func.text     ro code  0x013d33    0x96  CommonLib.o [1]
  .far_func.text     ro code  0x013dc9    0x96  DrvKeyboard.o [1]
  .far_func.text     ro code  0x013e5f    0x95  uart3.o [1]
  .far_func.text     ro code  0x013ef4    0x92  stm8s_uart1.o [1]
  .far_func.text     ro code  0x013f86    0x8f  Tone.o [1]
  .far_func.text     ro code  0x014015    0x8f  uart3.o [1]
  .far_func.text     ro code  0x0140a4    0x8d  stm8s_uart3.o [1]
  .far_func.text     ro code  0x014131    0x8c  ApiAtCmd.o [1]
  .far_func.text     ro code  0x0141bd    0x88  ApiDisplay.o [1]
  .far_func.text     ro code  0x014245    0x83  ApiBeidou.o [1]
  .far_func.text     ro code  0x0142c8    0x82  stm8s_adc2.o [1]
  .far_func.text     ro code  0x01434a    0x80  DrvGD83.o [1]
  .far_func.text     ro code  0x0143ca    0x75  Delay.o [1]
  .far_func.text     ro code  0x01443f    0x73  ApiAtCmd.o [1]
  .far_func.text     ro code  0x0144b2    0x73  Delay.o [1]
  .far_func.text     ro code  0x014525    0x72  DrvKeyboard.o [1]
  .far_func.text     ro code  0x014597    0x72  long_util.o [5]
  .far_func.text     ro code  0x014609    0x71  Voice.o [1]
  .far_func.text     ro code  0x01467a    0x6e  uart3.o [1]
  .far_func.text     ro code  0x0146e8    0x6d  stm8s_uart1.o [1]
  .far_func.text     ro code  0x014755    0x6d  Tone.o [1]
  .far_func.text     ro code  0x0147c2    0x6b  Tone.o [1]
  .far_func.text     ro code  0x01482d    0x69  uart3.o [1]
  .far_func.text     ro code  0x014896    0x67  ApiBeidou.o [1]
  .far_func.text     ro code  0x0148fd    0x65  ApiBeidou.o [1]
  .far_func.text     ro code  0x014962    0x64  ApiDisplay.o [1]
  .far_func.text     ro code  0x0149c6    0x64  ApiGpsCmd.o [1]
  .far_func.text     ro code  0x014a2a    0x64  CommonLib.o [1]
  .far_func.text     ro code  0x014a8e    0x63  ApiPocCmd.o [1]
  .far_func.text     ro code  0x014af1    0x63  ApiPocCmd.o [1]
  .far_func.text     ro code  0x014b54    0x61  ApiDisplay.o [1]
  .far_func.text     ro code  0x014bb5    0x61  KeyCmd.o [1]
  .far_func.text     ro code  0x014c16    0x61  stm8s_tim1.o [1]
  .far_func.text     ro code  0x014c77    0x60  ApiPocCmd.o [1]
  .far_func.text     ro code  0x014cd7    0x5e  CommonLib.o [1]
  .far_func.text     ro code  0x014d35    0x5c  GT20L16P1Y_D.o [1]
  .far_func.text     ro code  0x014d91    0x5c  uart3.o [1]
  .far_func.text     ro code  0x014ded    0x58  stm8s_clk.o [1]
  .far_func.text     ro code  0x014e45    0x58  dc_util.o [5]
  .far_func.text     ro code  0x014e9d    0x57  ApiDisplay.o [1]
  .far_func.text     ro code  0x014ef4    0x55  ApiBeidou.o [1]
  .far_func.text     ro code  0x014f49    0x55  Delay.o [1]
  .far_func.text     ro code  0x014f9e    0x54  stm8s_adc2.o [1]
  .far_func.text     ro code  0x014ff2    0x52  uart3.o [1]
  .far_func.text     ro code  0x015044    0x52  Voice.o [1]
  .far_func.text     ro code  0x015096    0x50  Flash_eeprom.o [1]
  .far_func.text     ro code  0x0150e6    0x4f  ApiDisplay.o [1]
  .far_func.text     ro code  0x015135    0x4f  Flash_eeprom.o [1]
  .far_func.text     ro code  0x015184    0x4f  uart3.o [1]
  .far_func.text     ro code  0x0151d3    0x4e  CommonLib.o [1]
  .far_func.text     ro code  0x015221    0x4a  DrvGD83.o [1]
  .far_func.text     ro code  0x01526b    0x4a  DrvGD83.o [1]
  .far_func.text     ro code  0x0152b5    0x4a  DrvGD83.o [1]
  .far_func.text     ro code  0x0152ff    0x4a  DrvGD83.o [1]
  .far_func.text     ro code  0x015349    0x49  stm8s_uart3.o [1]
  .far_func.text     ro code  0x015392    0x48  Flash_eeprom.o [1]
  .far_func.text     ro code  0x0153da    0x48  GT20L16P1Y_D.o [1]
  .far_func.text     ro code  0x015422    0x48  GT20L16P1Y_D.o [1]
  .far_func.text     ro code  0x01546a    0x47  GT20L16P1Y.o [3]
  .far_func.text     ro code  0x0154b1    0x45  Flash_eeprom.o [1]
  .far_func.text     ro code  0x0154f6    0x44  ApiPocCmd.o [1]
  .far_func.text     ro code  0x01553a    0x44  short.o [5]
  .far_func.text     ro code  0x01557e    0x43  stm8s_it.o [1]
  .far_func.text     ro code  0x0155c1    0x43  stm8s_tim1.o [1]
  .far_func.text     ro code  0x015604    0x43  System.o [1]
  .far_func.text     ro code  0x015647    0x40  Task.o [1]
  .far_func.text     ro code  0x015687    0x3e  Flash_eeprom.o [1]
  .far_func.text     ro code  0x0156c5    0x3d  DrvGD83.o [1]
  .far_func.text     ro code  0x015702    0x3b  ADC.o [1]
  .far_func.text     ro code  0x01573d    0x3b  McuConfig.o [1]
  .far_func.text     ro code  0x015778    0x39  uart3.o [1]
  .far_func.text     ro code  0x0157b1    0x38  Beep.o [1]
  .far_func.text     ro code  0x0157e9    0x38  DrvGT20L16S1Y.o [1]
  .far_func.text     ro code  0x015821    0x36  stm8s_flash.o [1]
  .far_func.text     ro code  0x015857    0x36  sysclock.o [1]
  .far_func.text     ro code  0x01588d    0x36  memcmp.o [5]
  .far_func.text     ro code  0x0158c3    0x35  ApiPocCmd.o [1]
  .far_func.text     ro code  0x0158f8    0x35  ApiPocCmd.o [1]
  .far_func.text     ro code  0x01592d    0x35  ApiPocCmd.o [1]
  .far_func.text     ro code  0x015962    0x34  McuConfig.o [1]
  .far_func.text     ro code  0x015996    0x32  stm8s_uart1.o [1]
  .far_func.text     ro code  0x0159c8    0x30  stm8s_adc2.o [1]
  .far_func.text     ro code  0x0159f8    0x2f  stm8s_adc2.o [1]
  .far_func.text     ro code  0x015a27    0x2d  stm8s_uart1.o [1]
  .far_func.text     ro code  0x015a54    0x2c  DrvGD83.o [1]
  .far_func.text     ro code  0x015a80    0x2b  sysclock.o [1]
  .far_func.text     ro code  0x015aab    0x29  Delay.o [1]
  .far_func.text     ro code  0x015ad4    0x29  McuConfig.o [1]
  .far_func.text     ro code  0x015afd    0x28  ApiAtCmd.o [1]
  .far_func.text     ro code  0x015b25    0x28  ApiAtCmd.o [1]
  .far_func.text     ro code  0x015b4d    0x28  stm8s_flash.o [1]
  .far_func.text     ro code  0x015b75    0x28  init_small.o [5]
  .far_func.text     ro code  0x015b9d    0x27  ADC.o [1]
  .far_func.text     ro code  0x015bc4    0x27  main.o [1]
  .far_func.text     ro code  0x015beb    0x27  McuConfig.o [1]
  .far_func.text     ro code  0x015c12    0x26  GT20L16P1Y_D.o [1]
  .far_func.text     ro code  0x015c38    0x26  stm8s_it.o [1]
  .far_func.text     ro code  0x015c5e    0x26  Tone.o [1]
  .far_func.text     ro code  0x015c84    0x26  memcpy.o [5]
  .far_func.text     ro code  0x015caa    0x25  stm8s_flash.o [1]
  .far_func.text     ro code  0x015ccf    0x25  stm8s_uart3.o [1]
  .far_func.text     ro code  0x015cf4    0x25  move.o [5]
  .far_func.text     ro code  0x015d19    0x24  stm8s_tim1.o [1]
  .far_func.text     ro code  0x015d3d    0x24  Task.o [1]
  .far_func.text     ro code  0x015d61    0x22  ADC.o [1]
  .far_func.text     ro code  0x015d83    0x21  ApiGpsCmd.o [1]
  .far_func.text     ro code  0x015da4    0x21  stm8s_adc2.o [1]
  .far_func.text     ro code  0x015dc5    0x21  stm8s_it.o [1]
  .far_func.text     ro code  0x015de6    0x20  ApiPocCmd.o [1]
  .far_func.text     ro code  0x015e06    0x20  KeyCmd.o [1]
  .far_func.text     ro code  0x015e26    0x1f  sysclock.o [1]
  .far_func.text     ro code  0x015e45    0x1e  init.o [5]
  .far_func.text     ro code  0x015e63    0x1e  init_small.o [5]
  .far_func.text     ro code  0x015e81    0x1d  Task.o [1]
  .far_func.text     ro code  0x015e9e    0x1c  Beep.o [1]
  .far_func.text     ro code  0x015eba    0x1c  Delay.o [1]
  .far_func.text     ro code  0x015ed6    0x1b  stm8s_it.o [1]
  .far_func.text     ro code  0x015ef1    0x19  ApiAtCmd.o [1]
  .far_func.text     ro code  0x015f0a    0x19  McuConfig.o [1]
  .far_func.text     ro code  0x015f23    0x19  McuConfig.o [1]
  .far_func.text     ro code  0x015f3c    0x19  McuConfig.o [1]
  .far_func.text     ro code  0x015f55    0x19  McuConfig.o [1]
  .far_func.text     ro code  0x015f6e    0x19  McuConfig.o [1]
  .far_func.text     ro code  0x015f87    0x17  ApiDisplay.o [1]
  .far_func.text     ro code  0x015f9e    0x17  cstartup.o [5]
  .far_func.text     ro code  0x015fb5    0x17  memset.o [5]
  .far_func.text     ro code  0x015fcc    0x16  stm8s_flash.o [1]
  .far_func.text     ro code  0x015fe2    0x16  __dbg_xxexit.o [4]
  .far_func.text     ro code  0x015ff8    0x15  ApiPocCmd.o [1]
  .far_func.text     ro code  0x01600d    0x14  stm8s_flash.o [1]
  .far_func.text     ro code  0x016021    0x13  stm8s_adc2.o [1]
  .far_func.text     ro code  0x016034    0x13  stm8s_clk.o [1]
  .far_func.text     ro code  0x016047    0x13  stm8s_tim1.o [1]
  .far_func.text     ro code  0x01605a    0x13  stm8s_tim3.o [1]
  .far_func.text     ro code  0x01606d    0x12  KeyCmd.o [1]
  .far_func.text     ro code  0x01607f    0x12  uart3.o [1]
  .far_func.text     ro code  0x016091    0x12  strlen.o [5]
  .far_func.text     ro code  0x0160a3    0x10  ApiAtCmd.o [1]
  .far_func.text     ro code  0x0160b3    0x10  uart3.o [1]
  .far_func.text     ro code  0x0160c3     0xf  Voice.o [1]
  .far_func.text     ro code  0x0160d2     0xe  far_util.o [5]
  .far_func.text     ro code  0x0160e0     0xd  ApiAtCmd.o [1]
  .far_func.text     ro code  0x0160ed     0xd  McuConfig.o [1]
  .far_func.text     ro code  0x0160fa     0xd  McuConfig.o [1]
  .far_func.text     ro code  0x016107     0xd  McuConfig.o [1]
  .far_func.text     ro code  0x016114     0xd  McuConfig.o [1]
  .far_func.text     ro code  0x016121     0xd  stm8s_adc2.o [1]
  .far_func.text     ro code  0x01612e     0xd  stm8s_tim1.o [1]
  .far_func.text     ro code  0x01613b     0xd  stm8s_tim1.o [1]
  .far_func.text     ro code  0x016148     0xd  stm8s_tim1.o [1]
  .far_func.text     ro code  0x016155     0xd  stm8s_tim1.o [1]
  .far_func.text     ro code  0x016162     0xd  stm8s_tim3.o [1]
  .far_func.text     ro code  0x01616f     0xd  stm8s_tim3.o [1]
  .far_func.text     ro code  0x01617c     0xd  stm8s_uart1.o [1]
  .far_func.text     ro code  0x016189     0xd  stm8s_uart3.o [1]
  .far_func.text     ro code  0x016196     0xc  ApiAtCmd.o [1]
  .far_func.text     ro code  0x0161a2     0xc  ApiAtCmd.o [1]
  .far_func.text     ro code  0x0161ae     0xc  stm8s_tim3.o [1]
  .far_func.text     ro code  0x0161ba     0xb  ApiAtCmd.o [1]
  .far_func.text     ro code  0x0161c5     0xb  ApiAtCmd.o [1]
  .far_func.text     ro code  0x0161d0     0xb  stm8s_flash.o [1]
  .far_func.text     ro code  0x0161db     0xa  ApiAtCmd.o [1]
  .far_func.text     ro code  0x0161e5     0x9  stm8s_gpio.o [1]
  .far_func.text     ro code  0x0161ee     0x9  stm8s_tim1.o [1]
  .far_func.text     ro code  0x0161f7     0x9  stm8s_tim3.o [1]
  .far_func.text     ro code  0x016200     0x9  Tone.o [1]
  .far_func.text     ro code  0x016209     0x7  ApiBeidou.o [1]
  .far_func.text     ro code  0x016210     0x7  ApiBeidou.o [1]
  .far_func.text     ro code  0x016217     0x7  ApiBeidou.o [1]
  .far_func.text     ro code  0x01621e     0x7  ApiBeidou.o [1]
  .far_func.text     ro code  0x016225     0x7  ApiBeidou.o [1]
  .far_func.text     ro code  0x01622c     0x7  ApiPocCmd.o [1]
  .far_func.text     ro code  0x016233     0x7  ApiPocCmd.o [1]
  .far_func.text     ro code  0x01623a     0x7  ApiPocCmd.o [1]
  .far_func.text     ro code  0x016241     0x7  ApiPocCmd.o [1]
  .far_func.text     ro code  0x016248     0x7  stm8s_flash.o [1]
  .far_func.text     ro code  0x01624f     0x7  stm8s_gpio.o [1]
  .far_func.text     ro code  0x016256     0x6  char.o [5]
  .far_func.text     ro code  0x01625c     0x6  cexit.o [5]
  .far_func.text     ro code  0x016262     0x5  ApiPocCmd.o [1]
  .far_func.text     ro code  0x016267     0x5  stm8s_adc2.o [1]
  .far_func.text     ro code  0x01626c     0x5  stm8s_flash.o [1]
  .far_func.text     ro code  0x016271     0x5  stm8s_flash.o [1]
  .far_func.text     ro code  0x016276     0x5  stm8s_tim1.o [1]
  .far_func.text     ro code  0x01627b     0x5  stm8s_tim3.o [1]
  .far_func.text     ro code  0x016280     0x4  ApiAtCmd.o [1]
  .far_func.text     ro code  0x016284     0x4  ApiAtCmd.o [1]
  .far_func.text     ro code  0x016288     0x4  ApiBeidou.o [1]
  .far_func.text     ro code  0x01628c     0x4  ApiPocCmd.o [1]
  .far_func.text     ro code  0x016290     0x4  ApiPocCmd.o [1]
  .far_func.text     ro code  0x016294     0x4  ApiPocCmd.o [1]
  .far_func.text     ro code  0x016298     0x4  ApiPocCmd.o [1]
  .far_func.text     ro code  0x01629c     0x4  ApiPocCmd.o [1]
  .far_func.text     ro code  0x0162a0     0x4  ApiPocCmd.o [1]
  .far_func.text     ro code  0x0162a4     0x4  ApiPocCmd.o [1]
  .far_func.text     ro code  0x0162a8     0x4  ApiPocCmd.o [1]
  .far_func.text     ro code  0x0162ac     0x4  ApiPocCmd.o [1]
  .far_func.text     ro code  0x0162b0     0x4  ApiPocCmd.o [1]
  .far_func.text     ro code  0x0162b4     0x4  ApiPocCmd.o [1]
  .far_func.text     ro code  0x0162b8     0x4  ApiPocCmd.o [1]
  .far_func.text     ro code  0x0162bc     0x4  ApiPocCmd.o [1]
  .far_func.text     ro code  0x0162c0     0x4  ApiPocCmd.o [1]
  .far_func.text     ro code  0x0162c4     0x4  ApiPocCmd.o [1]
  .far_func.text     ro code  0x0162c8     0x4  ApiPocCmd.o [1]
  .far_func.text     ro code  0x0162cc     0x4  ApiPocCmd.o [1]
  .far_func.text     ro code  0x0162d0     0x4  ApiPocCmd.o [1]
  .far_func.text     ro code  0x0162d4     0x4  ApiPocCmd.o [1]
  .far_func.text     ro code  0x0162d8     0x4  ApiPocCmd.o [1]
  .far_func.text     ro code  0x0162dc     0x4  ApiPocCmd.o [1]
  .far_func.text     ro code  0x0162e0     0x4  ApiPocCmd.o [1]
  .far_func.text     ro code  0x0162e4     0x4  Delay.o [1]
  .far_func.text     ro code  0x0162e8     0x4  Delay.o [1]
  .far_func.text     ro code  0x0162ec     0x4  Delay.o [1]
  .far_func.text     ro code  0x0162f0     0x4  stm8s_gpio.o [1]
  .far_func.text     ro code  0x0162f4     0x4  stm8s_uart1.o [1]
  .far_func.text     ro code  0x0162f8     0x4  stm8s_uart1.o [1]
  .far_func.text     ro code  0x0162fc     0x4  stm8s_uart3.o [1]
  .far_func.text     ro code  0x016300     0x4  stm8s_uart3.o [1]
  .far_func.text     ro code  0x016304     0x4  System.o [1]
  .far_func.text     ro code  0x016308     0x4  System.o [1]
  .far_func.text     ro code  0x01630c     0x4  Task.o [1]
  .far_func.text     ro code  0x016310     0x4  Task.o [1]
  .far_func.text     ro code  0x016314     0x4  Task.o [1]
  .far_func.text     ro code  0x016318     0x4  Task.o [1]
  .far_func.text     ro code  0x01631c     0x4  interrupt.o [5]
  .far_func.text     ro code  0x016320     0x4  exit.o [5]
  .far_func.text     ro code  0x016324     0x3  low_level_init.o [5]
  .far_func.text     ro code  0x016327     0x3  unhandled_exception.o [5]
  .far_func.text     ro code  0x01632a     0x1  ApiKeyboard.o [1]
  .far_func.text     ro code  0x01632b     0x1  stm8s_it.o [1]
  .far_func.text     ro code  0x01632c     0x1  stm8s_it.o [1]
  .far_func.text     ro code  0x01632d     0x1  stm8s_it.o [1]
  .far_func.text     ro code  0x01632e     0x1  stm8s_it.o [1]
  .far_func.text     ro code  0x01632f     0x1  stm8s_it.o [1]
  .far_func.text     ro code  0x016330     0x1  stm8s_it.o [1]
  .far_func.text     ro code  0x016331     0x1  stm8s_it.o [1]
  .far_func.text     ro code  0x016332     0x1  stm8s_it.o [1]
  .far_func.text     ro code  0x016333     0x1  stm8s_it.o [1]
  .far_func.text     ro code  0x016334     0x1  stm8s_it.o [1]
  .far_func.text     ro code  0x016335     0x1  stm8s_it.o [1]
  .far_func.text     ro code  0x016336     0x1  stm8s_it.o [1]
  .far_func.text     ro code  0x016337     0x1  stm8s_it.o [1]
  .far_func.text     ro code  0x016338     0x1  stm8s_it.o [1]
  .far_func.text     ro code  0x016339     0x1  stm8s_it.o [1]
  .far_func.text     ro code  0x01633a     0x1  stm8s_it.o [1]
  .far_func.text     ro code  0x01633b     0x1  stm8s_it.o [1]
  .far_func.text     ro code  0x01633c     0x1  stm8s_it.o [1]
  .far_func.text     ro code  0x01633d     0x1  stm8s_it.o [1]
  .far_func.text     ro code  0x01633e     0x1  stm8s_it.o [1]
  .far_func.text     ro code  0x01633f     0x1  __dbg_break.o [4]
                            - 0x016340  0x6340


*******************************************************************************
*** INIT TABLE
***

          Address   Size
          -------   ----
Zero (__iar_zero_init2)
    1 destination range, total size 0x1330:
          0x0000a5  0x1330

Copy (__iar_copy_init2)
    1 source range, total size 0x95:
          0x00a2e0    0x95
    1 destination range, total size 0x95:
          0x000010    0x95



*******************************************************************************
*** MODULE SUMMARY
***

    Module                 ro code  ro data  rw data
    ------                 -------  -------  -------
E:\1-source\4-A508_WCDMA_CORGET_CHINESE\PRJ\Debug\Obj: [1]
    ADC.o                      832                 7
    ApiAtCmd.o                 975      141       62
    ApiBeidou.o                950               111
    ApiDisplay.o             2 071    1 532      622
    ApiGpsCmd.o              3 479               455
    ApiKeyboard.o            2 742       74       30
    ApiLED.o                   155                 1
    ApiMenu.o                1 458      164        8
    ApiPocCmd.o              6 288      160    2 324
    Beep.o                     867                18
    CommonLib.o              1 158       17
    Config.o                   556
    Delay.o                  2 014                43
    DrvGD83.o                2 847       33    1 153
    DrvGT20L16S1Y.o            679
    DrvHTG12832.o              594                 2
    DrvKeyboard.o            1 440
    Flash_eeprom.o             362
    GT20L16P1Y_D.o             274    7 776
    KeyCmd.o                   147       49
    McuConfig.o                368
    System.o                   357                20
    Task.o                   1 768      110       19
    Tone.o                     406                21
    Voice.o                    799      418       42
    main.o                      39
    stm8s_adc2.o               379
    stm8s_clk.o                269        4
    stm8s_flash.o              201
    stm8s_gpio.o               195
    stm8s_it.o                 185                 1
    stm8s_itc.o                259
    stm8s_tim1.o               438
    stm8s_tim3.o                71
    stm8s_uart1.o              716
    stm8s_uart3.o              752
    sysclock.o                 128
    uart3.o                  2 343       30      122
    ------------------------------------------------
    Total:                  39 561   10 508    5 061

command line: [2]
    ------------------------------------------------
    Total:

GT20L16_STM8_DOUBLE_MEDIUM_IAR.a: [3]
    GT20L16P1Y.o             1 770       62
    ------------------------------------------------
    Total:                   1 770       62

dbgstm8mmd.a: [4]
    __dbg_break.o                1
    __dbg_xxexit.o              22
    ------------------------------------------------
    Total:                      23

dlstm8mmn.a: [5]
    cexit.o                      6
    char.o                       6
    cstartup.o                  23
    dc_util.o                   88
    exit.o                       4
    far_util.o                  14
    float.o                    523
    init.o                      30
    init_small.o                70
    interrupt.o                  4      128
    long.o                     431
    long_util.o                114
    low_level_init.o             3
    memcmp.o                    54
    memcpy.o                    38
    memset.o                    23
    move.o                      37
    short.o                     68
    strlen.o                    18
    unhandled_exception.o        3
    vreg_util.o                348
    vregs.o                                       16
    ------------------------------------------------
    Total:                   1 905      128       16

    Linker created                       20      256
----------------------------------------------------
    Grand Total:            43 259   10 718    5 333


*******************************************************************************
*** ENTRY LIST
***

Entry                    Address    Size  Type      Object
-----                    -------    ----  ----      ------
.iar.init_table$$Base   0x00a41e           --   Gb  - Linker created -
.iar.init_table$$Limit  0x00a432           --   Gb  - Linker created -
?add32_l0_l0_0x         0x011333          Code  Gb  long.o [5]
?add32_l0_l0_l1         0x011330          Code  Gb  long.o [5]
?and32_l0_l0_0x         0x01147f          Code  Gb  long.o [5]
?and32_l0_l0_l1         0x01147c          Code  Gb  long.o [5]
?b0                     0x000000          Data  Gb  vregs.o [5]
?b1                     0x000001          Data  Gb  vregs.o [5]
?b10                    0x00000a          Data  Gb  vregs.o [5]
?b11                    0x00000b          Data  Gb  vregs.o [5]
?b12                    0x00000c          Data  Gb  vregs.o [5]
?b13                    0x00000d          Data  Gb  vregs.o [5]
?b14                    0x00000e          Data  Gb  vregs.o [5]
?b15                    0x00000f          Data  Gb  vregs.o [5]
?b2                     0x000002          Data  Gb  vregs.o [5]
?b3                     0x000003          Data  Gb  vregs.o [5]
?b4                     0x000004          Data  Gb  vregs.o [5]
?b5                     0x000005          Data  Gb  vregs.o [5]
?b6                     0x000006          Data  Gb  vregs.o [5]
?b7                     0x000007          Data  Gb  vregs.o [5]
?b8                     0x000008          Data  Gb  vregs.o [5]
?b9                     0x000009          Data  Gb  vregs.o [5]
?dc32_l0                0x014e45          Code  Gb  dc_util.o [5]
?dc32_l1                0x014e71          Code  Gb  dc_util.o [5]
?e0                     0x000001          Data  Gb  vregs.o [5]
?e1                     0x000005          Data  Gb  vregs.o [5]
?e2                     0x000009          Data  Gb  vregs.o [5]
?e3                     0x00000d          Data  Gb  vregs.o [5]
?epilogue_l2            0x011e92          Code  Gb  vreg_util.o [5]
?epilogue_l2_l3         0x011e8e          Code  Gb  vreg_util.o [5]
?epilogue_l2_w6         0x011e97          Code  Gb  vreg_util.o [5]
?epilogue_w4            0x011ea0          Code  Gb  vreg_util.o [5]
?fcastf32u32_l0_l0      0x01050d          Code  Gb  float.o [5]
?fcasts16f32_x_l0       0x0104d8          Code  Gb  float.o [5]
?fmul32_l0_l0_dc32      0x01043d          Code  Gb  float.o [5]
?fmul32_l0_l0_l1        0x010443          Code  Gb  float.o [5]
?l0                     0x000000          Data  Gb  vregs.o [5]
?l1                     0x000004          Data  Gb  vregs.o [5]
?l2                     0x000008          Data  Gb  vregs.o [5]
?l3                     0x00000c          Data  Gb  vregs.o [5]
?load24_e1_0x           0x0160d2          Code  Gb  far_util.o [5]
?load32_0x_l0           0x0145ed          Code  Gb  long_util.o [5]
?load32_0x_l2           0x0145fb          Code  Gb  long_util.o [5]
?load32_l0_0x           0x0145b1          Code  Gb  long_util.o [5]
?load32_l0_asp          0x0145a5          Code  Gb  long_util.o [5]
?load32_l0_dbsp         0x014597          Code  Gb  long_util.o [5]
?load32_l0_xsp          0x0145a7          Code  Gb  long_util.o [5]
?load32_l1_0x           0x0145d7          Code  Gb  long_util.o [5]
?load32_l1_asp          0x0145cb          Code  Gb  long_util.o [5]
?load32_l1_dbsp         0x0145bd          Code  Gb  long_util.o [5]
?load32_l1_xsp          0x0145cd          Code  Gb  long_util.o [5]
?load32_xsp_l0          0x0145e3          Code  Gb  long_util.o [5]
?longfarg16_v_w0_a      0x015d01          Code  Gb  move.o [5]
?longfarg16_v_w0_x      0x015d03          Code  Gb  move.o [5]
?mov_e0_e1              0x011ebd          Code  Gb  vreg_util.o [5]
?mov_e0_e2              0x011eca          Code  Gb  vreg_util.o [5]
?mov_e0_e3              0x011ed7          Code  Gb  vreg_util.o [5]
?mov_e1_e0              0x011ee4          Code  Gb  vreg_util.o [5]
?mov_e1_e2              0x011ef1          Code  Gb  vreg_util.o [5]
?mov_e1_e3              0x011efe          Code  Gb  vreg_util.o [5]
?mov_e2_e0              0x011f0b          Code  Gb  vreg_util.o [5]
?mov_e3_e0              0x011f1f          Code  Gb  vreg_util.o [5]
?mov_e3_e1              0x011f2c          Code  Gb  vreg_util.o [5]
?mov_l0_l1              0x011eba          Code  Gb  vreg_util.o [5]
?mov_l0_l2              0x011ec7          Code  Gb  vreg_util.o [5]
?mov_l0_l3              0x011ed4          Code  Gb  vreg_util.o [5]
?mov_l1_l0              0x011ee1          Code  Gb  vreg_util.o [5]
?mov_l1_l2              0x011eee          Code  Gb  vreg_util.o [5]
?mov_l1_l3              0x011efb          Code  Gb  vreg_util.o [5]
?mov_l2_l0              0x011f08          Code  Gb  vreg_util.o [5]
?mov_l3_l0              0x011f1c          Code  Gb  vreg_util.o [5]
?mov_l3_l1              0x011f29          Code  Gb  vreg_util.o [5]
?mov_w1_w3              0x011ec0          Code  Gb  vreg_util.o [5]
?mov_w1_w4              0x011ea5          Code  Gb  vreg_util.o [5]
?mov_w1_w5              0x011ecd          Code  Gb  vreg_util.o [5]
?mov_w1_w7              0x011eda          Code  Gb  vreg_util.o [5]
?mov_w2_w1              0x011eac          Code  Gb  vreg_util.o [5]
?mov_w3_w1              0x011ee7          Code  Gb  vreg_util.o [5]
?mov_w3_w5              0x011ef4          Code  Gb  vreg_util.o [5]
?mov_w3_w7              0x011f01          Code  Gb  vreg_util.o [5]
?mov_w5_w1              0x011f0e          Code  Gb  vreg_util.o [5]
?mov_w5_w3              0x011f15          Code  Gb  vreg_util.o [5]
?mov_w6_w0              0x011eb3          Code  Gb  vreg_util.o [5]
?mov_w7_w1              0x011f22          Code  Gb  vreg_util.o [5]
?mov_w7_w3              0x011f2f          Code  Gb  vreg_util.o [5]
?move1616_v_x_y_a       0x015cf4          Code  Gb  move.o [5]
?mul16_x_x_w0           0x01553a          Code  Gb  short.o [5]
?mul32_l0_l0_l1         0x011366          Code  Gb  long.o [5]
?or32_l0_l0_0x          0x01149a          Code  Gb  long.o [5]
?or32_l0_l0_l1          0x011497          Code  Gb  long.o [5]
?pop_l0                 0x011e56          Code  Gb  vreg_util.o [5]
?pop_l1                 0x011e61          Code  Gb  vreg_util.o [5]
?pop_l2                 0x011e6c          Code  Gb  vreg_util.o [5]
?pop_l3                 0x011e77          Code  Gb  vreg_util.o [5]
?pop_w4                 0x011e00          Code  Gb  vreg_util.o [5]
?pop_w5                 0x011e07          Code  Gb  vreg_util.o [5]
?pop_w6                 0x011e0e          Code  Gb  vreg_util.o [5]
?push_l0                0x011e21          Code  Gb  vreg_util.o [5]
?push_l1                0x011e26          Code  Gb  vreg_util.o [5]
?push_l2                0x011e2b          Code  Gb  vreg_util.o [5]
?push_l3                0x011e30          Code  Gb  vreg_util.o [5]
?push_w4                0x011dda          Code  Gb  vreg_util.o [5]
?push_w5                0x011ddf          Code  Gb  vreg_util.o [5]
?push_w6                0x011de4          Code  Gb  vreg_util.o [5]
?sext16_x_a             0x015577          Code  Gb  short.o [5]
?sext32_l0_x            0x0114d4          Code  Gb  long.o [5]
?sll16_x_x_4            0x015572          Code  Gb  short.o [5]
?sll16_x_x_5            0x015571          Code  Gb  short.o [5]
?sll16_x_x_6            0x015570          Code  Gb  short.o [5]
?sll16_x_x_a            0x015568          Code  Gb  short.o [5]
?sll32_0x_0x_a          0x0114b5          Code  Gb  long.o [5]
?sll32_l0_l0_a          0x0114b2          Code  Gb  long.o [5]
?smod16_y_x_y           0x015558          Code  Gb  short.o [5]
?srl32_0x_0x_a          0x0114c6          Code  Gb  long.o [5]
?srl32_l0_l0_a          0x0114c3          Code  Gb  long.o [5]
?srl8_a_a_5             0x016257          Code  Gb  char.o [5]
?srl8_a_a_6             0x016256          Code  Gb  char.o [5]
?sub32_l0_l0_0x         0x01134e          Code  Gb  long.o [5]
?sub32_l0_l0_l1         0x01134b          Code  Gb  long.o [5]
?ucmp32_c_l0_0x         0x011461          Code  Gb  long.o [5]
?ucmp32_c_l0_l1         0x011471          Code  Gb  long.o [5]
?udiv32_l0_dl_l1        0x0113ea          Code  Gb  long.o [5]
?udiv32_l0_l0_dl        0x0113f0          Code  Gb  long.o [5]
?udiv32_l0_l0_l1        0x0113f4          Code  Gb  long.o [5]
?umod32_l1_l0_dl        0x0113e4          Code  Gb  long.o [5]
?umod32_l1_l0_l1        0x0113f4          Code  Gb  long.o [5]
?w0                     0x000000          Data  Gb  vregs.o [5]
?w1                     0x000002          Data  Gb  vregs.o [5]
?w2                     0x000004          Data  Gb  vregs.o [5]
?w3                     0x000006          Data  Gb  vregs.o [5]
?w4                     0x000008          Data  Gb  vregs.o [5]
?w5                     0x00000a          Data  Gb  vregs.o [5]
?w6                     0x00000c          Data  Gb  vregs.o [5]
?w7                     0x00000e          Data  Gb  vregs.o [5]
ADC2_Cmd                0x016121     0xd  Code  Gb  stm8s_adc2.o [1]
ADC2_ConversionConfig   0x0159f8    0x2f  Code  Gb  stm8s_adc2.o [1]
ADC2_ExternalTriggerConfig
                        0x015da4    0x21  Code  Gb  stm8s_adc2.o [1]
ADC2_GetConversionValue
                        0x014f9e    0x54  Code  Gb  stm8s_adc2.o [1]
ADC2_IRQHandler         0x01633c     0x1  Code  Gb  stm8s_it.o [1]
ADC2_Init               0x0159c8    0x30  Code  Gb  stm8s_adc2.o [1]
ADC2_PrescalerConfig    0x016021    0x13  Code  Gb  stm8s_adc2.o [1]
ADC2_SchmittTriggerConfig
                        0x0142c8    0x82  Code  Gb  stm8s_adc2.o [1]
ADC2_StartConversion    0x016267     0x5  Code  Gb  stm8s_adc2.o [1]
ADC_Init                0x015d61    0x22  Code  Gb  ADC.o [1]
AF_Mute_Init            0x0160fa     0xd  Code  Gb  McuConfig.o [1]
AUDIO_IOAFMUT           0x015f55    0x19  Code  Gb  McuConfig.o [1]
AUDIO_IOAFPOW           0x015f6e    0x19  Code  Gb  McuConfig.o [1]
AWU_IRQHandler          0x01632d     0x1  Code  Gb  stm8s_it.o [1]
AkeyvolumeCount         0x000059     0x1  Data  Gb  ApiKeyboard.o [1]
ApGpsCmd_10msRenew      0x015d83    0x21  Code  Gb  ApiGpsCmd.o [1]
ApiAtCmd_100msRenew     0x016280     0x4  Code  Gb  ApiAtCmd.o [1]
ApiAtCmd_10msRenew      0x01208f   0x155  Code  Gb  ApiAtCmd.o [1]
ApiAtCmd_CSQValue       0x016284     0x4  Code  Gb  ApiAtCmd.o [1]
ApiAtCmd_PlayVoice      0x01443f    0x73  Code  Gb  ApiAtCmd.o [1]
ApiAtCmd_PowerOnInitial
                        0x015ef1    0x19  Code  Gb  ApiAtCmd.o [1]
ApiAtCmd_WritCommand    0x014131    0x8c  Code  Gb  ApiAtCmd.o [1]
ApiAtCmd_bCardIn        0x0161db     0xa  Code  Gb  ApiAtCmd.o [1]
ApiAtCmd_bNoCard        0x0161c5     0xb  Code  Gb  ApiAtCmd.o [1]
ApiAtCmd_bPPPStatusOpen
                        0x016196     0xc  Code  Gb  ApiAtCmd.o [1]
ApiAtCmd_bStartingUp    0x0161ba     0xb  Code  Gb  ApiAtCmd.o [1]
ApiAtCmd_bZTTSStates    0x0161a2     0xc  Code  Gb  ApiAtCmd.o [1]
ApiAtCmd_bZTTSStates_Intermediate
                        0x0160e0     0xd  Code  Gb  ApiAtCmd.o [1]
ApiBeidou_Get_location_Information
                        0x01084b   0x1eb  Code  Gb  ApiBeidou.o [1]
ApiBeidou_PowerOnInitial
                        0x014ef4    0x55  Code  Gb  ApiBeidou.o [1]
ApiCaretCmd_10msRenew   0x0160a3    0x10  Code  Gb  ApiAtCmd.o [1]
ApiGpsCmd_100msRenew    0x00cf55   0x1bf  Code  Gb  ApiGpsCmd.o [1]
ApiGpsCmd_PowerOnInitial
                        0x010648   0x203  Code  Gb  ApiGpsCmd.o [1]
ApiMenu_BacklightTimeSet_Flag
                        0x0013c2     0x1  Data  Gb  ApiMenu.o [1]
ApiMenu_BeiDouOrWritingFrequency_Flag
                        0x0013c4     0x1  Data  Gb  ApiMenu.o [1]
ApiMenu_GpsInfo_Flag    0x0013c0     0x1  Data  Gb  ApiMenu.o [1]
ApiMenu_KeylockTimeSet_Flag
                        0x0013c3     0x1  Data  Gb  ApiMenu.o [1]
ApiMenu_NativeInfo_Flag
                        0x0013c1     0x1  Data  Gb  ApiMenu.o [1]
ApiMenu_SwitchCallUser_Flag
                        0x0013be     0x1  Data  Gb  ApiMenu.o [1]
ApiMenu_SwitchGroup_Flag
                        0x0013bd     0x1  Data  Gb  ApiMenu.o [1]
ApiMenu_SwitchOnlineUser_Flag
                        0x0013bf     0x1  Data  Gb  ApiMenu.o [1]
ApiPocCmd_10msRenew     0x00c72c   0x58a  Code  Gb  ApiPocCmd.o [1]
ApiPocCmd_GroupStates   0x01628c     0x4  Code  Gb  ApiPocCmd.o [1]
ApiPocCmd_GroupStatesSet
                        0x016290     0x4  Code  Gb  ApiPocCmd.o [1]
ApiPocCmd_KeyPttState   0x016294     0x4  Code  Gb  ApiPocCmd.o [1]
ApiPocCmd_PowerOnInitial
                        0x014c77    0x60  Code  Gb  ApiPocCmd.o [1]
ApiPocCmd_ReceivedVoicePlayStates
                        0x01629c     0x4  Code  Gb  ApiPocCmd.o [1]
ApiPocCmd_ReceivedVoicePlayStatesForDisplay
                        0x0162a4     0x4  Code  Gb  ApiPocCmd.o [1]
ApiPocCmd_ReceivedVoicePlayStatesForDisplaySet
                        0x0162a8     0x4  Code  Gb  ApiPocCmd.o [1]
ApiPocCmd_ReceivedVoicePlayStatesForLED
                        0x0162b4     0x4  Code  Gb  ApiPocCmd.o [1]
ApiPocCmd_ReceivedVoicePlayStatesIntermediate
                        0x0162ac     0x4  Code  Gb  ApiPocCmd.o [1]
ApiPocCmd_ReceivedVoicePlayStatesIntermediateSet
                        0x0162b0     0x4  Code  Gb  ApiPocCmd.o [1]
ApiPocCmd_ReceivedVoicePlayStatesSet
                        0x0162a0     0x4  Code  Gb  ApiPocCmd.o [1]
ApiPocCmd_SetKeyPttState
                        0x016298     0x4  Code  Gb  ApiPocCmd.o [1]
ApiPocCmd_ToneState     0x0162c0     0x4  Code  Gb  ApiPocCmd.o [1]
ApiPocCmd_ToneStateIntermediate
                        0x0162b8     0x4  Code  Gb  ApiPocCmd.o [1]
ApiPocCmd_ToneStateIntermediateSet
                        0x0162bc     0x4  Code  Gb  ApiPocCmd.o [1]
ApiPocCmd_ToneStateSet  0x0162c4     0x4  Code  Gb  ApiPocCmd.o [1]
ApiPocCmd_WritCommand   0x00bbd1   0x5ae  Code  Gb  ApiPocCmd.o [1]
ApiPocCmd_user_info_get
                        0x0158c3    0x35  Code  Gb  ApiPocCmd.o [1]
ApiPocCmd_user_info_set
                        0x013303    0xd0  Code  Gb  ApiPocCmd.o [1]
AtCmdDrvobj             0x0012de    0x25  Data  Lc  ApiAtCmd.o [1]
AtNotify_Queue          0x00b448    0x4d  Code  Lc  DrvGD83.o [1]
AtNotify_Queue_Start    0x00b495    0x56  Code  Lc  DrvGD83.o [1]
BEEP_Interrupt10ms      0x015e9e    0x1c  Code  Gb  Beep.o [1]
BEEP_PowerOnInitial     0x00da76    0xd3  Code  Gb  Beep.o [1]
BEEP_SetOutput          0x00d83a   0x23c  Code  Gb  Beep.o [1]
BEEP_Time               0x0157b1    0x38  Code  Gb  Beep.o [1]
BacklightTimeCount      0x0013c6     0x1  Data  Gb  Delay.o [1]
BacklightTimeSetCount   0x00005c     0x1  Data  Gb  ApiKeyboard.o [1]
BatteryLevel            0x00139a     0x1  Data  Gb  ADC.o [1]
BeepDrvObj              0x001357    0x12  Data  Lc  Beep.o [1]
BeidouFunDrvObj         0x001326    0x1d  Data  Lc  ApiBeidou.o [1]
BeidouRxData            0x001253    0x4b  Data  Gb  ApiBeidou.o [1]
BeidouRxDataLen         0x0013a2     0x1  Data  Gb  ApiBeidou.o [1]
BitTab                  0x00a91d     0x8  Data  Gb  ApiDisplay.o [1]
CFG_GetCurAdr           0x010000   0x22c  Code  Gb  Config.o [1]
CHAR_HIGH               0x00a85a    0x10  Data  Gb  ApiDisplay.o [1]
CHAR_TO_DIV_CHAR        0x014245    0x83  Code  Gb  ApiBeidou.o [1]
CHAR_TO_Digital         0x014896    0x67  Code  Gb  ApiBeidou.o [1]
CHAR_WIDTH              0x00a86a    0x10  Data  Gb  ApiDisplay.o [1]
CLK_ClockSwitchConfig   0x013ac6    0xa2  Code  Gb  stm8s_clk.o [1]
CLK_GetClockFreq        0x014ded    0x58  Code  Gb  stm8s_clk.o [1]
CLK_HSIPrescalerConfig  0x016034    0x13  Code  Gb  stm8s_clk.o [1]
CLK_IRQHandler          0x01632e     0x1  Code  Gb  stm8s_it.o [1]
COMLHexArray2String     0x0149c6    0x64  Code  Lc  ApiGpsCmd.o [1]
COML_AscToHex           0x012ca5    0xfa  Code  Gb  CommonLib.o [1]
COML_DecToAsc           0x014a2a    0x64  Code  Gb  CommonLib.o [1]
COML_HexToAsc           0x0136c0    0xb2  Code  Gb  CommonLib.o [1]
COML_HexToAsc2          0x013d33    0x96  Code  Gb  CommonLib.o [1]
COML_StringReverse      0x014cd7    0x5e  Code  Gb  CommonLib.o [1]
CSTACK$$Base            0x001700           --   Gb  - Linker created -
CSTACK$$Limit           0x001800           --   Gb  - Linker created -
C_TEST_OUT_SET          0x016114     0xd  Code  Gb  McuConfig.o [1]
CaretNotify_Queue       0x00b3ae    0x4d  Code  Lc  DrvGD83.o [1]
CaretNotify_Queue_Start
                        0x00b541    0x56  Code  Lc  DrvGD83.o [1]
CharCode                0x00138e     0x2  Data  Gb  ApiDisplay.o [1]
Combine2Hex             0x0126f6   0x134  Code  Gb  CommonLib.o [1]
Count                   0x00139b     0x1  Data  Gb  ADC.o [1]
Count2                  0x00139c     0x1  Data  Gb  ADC.o [1]
Count3                  0x00139d     0x1  Data  Gb  ADC.o [1]
DEL_100msProcess        0x00c683    0x54  Code  Lc  Delay.o [1]
DEL_10msProcess         0x00c6d7    0x39  Code  Lc  Delay.o [1]
DEL_1msProcess          0x00c710     0xc  Code  Lc  Delay.o [1]
DEL_500msProcess        0x00c17f   0x504  Code  Lc  Delay.o [1]
DEL_GetTimer            0x014f49    0x55  Code  Gb  Delay.o [1]
DEL_Interrupt           0x013a23    0xa3  Code  Gb  Delay.o [1]
DEL_PowerOnInitial      0x0143ca    0x75  Code  Gb  Delay.o [1]
DEL_Renew               0x00c71c    0x10  Code  Gb  Delay.o [1]
DEL_SetTimer            0x0144b2    0x73  Code  Gb  Delay.o [1]
DEL_Soft1ms             0x015eba    0x1c  Code  Gb  Delay.o [1]
DEL_TimerRenew          0x015aab    0x29  Code  Lc  Delay.o [1]
DISPLAY_Show            0x00d64b   0x1ef  Code  Gb  ApiDisplay.o [1]
DISP_DataBuf            0x0133d3    0xc8  Code  Lc  ApiDisplay.o [1]
DISP_MulTypePro         0x00d543    0xc0  Code  Lc  ApiDisplay.o [1]
DISP_MulTypePro2        0x01322a    0xd9  Code  Lc  ApiDisplay.o [1]
Dec2Hex                 0x0151d3    0x4e  Code  Gb  CommonLib.o [1]
DefaultSystemClockForHSI
                        0x015e26    0x1f  Code  Gb  sysclock.o [1]
DelDrvObj               0x001303    0x23  Data  Lc  Delay.o [1]
Delay_100ms             0x015647    0x40  Code  Gb  Task.o [1]
Digital_TO_CHAR         0x0148fd    0x65  Code  Gb  ApiBeidou.o [1]
DisDataBit              0x00129e    0x40  Data  Gb  ApiDisplay.o [1]
DisDataBuf              0x000e1b   0x200  Data  Gb  ApiDisplay.o [1]
DrvGD83DrvObj           0x0009a3   0x478  Data  Lc  DrvGD83.o [1]
DrvGD83_UART_TxCommand  0x01434a    0x80  Code  Gb  DrvGD83.o [1]
DrvMC8332_AtNotify_Queue_front
                        0x01526b    0x4a  Code  Gb  DrvGD83.o [1]
DrvMC8332_CaretNotify_Queue_front
                        0x015221    0x4a  Code  Gb  DrvGD83.o [1]
DrvMC8332_GpsNotify_Queue_front
                        0x0152ff    0x4a  Code  Gb  DrvGD83.o [1]
DrvMC8332_PocNotify_Queue_front
                        0x0152b5    0x4a  Code  Gb  DrvGD83.o [1]
DrvMC8332_Software_Initial
                        0x0156c5    0x3d  Code  Gb  DrvGD83.o [1]
DrvMC8332_TxPort_SetValidable
                        0x015a54    0x2c  Code  Gb  DrvGD83.o [1]
DrvMC8332_UART_Interrupt
                        0x00b806   0x3cb  Code  Gb  DrvGD83.o [1]
DrvMc8332_UART_TxTail   0x012e92    0xeb  Code  Gb  DrvGD83.o [1]
Duty_Val                0x001398     0x2  Data  Gb  Tone.o [1]
EEPROM_EEC_IRQHandler   0x01633e     0x1  Code  Gb  stm8s_it.o [1]
EXTI_PORTA_IRQHandler   0x01632f     0x1  Code  Gb  stm8s_it.o [1]
EXTI_PORTB_IRQHandler   0x016330     0x1  Code  Gb  stm8s_it.o [1]
EXTI_PORTC_IRQHandler   0x016331     0x1  Code  Gb  stm8s_it.o [1]
EXTI_PORTD_IRQHandler   0x016332     0x1  Code  Gb  stm8s_it.o [1]
EXTI_PORTE_IRQHandler   0x016333     0x1  Code  Gb  stm8s_it.o [1]
EnterPttMomentCount     0x0013d1     0x1  Data  Gb  Task.o [1]
EnterPttMoment_Flag     0x0013cf     0x1  Data  Gb  Task.o [1]
FILE_Read               0x015392    0x48  Code  Gb  Flash_eeprom.o [1]
FILE_Read2              0x0154b1    0x45  Code  Gb  Flash_eeprom.o [1]
FILE_Write              0x015135    0x4f  Code  Gb  Flash_eeprom.o [1]
FILE_Write2             0x015096    0x50  Code  Gb  Flash_eeprom.o [1]
FLASH_EraseOptionByte   0x015b4d    0x28  Code  Gb  stm8s_flash.o [1]
FLASH_GetFlagStatus     0x01600d    0x14  Code  Gb  stm8s_flash.o [1]
FLASH_Lock              0x016248     0x7  Code  Gb  stm8s_flash.o [1]
FLASH_ProgramByte       0x01626c     0x5  Code  Gb  stm8s_flash.o [1]
FLASH_ProgramOptionByte
                        0x015caa    0x25  Code  Gb  stm8s_flash.o [1]
FLASH_ReadByte          0x016271     0x5  Code  Gb  stm8s_flash.o [1]
FLASH_SetProgrammingTime
                        0x0161d0     0xb  Code  Gb  stm8s_flash.o [1]
FLASH_Unlock            0x015fcc    0x16  Code  Gb  stm8s_flash.o [1]
FLASH_WaitForLastOperation
                        0x015821    0x36  Code  Gb  stm8s_flash.o [1]
GB2312_16_GetData       0x00e8ae   0x251  Code  Gb  GT20L16P1Y.o [3]
GPIO_Init               0x013822    0xaf  Code  Gb  stm8s_gpio.o [1]
GPIO_ReadInputPin       0x0161e5     0x9  Code  Gb  stm8s_gpio.o [1]
GPIO_WriteHigh          0x01624f     0x7  Code  Gb  stm8s_gpio.o [1]
GPIO_WriteLow           0x0162f0     0x4  Code  Gb  stm8s_gpio.o [1]
GeHuTest                0x01632a     0x1  Code  Lc  ApiKeyboard.o [1]
GetAllGroupNameForDisplay
                        0x010a36   0x1e0  Code  Gb  ApiPocCmd.o [1]
GetAllGroupNameForVoice
                        0x014a8e    0x63  Code  Gb  ApiPocCmd.o [1]
GetAllGroupNum          0x0162c8     0x4  Code  Gb  ApiPocCmd.o [1]
GetAllUserNameForDisplay
                        0x010c16   0x1e0  Code  Gb  ApiPocCmd.o [1]
GetAllUserNameForVoice  0x014af1    0x63  Code  Gb  ApiPocCmd.o [1]
GetAllUserNum           0x016262     0x5  Code  Gb  ApiPocCmd.o [1]
GetLocalUserNameForDisplay
                        0x011afd   0x178  Code  Gb  ApiPocCmd.o [1]
GetLocalUserNameForVoice
                        0x01592d    0x35  Code  Gb  ApiPocCmd.o [1]
GetNowWorkingGroupNameForDisplay
                        0x01180d   0x178  Code  Gb  ApiPocCmd.o [1]
GetNowWorkingGroupNameForVoice
                        0x0158f8    0x35  Code  Gb  ApiPocCmd.o [1]
GetNowWorkingGroupXuhao
                        0x0154f6    0x44  Code  Gb  ApiPocCmd.o [1]
GetPointArrayData32     0x0153da    0x48  Code  Gb  GT20L16P1Y_D.o [1]
GetReceiveMessagesUserNameForDisplay
                        0x0114df   0x1a9  Code  Gb  ApiPocCmd.o [1]
GetSpeakingUserNameForDisplay
                        0x011985   0x178  Code  Gb  ApiPocCmd.o [1]
GetTaskId               0x016304     0x4  Code  Gb  System.o [1]
GpsCmd_GbAnalytical     0x00eaff   0x24d  Code  Lc  ApiGpsCmd.o [1]
GpsCmd_GbDataTransave   0x00db49   0x2ff  Code  Lc  ApiGpsCmd.o [1]
GpsCmd_GbWritCommand    0x00ccb6   0x29f  Code  Lc  ApiGpsCmd.o [1]
GpsFunDrvObj            0x00101b   0x1c3  Data  Lc  ApiGpsCmd.o [1]
GpsNotify_Queue         0x00b789    0x7d  Code  Lc  DrvGD83.o [1]
GpsNotify_Queue_Start   0x00b597    0x9a  Code  Lc  DrvGD83.o [1]
GroupCallingNum         0x00005a     0x1  Data  Gb  ApiKeyboard.o [1]
HDRCSQSignalIcons       0x01360b    0xb5  Code  Gb  ApiAtCmd.o [1]
HSE_ClockStartUpConfiguration
                        0x015857    0x36  Code  Lc  sysclock.o [1]
HSIDivFactor            0x00a9c6     0x4  Data  Gb  stm8s_clk.o [1]
HtgDrvObj               0x001396     0x2  Data  Lc  DrvHTG12832.o [1]
I2C_IRQHandler          0x01633a     0x1  Code  Gb  stm8s_it.o [1]
INTVEC$$Base            0x008000           --   Gb  - Linker created -
INTVEC$$Limit           0x008080           --   Gb  - Linker created -
ITC_SetSoftwarePriority
                        0x012ba2   0x103  Code  Gb  stm8s_itc.o [1]
Ico_DataBuf             0x009b80   0x400  Data  Gb  ApiDisplay.o [1]
InputGBcode             0x009f80   0x1b0  Data  Gb  GT20L16P1Y_D.o [1]
InputUnicode            0x00a130   0x1b0  Data  Gb  GT20L16P1Y_D.o [1]
KCMD_GetMcuVersion      0x014bb5    0x61  Code  Lc  KeyCmd.o [1]
KCMD_KeyCmdGet          0x015e06    0x20  Code  Gb  KeyCmd.o [1]
KEY_4_Flag              0x0013c9     0x1  Data  Gb  Task.o [1]
KEY_TABLE               0x00a9d8     0x3  Data  Lc  uart3.o [1]
Key3Option              0x0013ca     0x1  Data  Gb  Task.o [1]
Key3_PlayValue          0x0013a3     0x1  Data  Gb  ApiGpsCmd.o [1]
Key3_PlayVoice          0x01117f   0x1b1  Code  Gb  Task.o [1]
KeyBatteryReport        0x015702    0x3b  Code  Gb  ADC.o [1]
KeyDownUpChoose_GroupOrUser_Flag
                        0x0013a1     0x1  Data  Gb  ApiAtCmd.o [1]
KeyPersonalCallingCount
                        0x0013a9     0x1  Data  Gb  ApiKeyboard.o [1]
KeyUpDownCount          0x0013a8     0x1  Data  Gb  ApiKeyboard.o [1]
Key_Flag_1              0x0013aa     0x1  Data  Gb  ApiKeyboard.o [1]
Key_Init                0x015962    0x34  Code  Gb  McuConfig.o [1]
Key_PersonalCalling_Flag
                        0x0013cd     0x1  Data  Gb  Task.o [1]
Keyboard_Test           0x00a9de   0x9d0  Code  Gb  ApiKeyboard.o [1]
KeylockTimeCount        0x001394     0x2  Data  Gb  Delay.o [1]
KeylockTimeSetCount     0x000054     0x1  Data  Gb  ApiKeyboard.o [1]
LED_Conut               0x0013bc     0x1  Data  Gb  ApiLED.o [1]
LED_Init                0x015beb    0x27  Code  Gb  McuConfig.o [1]
LED_IntOutputRenew      0x013b68    0x9b  Code  Gb  ApiLED.o [1]
Level3MenuDisplay       0x010df6   0x1d7  Code  Gb  ApiMenu.o [1]
LobatteryTask_StartFlag
                        0x00139f     0x1  Data  Gb  ADC.o [1]
LockingState_EnterOK_Flag
                        0x0013ae     0x1  Data  Gb  ApiKeyboard.o [1]
LockingState_Flag       0x0013c5     0x1  Data  Gb  Delay.o [1]
LoosenPttMomentCount    0x0013d2     0x1  Data  Gb  Task.o [1]
LoosenPttMoment_Flag    0x0013d0     0x1  Data  Gb  Task.o [1]
LowVoltageDetection     0x00e115   0x2bc  Code  Gb  ADC.o [1]
LowVoltageDetection_Flag
                        0x00139e     0x1  Data  Gb  ADC.o [1]
MCU_VERSIONForMenu      0x01606d    0x12  Code  Gb  KeyCmd.o [1]
MIC_GPIO_Init           0x0160ed     0xd  Code  Gb  McuConfig.o [1]
MIC_IOMUT               0x015f3c    0x19  Code  Gb  McuConfig.o [1]
Mcu_Version             0x00a432    0x20  Data  Lc  KeyCmd.o [1]
MenuDisplay             0x00e3d1   0x28b  Code  Gb  ApiMenu.o [1]
MenuModeCount           0x00005b     0x1  Data  Gb  ApiKeyboard.o [1]
MenuMode_Flag           0x0013ab     0x1  Data  Gb  ApiKeyboard.o [1]
NetworkType_2Gor3G_Flag
                        0x0013cc     0x1  Data  Gb  Task.o [1]
NoUseNum                0x0013cb     0x1  Data  Gb  Task.o [1]
Noise_Mute_Init         0x016107     0xd  Code  Gb  McuConfig.o [1]
Notify_Queue_Stop       0x00b631   0x158  Code  Lc  DrvGD83.o [1]
NumberKeyboardPressDown_flag
                        0x0013ad     0x1  Data  Gb  ApiKeyboard.o [1]
OneChannelGetADValue    0x015b9d    0x27  Code  Lc  ADC.o [1]
PAS_NULLTBL             0x00a87a    0x10  Data  Lc  uart3.o [1]
POC_TABLE               0x00a9db     0x3  Data  Lc  uart3.o [1]
PasObj                  0x001387     0x4  Data  Lc  uart3.o [1]
PersonalCallingNum      0x0013a7     0x1  Data  Gb  ApiKeyboard.o [1]
PocCmdDrvobj            0x0000a5   0x8fe  Data  Lc  ApiPocCmd.o [1]
PocNotify_Queue         0x00b3fb    0x4d  Code  Lc  DrvGD83.o [1]
PocNotify_Queue_Start   0x00b4eb    0x56  Code  Lc  DrvGD83.o [1]
PrimaryLowPower_Flag    0x0013a0     0x1  Data  Gb  ADC.o [1]
READ_TABLE              0x00a9ca     0x4  Data  Lc  uart3.o [1]
ReadByte                0x014e9d    0x57  Code  Gb  ApiDisplay.o [1]
Region$$Table$$Base     0x00a41e           --   Gb  - Linker created -
Region$$Table$$Limit    0x00a432           --   Gb  - Linker created -
RxStartFlag             0x00137b     0x6  Data  Gb  ApiBeidou.o [1]
SPI_IRQHandler          0x016334     0x1  Code  Gb  stm8s_it.o [1]
SendByte                0x0141bd    0x88  Code  Gb  ApiDisplay.o [1]
SendGpsLoginInfoCount   0x0013a6     0x1  Data  Gb  ApiGpsCmd.o [1]
SetTaskId               0x016308     0x4  Code  Gb  System.o [1]
Set_GreenLed            0x015f0a    0x19  Code  Gb  McuConfig.o [1]
Set_RedLed              0x015f23    0x19  Code  Gb  McuConfig.o [1]
Set_TIM1_PWM1_DutyCycle
                        0x013f86     0x9  Code  Gb  Tone.o [1]
Set_TIM1_PWM_Frequency  0x016200     0x9  Code  Gb  Tone.o [1]
SubmenuMenuDisplay      0x0121e4   0x150  Code  Gb  ApiMenu.o [1]
SystemClock_Init        0x015a80    0x2b  Code  Gb  sysclock.o [1]
TASK_PersonalKeyMode    0x016310     0x4  Code  Gb  Task.o [1]
TASK_PersonalKeyModeSet
                        0x016314     0x4  Code  Gb  Task.o [1]
TASK_RunLoBattery       0x015d3d    0x24  Code  Gb  Task.o [1]
TASK_WriteFreq          0x01630c     0x4  Code  Gb  Task.o [1]
TIM1_ARRPreloadConfig   0x016148     0xd  Code  Gb  stm8s_tim1.o [1]
TIM1_CAP_COM_IRQHandler
                        0x016335     0x1  Code  Gb  stm8s_it.o [1]
TIM1_CCxCmd             0x0155c1    0x43  Code  Gb  stm8s_tim1.o [1]
TIM1_ClearITPendingBit  0x016276     0x5  Code  Gb  stm8s_tim1.o [1]
TIM1_Cmd                0x01612e     0xd  Code  Gb  stm8s_tim1.o [1]
TIM1_CtrlPWMOutputs     0x01613b     0xd  Code  Gb  stm8s_tim1.o [1]
TIM1_DeInit             0x013c03    0x99  Code  Gb  stm8s_tim1.o [1]
TIM1_ITConfig           0x016047    0x13  Code  Gb  stm8s_tim1.o [1]
TIM1_OC1Init            0x014c16    0x61  Code  Gb  stm8s_tim1.o [1]
TIM1_OC1PreloadConfig   0x016155     0xd  Code  Gb  stm8s_tim1.o [1]
TIM1_PWM_Init           0x014755    0x6d  Code  Gb  Tone.o [1]
TIM1_SetCounter         0x0161ee     0x9  Code  Gb  stm8s_tim1.o [1]
TIM1_TimeBaseInit       0x015d19    0x24  Code  Gb  stm8s_tim1.o [1]
TIM1_UPD_OVF_TRG_BRK_IRQHandler
                        0x01557e    0x43  Code  Gb  stm8s_it.o [1]
TIM2_CAP_COM_IRQHandler
                        0x016337     0x1  Code  Gb  stm8s_it.o [1]
TIM2_UPD_OVF_BRK_IRQHandler
                        0x016336     0x1  Code  Gb  stm8s_it.o [1]
TIM3_ARRPreloadConfig   0x01616f     0xd  Code  Gb  stm8s_tim3.o [1]
TIM3_CAP_COM_IRQHandler
                        0x016338     0x1  Code  Gb  stm8s_it.o [1]
TIM3_ClearITPendingBit  0x01627b     0x5  Code  Gb  stm8s_tim3.o [1]
TIM3_Cmd                0x016162     0xd  Code  Gb  stm8s_tim3.o [1]
TIM3_ITConfig           0x01605a    0x13  Code  Gb  stm8s_tim3.o [1]
TIM3_PrescalerConfig    0x0161f7     0x9  Code  Gb  stm8s_tim3.o [1]
TIM3_TimeBaseInit       0x0161ae     0xc  Code  Gb  stm8s_tim3.o [1]
TIM3_UPD_OVF_BRK_IRQHandler
                        0x015dc5    0x21  Code  Gb  stm8s_it.o [1]
TIM4_UPD_OVF_IRQHandler
                        0x01633d     0x1  Code  Gb  stm8s_it.o [1]
TLI_IRQHandler          0x01632c     0x1  Code  Gb  stm8s_it.o [1]
TONE_PowerOnInitial     0x0147c2    0x6b  Code  Gb  Tone.o [1]
TONE_Start              0x015c67    0x1d  Code  Gb  Tone.o [1]
TONE_Stop               0x015c5e     0x9  Code  Gb  Tone.o [1]
TRAP_IRQHandler         0x01632b     0x1  Code  Gb  stm8s_it.o [1]
TaskDrvObj              0x001343    0x14  Data  Lc  System.o [1]
TaskDrvobj              0x00138b     0x3  Data  Lc  Task.o [1]
Task_PowerOnInitial     0x015e81    0x1d  Code  Gb  Task.o [1]
Task_RunNormalOperation
                        0x00d114   0x401  Code  Gb  Task.o [1]
Task_RunStart           0x01397e    0xa5  Code  Gb  Task.o [1]
Test1                   0x0013a5     0x1  Data  Gb  ApiGpsCmd.o [1]
TestNum1                0x0013b0     0x1  Data  Gb  ApiKeyboard.o [1]
TestNum10               0x0013b9     0x1  Data  Gb  ApiKeyboard.o [1]
TestNum11               0x0013ba     0x1  Data  Gb  ApiKeyboard.o [1]
TestNum12               0x0013bb     0x1  Data  Gb  ApiKeyboard.o [1]
TestNum2                0x0013b1     0x1  Data  Gb  ApiKeyboard.o [1]
TestNum3                0x0013b2     0x1  Data  Gb  ApiKeyboard.o [1]
TestNum4                0x0013b3     0x1  Data  Gb  ApiKeyboard.o [1]
TestNum5                0x0013b4     0x1  Data  Gb  ApiKeyboard.o [1]
TestNum6                0x0013b5     0x1  Data  Gb  ApiKeyboard.o [1]
TestNum7                0x0013b6     0x1  Data  Gb  ApiKeyboard.o [1]
TestNum8                0x0013b7     0x1  Data  Gb  ApiKeyboard.o [1]
TestNum9                0x0013b8     0x1  Data  Gb  ApiKeyboard.o [1]
Test_PWM_LED            0x013f8f    0x86  Code  Gb  Tone.o [1]
TheMenuLayer_Flag       0x0013ac     0x1  Data  Gb  ApiKeyboard.o [1]
Tim3_Timer_Init         0x015ad4    0x29  Code  Gb  McuConfig.o [1]
TimeCount               0x001390     0x2  Data  Gb  Delay.o [1]
TimeCount3              0x001392     0x2  Data  Gb  Delay.o [1]
ToneDrvObj              0x001369    0x12  Data  Lc  Tone.o [1]
UART1_Cmd               0x01617c     0xd  Code  Gb  stm8s_uart1.o [1]
UART1_DeInit            0x015a27    0x2d  Code  Gb  stm8s_uart1.o [1]
UART1_GetFlagStatus     0x015996    0x32  Code  Gb  stm8s_uart1.o [1]
UART1_GetITStatus       0x013ef4    0x92  Code  Gb  stm8s_uart1.o [1]
UART1_ITConfig          0x0146e8    0x6d  Code  Gb  stm8s_uart1.o [1]
UART1_Init              0x011f36   0x159  Code  Gb  stm8s_uart1.o [1]
UART1_RX_IRQHandler     0x015c38    0x26  Code  Gb  stm8s_it.o [1]
UART1_ReceiveData8      0x0162f4     0x4  Code  Gb  stm8s_uart1.o [1]
UART1_SendData8         0x0162f8     0x4  Code  Gb  stm8s_uart1.o [1]
UART1_TX_IRQHandler     0x016339     0x1  Code  Gb  stm8s_it.o [1]
UART3_Cmd               0x016189     0xd  Code  Gb  stm8s_uart3.o [1]
UART3_DeInit            0x015ccf    0x25  Code  Gb  stm8s_uart3.o [1]
UART3_GetFlagStatus     0x015349    0x49  Code  Gb  stm8s_uart3.o [1]
UART3_GetITStatus       0x013555    0xb6  Code  Gb  stm8s_uart3.o [1]
UART3_ITConfig          0x0140a4    0x8d  Code  Gb  stm8s_uart3.o [1]
UART3_Init              0x01295e   0x12a  Code  Gb  stm8s_uart3.o [1]
UART3_Interrupt         0x01349b    0xba  Code  Gb  uart3.o [1]
UART3_RX_IRQHandler     0x015ed6    0x1b  Code  Gb  stm8s_it.o [1]
UART3_ReceiveData8      0x0162fc     0x4  Code  Gb  stm8s_uart3.o [1]
UART3_SendByte          0x0160b3    0x10  Code  Gb  uart3.o [1]
UART3_SendData8         0x016300     0x4  Code  Gb  stm8s_uart3.o [1]
UART3_TX_IRQHandler     0x01633b     0x1  Code  Gb  stm8s_it.o [1]
UART3_ToMcuMain         0x01482d    0x69  Code  Gb  uart3.o [1]
UART_Delay              0x01607f    0x12  Code  Lc  uart3.o [1]
UART_ErrorAck           0x0151bd    0x16  Code  Lc  uart3.o [1]
UART_GetCheckSum        0x013e5f    0x2e  Code  Lc  uart3.o [1]
UART_KeyCommand         0x014015    0x8f  Code  Lc  uart3.o [1]
UART_Link               0x013e8d    0x67  Code  Lc  uart3.o [1]
UART_PasCommand         0x010fcd   0x1b2  Code  Lc  uart3.o [1]
UART_PocCommand         0x014d91    0x5c  Code  Lc  uart3.o [1]
UART_ReadCommand        0x012f7d    0xe9  Code  Lc  uart3.o [1]
UART_RightAck           0x01467a    0x6e  Code  Lc  uart3.o [1]
UART_RxFrame            0x014ff2    0x52  Code  Lc  uart3.o [1]
UART_TxSend             0x015184    0x39  Code  Lc  uart3.o [1]
UART_WriteCommand       0x012d9f    0xf3  Code  Lc  uart3.o [1]
UNICODE_16_GetData      0x011688   0x185  Code  Gb  GT20L16P1Y.o [3]
Uart1_Init              0x01573d    0x3b  Code  Gb  McuConfig.o [1]
Uart3_Init              0x015778    0x39  Code  Gb  uart3.o [1]
UartDrvObj              0x0011de    0x75  Data  Lc  uart3.o [1]
UnicodeGetPointArrayData32
                        0x015422    0x48  Code  Gb  GT20L16P1Y_D.o [1]
UnicodeValueSearch      0x015c12    0x26  Code  Gb  GT20L16P1Y_D.o [1]
VOICE_1sProcess         0x0160c3     0xf  Code  Gb  Voice.o [1]
VOICE_Play              0x00ed4c   0x24d  Code  Gb  Voice.o [1]
VOICE_Renew             0x014609    0x71  Code  Gb  Voice.o [1]
VOICE_SetOutput         0x015044    0x52  Code  Gb  Voice.o [1]
ValueSearch             0x014d35    0x5c  Code  Gb  GT20L16P1Y_D.o [1]
VerifyData              0x008080  0x1b00  Data  Gb  GT20L16P1Y_D.o [1]
VoiceDrvObj             0x001381     0x6  Data  Lc  Voice.o [1]
VoiceType_FreehandOrHandset_Flag
                        0x0013af     0x1  Data  Gb  ApiKeyboard.o [1]
WRITE_TABLE             0x00a9ce     0x4  Data  Lc  uart3.o [1]
WW_GetData              0x00de48   0x2cd  Code  Gb  GT20L16P1Y.o [3]
WriteEEPROMByte         0x015687    0x3e  Code  Gb  Flash_eeprom.o [1]
WriteFreq_Flag          0x0013d4     0x1  Data  Gb  uart3.o [1]
__DebugBreak            0x01633f     0x1  Code  Gb  __dbg_break.o [4]
__exit                  0x015fe2    0x16  Code  Gb  __dbg_xxexit.o [4]
__iar_copy_init2        0x015b75          Code  Gb  init_small.o [5]
__iar_data_init2        0x015e45    0x1e  Code  Gb  init.o [5]
__iar_program_start     0x015f9e          Code  Gb  cstartup.o [5]
__iar_unhandled_exception
                        0x016327          Code  Gb  unhandled_exception.o [5]
__iar_zero_init2        0x015e63          Code  Gb  init_small.o [5]
__intvec                0x008000          Data  Gb  interrupt.o [5]
__low_level_init        0x016324     0x3  Code  Gb  low_level_init.o [5]
_exit                   0x01625c          Code  Gb  cexit.o [5]
_interrupt_1            0x01632b          Code  Gb  stm8s_it.o [1]
_interrupt_12           0x016334          Code  Gb  stm8s_it.o [1]
_interrupt_13           0x01557e          Code  Gb  stm8s_it.o [1]
_interrupt_14           0x016335          Code  Gb  stm8s_it.o [1]
_interrupt_15           0x016336          Code  Gb  stm8s_it.o [1]
_interrupt_16           0x016337          Code  Gb  stm8s_it.o [1]
_interrupt_17           0x015dc5          Code  Gb  stm8s_it.o [1]
_interrupt_18           0x016338          Code  Gb  stm8s_it.o [1]
_interrupt_19           0x016339          Code  Gb  stm8s_it.o [1]
_interrupt_2            0x01632c          Code  Gb  stm8s_it.o [1]
_interrupt_20           0x015c38          Code  Gb  stm8s_it.o [1]
_interrupt_21           0x01633a          Code  Gb  stm8s_it.o [1]
_interrupt_22           0x01633b          Code  Gb  stm8s_it.o [1]
_interrupt_23           0x015ed6          Code  Gb  stm8s_it.o [1]
_interrupt_24           0x01633c          Code  Gb  stm8s_it.o [1]
_interrupt_25           0x01633d          Code  Gb  stm8s_it.o [1]
_interrupt_26           0x01633e          Code  Gb  stm8s_it.o [1]
_interrupt_3            0x01632d          Code  Gb  stm8s_it.o [1]
_interrupt_4            0x01632e          Code  Gb  stm8s_it.o [1]
_interrupt_5            0x01632f          Code  Gb  stm8s_it.o [1]
_interrupt_6            0x016330          Code  Gb  stm8s_it.o [1]
_interrupt_7            0x016331          Code  Gb  stm8s_it.o [1]
_interrupt_8            0x016332          Code  Gb  stm8s_it.o [1]
_interrupt_9            0x016333          Code  Gb  stm8s_it.o [1]
api_diap_ico_pos_get    0x014b54    0x61  Code  Gb  ApiDisplay.o [1]
api_disp_all_screen_refresh
                        0x0150e6    0x4f  Code  Gb  ApiDisplay.o [1]
api_disp_char_output    0x00d603    0x17  Code  Gb  ApiDisplay.o [1]
api_disp_char_output2   0x015f87    0x17  Code  Gb  ApiDisplay.o [1]
api_disp_ico_output     0x013772    0xb0  Code  Gb  ApiDisplay.o [1]
api_disp_icoid_output   0x013c9c    0x97  Code  Gb  ApiDisplay.o [1]
api_lcd_pwr_on_hint     0x00d61a    0x31  Code  Gb  ApiDisplay.o [1]
api_lcd_pwr_on_hint4    0x00d515    0x2e  Code  Gb  ApiDisplay.o [1]
api_poc_command_get     0x0138d1    0xad  Code  Lc  uart3.o [1]
api_poc_command_set     0x01314b    0xdf  Code  Lc  uart3.o [1]
beidou_latitude_degree  0x016217     0x7  Code  Gb  ApiBeidou.o [1]
beidou_latitude_minute  0x01621e     0x7  Code  Gb  ApiBeidou.o [1]
beidou_latitude_second  0x016225     0x7  Code  Gb  ApiBeidou.o [1]
beidou_longitude_degree
                        0x016209     0x7  Code  Gb  ApiBeidou.o [1]
beidou_longitude_minute
                        0x016210     0x7  Code  Gb  ApiBeidou.o [1]
beidou_valid            0x016288     0x4  Code  Gb  ApiBeidou.o [1]
delay_gps_value_for_display_flag2
                        0x0162e4     0x4  Code  Gb  Delay.o [1]
dp_abell                0x000028     0x2  Data  Gb  ApiDisplay.o [1]
dp_account_config       0x000030     0x2  Data  Gb  ApiDisplay.o [1]
dp_backlight            0x000046     0x2  Data  Gb  ApiDisplay.o [1]
dp_backlight_time       0x00003a     0x2  Data  Gb  ApiDisplay.o [1]
dp_close                0x00004a     0x2  Data  Gb  ApiDisplay.o [1]
dp_gps_information      0x000038     0x2  Data  Gb  ApiDisplay.o [1]
dp_group_select         0x000036     0x2  Data  Gb  ApiDisplay.o [1]
dp_individual_call      0x00004c     0x2  Data  Gb  ApiDisplay.o [1]
dp_keypad_lock          0x000048     0x2  Data  Gb  ApiDisplay.o [1]
dp_keypad_lock_time     0x00003c     0x2  Data  Gb  ApiDisplay.o [1]
dp_latitude0            0x000042     0x2  Data  Gb  ApiDisplay.o [1]
dp_longitude0           0x000044     0x2  Data  Gb  ApiDisplay.o [1]
dp_menu                 0x000034     0x2  Data  Gb  ApiDisplay.o [1]
dp_network_search       0x00002e     0x2  Data  Gb  ApiDisplay.o [1]
dp_no_sim_card          0x00002c     0x2  Data  Gb  ApiDisplay.o [1]
dp_personal_mode        0x00002a     0x2  Data  Gb  ApiDisplay.o [1]
dp_please_charge        0x000032     0x2  Data  Gb  ApiDisplay.o [1]
dp_press_ok_then_well   0x000050     0x2  Data  Gb  ApiDisplay.o [1]
dp_press_well           0x000040     0x2  Data  Gb  ApiDisplay.o [1]
dp_software_version     0x00003e     0x2  Data  Gb  ApiDisplay.o [1]
dp_status_offline       0x000052     0x2  Data  Gb  ApiDisplay.o [1]
dp_version              0x00004e     0x2  Data  Gb  ApiDisplay.o [1]
drv_gt20_data_output    0x01282a   0x134  Code  Gb  DrvGT20L16S1Y.o [1]
drv_gt20_data_output2   0x0125bb   0x13b  Code  Gb  DrvGT20L16S1Y.o [1]
drv_gt20_pwr_on_init    0x01581d     0x4  Code  Gb  DrvGT20L16S1Y.o [1]
drv_htg_clr_allscr      0x00e795    0x35  Code  Gb  DrvHTG12832.o [1]
drv_htg_pwr_on_init     0x00e8a2     0xc  Code  Gb  DrvHTG12832.o [1]
drv_htg_reset           0x00e65c     0x5  Code  Gb  DrvHTG12832.o [1]
drv_htg_set_address     0x00e6db    0x40  Code  Gb  DrvHTG12832.o [1]
drv_htg_write_command   0x00e661    0x7a  Code  Gb  DrvHTG12832.o [1]
drv_htg_write_data      0x00e71b    0x7a  Code  Gb  DrvHTG12832.o [1]
drv_keypad_scan         0x01022c   0x211  Code  Gb  DrvKeyboard.o [1]
exit                    0x016320     0x4  Code  Gb  exit.o [5]
find_zf_tab             0x01546a    0x47  Code  Gb  GT20L16P1Y.o [3]
get_current_working_status
                        0x0162cc     0x4  Code  Gb  ApiPocCmd.o [1]
get_key_value           0x013066    0xe5  Code  Gb  ApiKeyboard.o [1]
get_screen_display_group_name
                        0x015de6    0x20  Code  Gb  ApiPocCmd.o [1]
htg_delay_ms            0x00e7ca    0x1e  Code  Lc  DrvHTG12832.o [1]
htg_initial             0x00e7e8    0x6c  Code  Lc  DrvHTG12832.o [1]
j                       0x0013d3     0x1  Data  Gb  Tone.o [1]
key_scan_board          0x01247c   0x13f  Code  Gb  DrvKeyboard.o [1]
key_top_option          0x0013ce     0x1  Data  Gb  Task.o [1]
key_top_value           0x0013a4     0x1  Data  Gb  ApiGpsCmd.o [1]
main                    0x015bc4    0x27  Code  Gb  main.o [1]
main_app                0x015604    0x43  Code  Gb  System.o [1]
main_init               0x012a88   0x11a  Code  Gb  System.o [1]
mcu_gt20_initial        0x0157e9    0x34  Code  Lc  DrvGT20L16S1Y.o [1]
mcu_key_pad_out         0x013dc9    0x96  Code  Gb  DrvKeyboard.o [1]
mcu_key_pad_read        0x014525    0x72  Code  Gb  DrvKeyboard.o [1]
mcu_key_pad_set         0x012334   0x148  Code  Gb  DrvKeyboard.o [1]
mcu_lcd_initial         0x00e854    0x4e  Code  Lc  DrvHTG12832.o [1]
memcmp                  0x01588d    0x36  Code  Gb  memcmp.o [5]
memcpy                  0x015c84    0x26  Code  Gb  memcpy.o [5]
memset                  0x015fb5    0x17  Code  Gb  memset.o [5]
no_online_user          0x015ff8    0x15  Code  Lc  ApiPocCmd.o [1]
pack_data               0x011c75   0x165  Code  Lc  ApiGpsCmd.o [1]
poc_first_enter_into_group_flag
                        0x0162dc     0x4  Code  Gb  ApiPocCmd.o [1]
poc_gps_value_for_display_flag
                        0x0162e0     0x4  Code  Gb  ApiPocCmd.o [1]
poc_latitude_float      0x016241     0x7  Code  Gb  ApiPocCmd.o [1]
poc_latitude_integer    0x01623a     0x7  Code  Gb  ApiPocCmd.o [1]
poc_longitude_float     0x016233     0x7  Code  Gb  ApiPocCmd.o [1]
poc_longitude_integer   0x01622c     0x7  Code  Gb  ApiPocCmd.o [1]
poc_receive_sos_statas  0x0162d4     0x4  Code  Gb  ApiPocCmd.o [1]
poccmd_states_poc_status
                        0x0162d0     0x4  Code  Gb  ApiPocCmd.o [1]
r_dat_bat               0x014962    0x64  Code  Gb  ApiDisplay.o [1]
read_backlight_time_value
                        0x0162e8     0x4  Code  Gb  Delay.o [1]
read_key_lock_time_value
                        0x0162ec     0x4  Code  Gb  Delay.o [1]
set_ApiAtCmd_bZTTSStates
                        0x015afd    0x28  Code  Gb  ApiAtCmd.o [1]
set_ApiAtCmd_bZTTSStates_Intermediate
                        0x015b25    0x28  Code  Gb  ApiAtCmd.o [1]
set_poc_receive_sos_statas
                        0x0162d8     0x4  Code  Gb  ApiPocCmd.o [1]
strlen                  0x016091    0x12  Code  Gb  strlen.o [5]
task_status_account_config
                        0x016318     0x4  Code  Gb  Task.o [1]
tone_count              0x0013c8     0x1  Data  Gb  stm8s_it.o [1]
ucABELL                 0x000083     0x2  Data  Gb  Voice.o [1]
ucAlarm1                0x00006d     0x2  Data  Gb  ApiPocCmd.o [1]
ucAlarm2                0x00006f     0x2  Data  Gb  ApiPocCmd.o [1]
ucAtPocHead             0x00005d     0x2  Data  Gb  ApiPocCmd.o [1]
ucCODECCTL              0x00007d     0x2  Data  Gb  Task.o [1]
ucCODECCTL1             0x000055     0x2  Data  Gb  ApiKeyboard.o [1]
ucCODECCTL2             0x000057     0x2  Data  Gb  ApiKeyboard.o [1]
ucEightyPercentPower    0x000097     0x2  Data  Gb  Voice.o [1]
ucEndPTT                0x000065     0x2  Data  Gb  ApiPocCmd.o [1]
ucFivePercentPower      0x00008f     0x2  Data  Gb  Voice.o [1]
ucFortyPercentPower     0x000093     0x2  Data  Gb  Voice.o [1]
ucGroupListInfo         0x000067     0x2  Data  Gb  ApiPocCmd.o [1]
ucGroupMode             0x00009b     0x2  Data  Gb  Voice.o [1]
ucGroupSelected         0x000085     0x2  Data  Gb  Voice.o [1]
ucHandfreeMode          0x00009f     0x2  Data  Gb  Voice.o [1]
ucHandsetMode           0x00009d     0x2  Data  Gb  Voice.o [1]
ucLoggingIn             0x0000a3     0x2  Data  Gb  Voice.o [1]
ucLowBattery            0x00008d     0x2  Data  Gb  Voice.o [1]
ucNetworkSearching      0x000089     0x2  Data  Gb  Voice.o [1]
ucNoOnlineUser          0x0000a1     0x2  Data  Gb  Voice.o [1]
ucNoSimCard             0x000087     0x2  Data  Gb  Voice.o [1]
ucOneHundredPercentPower
                        0x000099     0x2  Data  Gb  Voice.o [1]
ucPersonalMode          0x000081     0x2  Data  Gb  Voice.o [1]
ucPocOpenConfig         0x000061     0x2  Data  Gb  ApiPocCmd.o [1]
ucPowerLowPleaseCharge  0x00008b     0x2  Data  Gb  Voice.o [1]
ucRXFILTER              0x00007f     0x2  Data  Gb  Task.o [1]
ucRxCIMI                0x00001c     0x2  Data  Gb  ApiAtCmd.o [1]
ucRxCMEERROR            0x00001e     0x2  Data  Gb  ApiAtCmd.o [1]
ucRxCSQ                 0x000022     0x2  Data  Gb  ApiAtCmd.o [1]
ucRxOkHeadInfo          0x000077     0x2  Data  Gb  DrvGD83.o [1]
ucRxPASTATE1            0x000024     0x2  Data  Gb  ApiAtCmd.o [1]
ucRxPocHeadInfo         0x000075     0x2  Data  Gb  DrvGD83.o [1]
ucRxTcpDataHeadInfo     0x000079     0x2  Data  Gb  DrvGD83.o [1]
ucRxZIND                0x00001a     0x2  Data  Gb  ApiAtCmd.o [1]
ucRxZPPPSTATUS          0x000020     0x2  Data  Gb  ApiAtCmd.o [1]
ucRxZTTS0               0x000026     0x2  Data  Gb  ApiAtCmd.o [1]
ucSetGPS                0x00006b     0x2  Data  Gb  ApiPocCmd.o [1]
ucSetIPAndID            0x00005f     0x2  Data  Gb  ApiPocCmd.o [1]
ucSetLanguage           0x00007b     0x2  Data  Gb  Task.o [1]
ucSetURL                0x000071     0x2  Data  Gb  ApiPocCmd.o [1]
ucSixtyPercentPower     0x000095     0x2  Data  Gb  Voice.o [1]
ucStartPTT              0x000063     0x2  Data  Gb  ApiPocCmd.o [1]
ucTwentyPercentPower    0x000091     0x2  Data  Gb  Voice.o [1]
ucTxCIMI                0x000010     0x2  Data  Gb  ApiAtCmd.o [1]
ucTxCSQ                 0x000014     0x2  Data  Gb  ApiAtCmd.o [1]
ucTxPlayZtts            0x000016     0x2  Data  Gb  ApiAtCmd.o [1]
ucTxPocHeadInfo         0x000073     0x2  Data  Gb  DrvGD83.o [1]
ucTxReset               0x000018     0x2  Data  Gb  ApiAtCmd.o [1]
ucTxZPPPOPEN            0x000012     0x2  Data  Gb  ApiAtCmd.o [1]
ucUserListInfo          0x000069     0x2  Data  Gb  ApiPocCmd.o [1]


[1] = E:\1-source\4-A508_WCDMA_CORGET_CHINESE\PRJ\Debug\Obj
[2] = command line
[3] = GT20L16_STM8_DOUBLE_MEDIUM_IAR.a
[4] = dbgstm8mmd.a
[5] = dlstm8mmn.a

  43 259 bytes of readonly  code memory
  10 718 bytes of readonly  data memory
   5 333 bytes of readwrite data memory

Errors: none
Warnings: none
